Component: ARM Compiler 5.06 update 4 (build 422) Tool: armlink [4d35d2]

==============================================================================

Section Cross References

    stm32f4xx_it.o(i.SysTick_Handler) refers to cmsis_os.o(i.osSystickHandler) for osSystickHandler
    stm32f4xx_it.o(i.TIM1_UP_TIM10_IRQHandler) refers to stm32f4xx_hal_tim.o(i.HAL_TIM_IRQHandler) for HAL_TIM_IRQHandler
    stm32f4xx_it.o(i.TIM1_UP_TIM10_IRQHandler) refers to stm32f4xx_hal_timebase_tim.o(.bss) for htim1
    stm32f4xx_hal_msp.o(i.HAL_MspInit) refers to stm32f4xx_hal_cortex.o(i.HAL_NVIC_SetPriorityGrouping) for HAL_NVIC_SetPriorityGrouping
    stm32f4xx_hal_msp.o(i.HAL_MspInit) refers to stm32f4xx_hal_cortex.o(i.HAL_NVIC_SetPriority) for HAL_NVIC_SetPriority
    main.o(i.HAL_TIM_PeriodElapsedCallback) refers to stm32f4xx_hal.o(i.HAL_IncTick) for HAL_IncTick
    main.o(i.LED_Blink) refers to stm32f429i_discovery.o(i.BSP_LED_Toggle) for BSP_LED_Toggle
    main.o(i.LED_Blink) refers to cmsis_os.o(i.osDelay) for osDelay
    main.o(i.LED_Toggle) refers to cmsis_os.o(i.osThreadSuspend) for osThreadSuspend
    main.o(i.LED_Toggle) refers to stm32f429i_discovery.o(i.BSP_LED_Toggle) for BSP_LED_Toggle
    main.o(i.MX_GPIO_Init) refers to stm32f4xx_hal_gpio.o(i.HAL_GPIO_Init) for HAL_GPIO_Init
    main.o(i.MX_GPIO_Init) refers to stm32f4xx_hal_gpio.o(i.HAL_GPIO_WritePin) for HAL_GPIO_WritePin
    main.o(i.SCREEN_Toggle) refers to cmsis_os.o(i.osThreadSuspend) for osThreadSuspend
    main.o(i.SCREEN_Toggle) refers to stm32f429i_discovery_lcd.o(i.BSP_LCD_Clear) for BSP_LCD_Clear
    main.o(i.SCREEN_Toggle) refers to stm32f429i_discovery_lcd.o(i.BSP_LCD_SetBackColor) for BSP_LCD_SetBackColor
    main.o(i.SCREEN_Toggle) refers to stm32f429i_discovery_lcd.o(i.BSP_LCD_SetTextColor) for BSP_LCD_SetTextColor
    main.o(i.SCREEN_Toggle) refers to stm32f429i_discovery_lcd.o(i.BSP_LCD_DisplayStringAt) for BSP_LCD_DisplayStringAt
    main.o(i.SCREEN_Toggle) refers to stm32f429i_discovery_lcd.o(i.BSP_LCD_DrawCircle) for BSP_LCD_DrawCircle
    main.o(i.SCREEN_Toggle) refers to stm32f429i_discovery_lcd.o(i.BSP_LCD_FillCircle) for BSP_LCD_FillCircle
    main.o(i.SCREEN_Toggle) refers to cmsis_os.o(i.osThreadResume) for osThreadResume
    main.o(i.SCREEN_Toggle) refers to main.o(.data) for .data
    main.o(i.StartDefaultTask) refers to cmsis_os.o(i.osDelay) for osDelay
    main.o(i.SystemClock_Config) refers to stm32f4xx_hal_rcc.o(i.HAL_RCC_OscConfig) for HAL_RCC_OscConfig
    main.o(i.SystemClock_Config) refers to stm32f4xx_hal_pwr_ex.o(i.HAL_PWREx_EnableOverDrive) for HAL_PWREx_EnableOverDrive
    main.o(i.SystemClock_Config) refers to stm32f4xx_hal_rcc.o(i.HAL_RCC_ClockConfig) for HAL_RCC_ClockConfig
    main.o(i.SystemClock_Config) refers to stm32f4xx_hal_rcc.o(i.HAL_RCC_GetHCLKFreq) for HAL_RCC_GetHCLKFreq
    main.o(i.SystemClock_Config) refers to stm32f4xx_hal_cortex.o(i.HAL_SYSTICK_Config) for HAL_SYSTICK_Config
    main.o(i.SystemClock_Config) refers to stm32f4xx_hal_cortex.o(i.HAL_SYSTICK_CLKSourceConfig) for HAL_SYSTICK_CLKSourceConfig
    main.o(i.SystemClock_Config) refers to stm32f4xx_hal_cortex.o(i.HAL_NVIC_SetPriority) for HAL_NVIC_SetPriority
    main.o(i.TOUCH_Detect) refers to stm32f429i_discovery_ts.o(i.BSP_TS_GetState) for BSP_TS_GetState
    main.o(i.TOUCH_Detect) refers to cmsis_os.o(i.osThreadResume) for osThreadResume
    main.o(i.TOUCH_Detect) refers to cmsis_os.o(i.osThreadSuspend) for osThreadSuspend
    main.o(i.TOUCH_Detect) refers to cmsis_os.o(i.osDelay) for osDelay
    main.o(i.TOUCH_Detect) refers to main.o(.data) for .data
    main.o(i.main) refers to stm32f4xx_hal.o(i.HAL_Init) for HAL_Init
    main.o(i.main) refers to main.o(i.SystemClock_Config) for SystemClock_Config
    main.o(i.main) refers to main.o(i.MX_GPIO_Init) for MX_GPIO_Init
    main.o(i.main) refers to stm32f429i_discovery.o(i.BSP_LED_Init) for BSP_LED_Init
    main.o(i.main) refers to stm32f429i_discovery_lcd.o(i.BSP_LCD_Init) for BSP_LCD_Init
    main.o(i.main) refers to stm32f429i_discovery_ts.o(i.BSP_TS_Init) for BSP_TS_Init
    main.o(i.main) refers to stm32f429i_discovery_lcd.o(i.BSP_LCD_LayerDefaultInit) for BSP_LCD_LayerDefaultInit
    main.o(i.main) refers to stm32f429i_discovery_lcd.o(i.BSP_LCD_SelectLayer) for BSP_LCD_SelectLayer
    main.o(i.main) refers to stm32f429i_discovery_lcd.o(i.BSP_LCD_DisplayOn) for BSP_LCD_DisplayOn
    main.o(i.main) refers to stm32f429i_discovery_lcd.o(i.BSP_LCD_Clear) for BSP_LCD_Clear
    main.o(i.main) refers to stm32f429i_discovery_lcd.o(i.BSP_LCD_SetBackColor) for BSP_LCD_SetBackColor
    main.o(i.main) refers to stm32f429i_discovery_lcd.o(i.BSP_LCD_SetTextColor) for BSP_LCD_SetTextColor
    main.o(i.main) refers to stm32f429i_discovery_lcd.o(i.BSP_LCD_DisplayStringAt) for BSP_LCD_DisplayStringAt
    main.o(i.main) refers to stm32f429i_discovery_lcd.o(i.BSP_LCD_DrawCircle) for BSP_LCD_DrawCircle
    main.o(i.main) refers to stm32f429i_discovery_lcd.o(i.BSP_LCD_FillCircle) for BSP_LCD_FillCircle
[...]
    i.HAL_IncTick                            0x080017e0   Section        0  stm32f4xx_hal.o(i.HAL_IncTick)
    i.HAL_Init                               0x080017f0   Section        0  stm32f4xx_hal.o(i.HAL_Init)
    i.HAL_InitTick                           0x08001824   Section        0  stm32f4xx_hal_timebase_tim.o(i.HAL_InitTick)
    i.HAL_LTDC_ConfigLayer                   0x08001898   Section        0  stm32f4xx_hal_ltdc.o(i.HAL_LTDC_ConfigLayer)
    i.HAL_LTDC_EnableDither                  0x080018ec   Section        0  stm32f4xx_hal_ltdc.o(i.HAL_LTDC_EnableDither)
    i.HAL_LTDC_Init                          0x0800191c   Section        0  stm32f4xx_hal_ltdc.o(i.HAL_LTDC_Init)
    i.HAL_LTDC_MspInit                       0x08001a18   Section        0  stm32f4xx_hal_ltdc.o(i.HAL_LTDC_MspInit)
    i.HAL_MspInit                            0x08001a1a   Section        0  stm32f4xx_hal_msp.o(i.HAL_MspInit)
    i.HAL_NVIC_EnableIRQ                     0x08001a72   Section        0  stm32f4xx_hal_cortex.o(i.HAL_NVIC_EnableIRQ)
    i.HAL_NVIC_SetPriority                   0x08001a88   Section        0  stm32f4xx_hal_cortex.o(i.HAL_NVIC_SetPriority)
    i.HAL_NVIC_SetPriorityGrouping           0x08001ac8   Section        0  stm32f4xx_hal_cortex.o(i.HAL_NVIC_SetPriorityGrouping)
    i.HAL_PWREx_EnableOverDrive              0x08001aec   Section        0  stm32f4xx_hal_pwr_ex.o(i.HAL_PWREx_EnableOverDrive)
    i.HAL_RCCEx_PeriphCLKConfig              0x08001b78   Section        0  stm32f4xx_hal_rcc_ex.o(i.HAL_RCCEx_PeriphCLKConfig)
    i.HAL_RCC_ClockConfig                    0x08001e30   Section        0  stm32f4xx_hal_rcc.o(i.HAL_RCC_ClockConfig)
    i.HAL_RCC_GetClockConfig                 0x08001fac   Section        0  stm32f4xx_hal_rcc.o(i.HAL_RCC_GetClockConfig)
    i.HAL_RCC_GetHCLKFreq                    0x08001fec   Section        0  stm32f4xx_hal_rcc.o(i.HAL_RCC_GetHCLKFreq)
    i.HAL_RCC_GetPCLK1Freq                   0x08001ff8   Section        0  stm32f4xx_hal_rcc.o(i.HAL_RCC_GetPCLK1Freq)
    i.HAL_RCC_GetPCLK2Freq                   0x08002028   Section        0  stm32f4xx_hal_rcc.o(i.HAL_RCC_GetPCLK2Freq)
    i.HAL_RCC_GetSysClockFreq                0x08002058   Section        0  stm32f4xx_hal_rcc.o(i.HAL_RCC_GetSysClockFreq)
    i.HAL_RCC_OscConfig                      0x080020c8   Section        0  stm32f4xx_hal_rcc.o(i.HAL_RCC_OscConfig)
    i.HAL_SDRAM_Init                         0x080023dc   Section        0  stm32f4xx_hal_sdram.o(i.HAL_SDRAM_Init)
    i.HAL_SDRAM_MspInit                      0x0800241e   Section        0  stm32f4xx_hal_sdram.o(i.HAL_SDRAM_MspInit)
    i.HAL_SDRAM_ProgramRefreshRate           0x08002420   Section        0  stm32f4xx_hal_sdram.o(i.HAL_SDRAM_ProgramRefreshRate)
    i.HAL_SDRAM_SendCommand                  0x08002444   Section        0  stm32f4xx_hal_sdram.o(i.HAL_SDRAM_SendCommand)
    i.HAL_SPI_DeInit                         0x08002474   Section        0  stm32f4xx_hal_spi.o(i.HAL_SPI_DeInit)
    i.HAL_SPI_GetState                       0x080024a2   Section        0  stm32f4xx_hal_spi.o(i.HAL_SPI_GetState)
    i.HAL_SPI_Init                           0x080024a8   Section        0  stm32f4xx_hal_spi.o(i.HAL_SPI_Init)
    i.HAL_SPI_MspDeInit                      0x08002528   Section        0  stm32f4xx_hal_spi.o(i.HAL_SPI_MspDeInit)
    i.HAL_SPI_MspInit                        0x0800252a   Section        0  stm32f4xx_hal_spi.o(i.HAL_SPI_MspInit)
    i.HAL_SPI_Receive                        0x0800252c   Section        0  stm32f4xx_hal_spi.o(i.HAL_SPI_Receive)
    i.HAL_SPI_Transmit                       0x0800267c   Section        0  stm32f4xx_hal_spi.o(i.HAL_SPI_Transmit)
    i.HAL_SPI_TransmitReceive                0x080027e4   Section        0  stm32f4xx_hal_spi.o(i.HAL_SPI_TransmitReceive)
    i.HAL_SYSTICK_CLKSourceConfig            0x080029bc   Section        0  stm32f4xx_hal_cortex.o(i.HAL_SYSTICK_CLKSourceConfig)
    i.HAL_SYSTICK_Config                     0x080029d4   Section        0  stm32f4xx_hal_cortex.o(i.HAL_SYSTICK_Config)
    i.HAL_TIMEx_BreakCallback                0x080029fc   Section        0  stm32f4xx_hal_tim_ex.o(i.HAL_TIMEx_BreakCallback)
    i.HAL_TIMEx_CommutationCallback          0x080029fe   Section        0  stm32f4xx_hal_tim_ex.o(i.HAL_TIMEx_CommutationCallback)
    i.HAL_TIM_Base_Init                      0x08002a00   Section        0  stm32f4xx_hal_tim.o(i.HAL_TIM_Base_Init)
    i.HAL_TIM_Base_MspInit                   0x08002a36   Section        0  stm32f4xx_hal_tim.o(i.HAL_TIM_Base_MspInit)
    i.HAL_TIM_Base_Start_IT                  0x08002a38   Section        0  stm32f4xx_hal_tim.o(i.HAL_TIM_Base_Start_IT)
    i.HAL_TIM_IC_CaptureCallback             0x08002a50   Section        0  stm32f4xx_hal_tim.o(i.HAL_TIM_IC_CaptureCallback)
    i.HAL_TIM_IRQHandler                     0x08002a52   Section        0  stm32f4xx_hal_tim.o(i.HAL_TIM_IRQHandler)
    i.HAL_TIM_OC_DelayElapsedCallback        0x08002bb8   Section        0  stm32f4xx_hal_tim.o(i.HAL_TIM_OC_DelayElapsedCallback)
    i.HAL_TIM_PWM_PulseFinishedCallback      0x08002bba   Section        0  stm32f4xx_hal_tim.o(i.HAL_TIM_PWM_PulseFinishedCallback)
    i.HAL_TIM_PeriodElapsedCallback          0x08002bbc   Section        0  main.o(i.HAL_TIM_PeriodElapsedCallback)
    i.HAL_TIM_TriggerCallback                0x08002bd0   Section        0  stm32f4xx_hal_tim.o(i.HAL_TIM_TriggerCallback)
    i.I2C_IsAcknowledgeFailed                0x08002bd2   Section        0  stm32f4xx_hal_i2c.o(i.I2C_IsAcknowledgeFailed)
    I2C_IsAcknowledgeFailed                  0x08002bd3   Thumb Code    40  stm32f4xx_hal_i2c.o(i.I2C_IsAcknowledgeFailed)
    i.I2C_RequestMemoryRead                  0x08002bfa   Section        0  stm32f4xx_hal_i2c.o(i.I2C_RequestMemoryRead)
    I2C_RequestMemoryRead                    0x08002bfb   Thumb Code   240  stm32f4xx_hal_i2c.o(i.I2C_RequestMemoryRead)
    i.I2C_RequestMemoryWrite                 0x08002cec   Section        0  stm32f4xx_hal_i2c.o(i.I2C_RequestMemoryWrite)
    I2C_RequestMemoryWrite                   0x08002ced   Thumb Code   156  stm32f4xx_hal_i2c.o(i.I2C_RequestMemoryWrite)
    i.I2C_WaitOnBTFFlagUntilTimeout          0x08002d8c   Section        0  stm32f4xx_hal_i2c.o(i.I2C_WaitOnBTFFlagUntilTimeout)
    I2C_WaitOnBTFFlagUntilTimeout            0x08002d8d   Thumb Code    78  stm32f4xx_hal_i2c.o(i.I2C_WaitOnBTFFlagUntilTimeout)
    i.I2C_WaitOnFlagUntilTimeout             0x08002dda   Section        0  stm32f4xx_hal_i2c.o(i.I2C_WaitOnFlagUntilTimeout)
    I2C_WaitOnFlagUntilTimeout               0x08002ddb   Thumb Code    96  stm32f4xx_hal_i2c.o(i.I2C_WaitOnFlagUntilTimeout)
    i.I2C_WaitOnMasterAddressFlagUntilTimeout 0x08002e3c   Section        0  stm32f4xx_hal_i2c.o(i.I2C_WaitOnMasterAddressFlagUntilTimeout)
    I2C_WaitOnMasterAddressFlagUntilTimeout  0x08002e3d   Thumb Code   136  stm32f4xx_hal_i2c.o(i.I2C_WaitOnMasterAddressFlagUntilTimeout)
    i.I2C_WaitOnRXNEFlagUntilTimeout         0x08002ec4   Section        0  stm32f4xx_hal_i2c.o(i.I2C_WaitOnRXNEFlagUntilTimeout)
    I2C_WaitOnRXNEFlagUntilTimeout           0x08002ec5   Thumb Code    98  stm32f4xx_hal_i2c.o(i.I2C_WaitOnRXNEFlagUntilTimeout)
    i.I2C_WaitOnTXEFlagUntilTimeout          0x08002f26   Section        0  stm32f4xx_hal_i2c.o(i.I2C_WaitOnTXEFlagUntilTimeout)
    I2C_WaitOnTXEFlagUntilTimeout            0x08002f27   Thumb Code    78  stm32f4xx_hal_i2c.o(i.I2C_WaitOnTXEFlagUntilTimeout)
    i.I2Cx_Error                             0x08002f74   Section        0  stm32f429i_discovery.o(i.I2Cx_Error)
    I2Cx_Error                               0x08002f75   Thumb Code    16  stm32f429i_discovery.o(i.I2Cx_Error)
    i.I2Cx_Init                              0x08002f88   Section        0  stm32f429i_discovery.o(i.I2Cx_Init)
    I2Cx_Init                                0x08002f89   Thumb Code    58  stm32f429i_discovery.o(i.I2Cx_Init)
    i.I2Cx_MspInit                           0x08002fd0   Section        0  stm32f429i_discovery.o(i.I2Cx_MspInit)
    I2Cx_MspInit                             0x08002fd1   Thumb Code   166  stm32f429i_discovery.o(i.I2Cx_MspInit)
    i.IOE_Delay                              0x08003088   Section        0  stm32f429i_discovery.o(i.IOE_Delay)
    i.IOE_ITConfig                           0x0800308c   Section        0  stm32f429i_discovery.o(i.IOE_ITConfig)
    i.IOE_Init                               0x080030dc   Section        0  stm32f429i_discovery.o(i.IOE_Init)
    i.IOE_Read                               0x080030e0   Section        0  stm32f429i_discovery.o(i.IOE_Read)
    i.IOE_ReadMultiple                       0x08003114   Section        0  stm32f429i_discovery.o(i.IOE_ReadMultiple)
    i.IOE_Write                              0x08003144   Section        0  stm32f429i_discovery.o(i.IOE_Write)
    i.LCD_Delay                              0x08003174   Section        0  stm32f429i_discovery.o(i.LCD_Delay)
    i.LCD_IO_Init                            0x08003178   Section        0  stm32f429i_discovery.o(i.LCD_IO_Init)
    i.LCD_IO_ReadData                        0x08003220   Section        0  stm32f429i_discovery.o(i.LCD_IO_ReadData)
    i.LCD_IO_WriteData                       0x0800328c   Section        0  stm32f429i_discovery.o(i.LCD_IO_WriteData)
    i.LCD_IO_WriteReg                        0x080032c4   Section        0  stm32f429i_discovery.o(i.LCD_IO_WriteReg)
    i.LED_Blink                              0x080032fc   Section        0  main.o(i.LED_Blink)
    i.LED_Toggle                             0x0800330e   Section        0  main.o(i.LED_Toggle)
    i.LTDC_SetConfig                         0x0800331c   Section        0  stm32f4xx_hal_ltdc.o(i.LTDC_SetConfig)
    LTDC_SetConfig                           0x0800331d   Thumb Code   354  stm32f4xx_hal_ltdc.o(i.LTDC_SetConfig)
    i.MX_GPIO_Init                           0x08003480   Section        0  main.o(i.MX_GPIO_Init)
    MX_GPIO_Init                             0x08003481   Thumb Code   770  main.o(i.MX_GPIO_Init)
    i.MspInit                                0x080037a8   Section        0  stm32f429i_discovery_lcd.o(i.MspInit)
    MspInit                                  0x080037a9   Thumb Code   270  stm32f429i_discovery_lcd.o(i.MspInit)
    i.MspInit                                0x080038d4   Section        0  stm32f429i_discovery_sdram.o(i.MspInit)
    MspInit                                  0x080038d5   Thumb Code   316  stm32f429i_discovery_sdram.o(i.MspInit)
    i.NVIC_SetPriority                       0x08003a34   Section        0  stm32f4xx_hal_cortex.o(i.NVIC_SetPriority)
    NVIC_SetPriority                         0x08003a35   Thumb Code    32  stm32f4xx_hal_cortex.o(i.NVIC_SetPriority)
    i.SCREEN_Toggle                          0x08003a54   Section        0  main.o(i.SCREEN_Toggle)
    i.SPI_CheckFlag_BSY                      0x08003ae8   Section        0  stm32f4xx_hal_spi.o(i.SPI_CheckFlag_BSY)
    SPI_CheckFlag_BSY                        0x08003ae9   Thumb Code    32  stm32f4xx_hal_spi.o(i.SPI_CheckFlag_BSY)
    i.SPI_WaitFlagStateUntilTimeout          0x08003b08   Section        0  stm32f4xx_hal_spi.o(i.SPI_WaitFlagStateUntilTimeout)
    SPI_WaitFlagStateUntilTimeout            0x08003b09   Thumb Code   150  stm32f4xx_hal_spi.o(i.SPI_WaitFlagStateUntilTimeout)
    i.SPIx_Error                             0x08003ba0   Section        0  stm32f429i_discovery.o(i.SPIx_Error)
    SPIx_Error                               0x08003ba1   Thumb Code    16  stm32f429i_discovery.o(i.SPIx_Error)
    i.SPIx_Init                              0x08003bb4   Section        0  stm32f429i_discovery.o(i.SPIx_Init)
    SPIx_Init                                0x08003bb5   Thumb Code   138  stm32f429i_discovery.o(i.SPIx_Init)
    i.SPIx_Write                             0x08003c50   Section        0  stm32f429i_discovery.o(i.SPIx_Write)
    SPIx_Write                               0x08003c51   Thumb Code    26  stm32f429i_discovery.o(i.SPIx_Write)
    i.StartDefaultTask                       0x08003c74   Section        0  main.o(i.StartDefaultTask)
    i.SysTick_Handler                        0x08003c7c   Section        0  stm32f4xx_it.o(i.SysTick_Handler)
    i.SystemClock_Config                     0x08003c80   Section        0  main.o(i.SystemClock_Config)
    i.SystemInit                             0x08003d28   Section        0  system_stm32f4xx.o(i.SystemInit)
    i.TIM1_UP_TIM10_IRQHandler               0x08003d7c   Section        0  stm32f4xx_it.o(i.TIM1_UP_TIM10_IRQHandler)
    i.TIM_Base_SetConfig                     0x08003d88   Section        0  stm32f4xx_hal_tim.o(i.TIM_Base_SetConfig)
    i.TOUCH_Detect                           0x08003e48   Section        0  main.o(i.TOUCH_Detect)
    i.__scatterload_copy                     0x08003e90   Section       14  handlers.o(i.__scatterload_copy)
    i.__scatterload_null                     0x08003e9e   Section        2  handlers.o(i.__scatterload_null)
    i.__scatterload_zeroinit                 0x08003ea0   Section       14  handlers.o(i.__scatterload_zeroinit)
    i.ili9341_DisplayOff                     0x08003eae   Section        0  ili9341.o(i.ili9341_DisplayOff)
    i.ili9341_DisplayOn                      0x08003eb4   Section        0  ili9341.o(i.ili9341_DisplayOn)
    i.ili9341_GetLcdPixelHeight              0x08003eba   Section        0  ili9341.o(i.ili9341_GetLcdPixelHeight)
    i.ili9341_GetLcdPixelWidth               0x08003ec0   Section        0  ili9341.o(i.ili9341_GetLcdPixelWidth)
    i.ili9341_Init                           0x08003ec4   Section        0  ili9341.o(i.ili9341_Init)
    i.ili9341_ReadID                         0x08004156   Section        0  ili9341.o(i.ili9341_ReadID)
    i.inHandlerMode                          0x08004168   Section        0  cmsis_os.o(i.inHandlerMode)
    inHandlerMode                            0x08004169   Thumb Code    12  cmsis_os.o(i.inHandlerMode)
    i.main                                   0x08004174   Section        0  main.o(i.main)
    i.makeFreeRtosPriority                   0x08004278   Section        0  cmsis_os.o(i.makeFreeRtosPriority)
    makeFreeRtosPriority                     0x08004279   Thumb Code    12  cmsis_os.o(i.makeFreeRtosPriority)
    i.osDelay                                0x08004284   Section        0  cmsis_os.o(i.osDelay)
    i.osKernelStart                          0x08004292   Section        0  cmsis_os.o(i.osKernelStart)
    i.osSystickHandler                       0x0800429c   Section        0  cmsis_os.o(i.osSystickHandler)
    i.osThreadCreate                         0x080042b0   Section        0  cmsis_os.o(i.osThreadCreate)
    i.osThreadResume                         0x080042e8   Section        0  cmsis_os.o(i.osThreadResume)
    i.osThreadSuspend                        0x0800431c   Section        0  cmsis_os.o(i.osThreadSuspend)
    i.prvAddCurrentTaskToDelayedList         0x08004328   Section        0  tasks.o(i.prvAddCurrentTaskToDelayedList)
    prvAddCurrentTaskToDelayedList           0x08004329   Thumb Code    48  tasks.o(i.prvAddCurrentTaskToDelayedList)
    i.prvCheckTasksWaitingTermination        0x0800435c   Section        0  tasks.o(i.prvCheckTasksWaitingTermination)
    prvCheckTasksWaitingTermination          0x0800435d   Thumb Code    76  tasks.o(i.prvCheckTasksWaitingTermination)
    i.prvHeapInit                            0x080043b0   Section        0  heap_4.o(i.prvHeapInit)
    prvHeapInit                              0x080043b1   Thumb Code    66  heap_4.o(i.prvHeapInit)
    i.prvIdleTask                            0x080043fc   Section        0  tasks.o(i.prvIdleTask)
    prvIdleTask                              0x080043fd   Thumb Code    30  tasks.o(i.prvIdleTask)
    i.prvInsertBlockIntoFreeList             0x08004424   Section        0  heap_4.o(i.prvInsertBlockIntoFreeList)
    prvInsertBlockIntoFreeList               0x08004425   Thumb Code    72  heap_4.o(i.prvInsertBlockIntoFreeList)
    i.prvResetNextTaskUnblockTime            0x08004470   Section        0  tasks.o(i.prvResetNextTaskUnblockTime)
    prvResetNextTaskUnblockTime              0x08004471   Thumb Code    26  tasks.o(i.prvResetNextTaskUnblockTime)
    i.prvTaskExitError                       0x08004490   Section        0  port.o(i.prvTaskExitError)
    prvTaskExitError                         0x08004491   Thumb Code    36  port.o(i.prvTaskExitError)
    i.prvTaskIsTaskSuspended                 0x080044b8   Section        0  tasks.o(i.prvTaskIsTaskSuspended)
    prvTaskIsTaskSuspended                   0x080044b9   Thumb Code    48  tasks.o(i.prvTaskIsTaskSuspended)
    i.pvPortMalloc                           0x080044ec   Section        0  heap_4.o(i.pvPortMalloc)
    i.pxPortInitialiseStack                  0x080045c4   Section        0  port.o(i.pxPortInitialiseStack)
    i.stmpe811_ClearGlobalIT                 0x080045ec   Section        0  stmpe811.o(i.stmpe811_ClearGlobalIT)
    i.stmpe811_DisableGlobalIT               0x080045f6   Section        0  stmpe811.o(i.stmpe811_DisableGlobalIT)
    i.stmpe811_DisableITSource               0x08004612   Section        0  stmpe811.o(i.stmpe811_DisableITSource)
    i.stmpe811_EnableGlobalIT                0x08004630   Section        0  stmpe811.o(i.stmpe811_EnableGlobalIT)
    i.stmpe811_EnableITSource                0x0800464c   Section        0  stmpe811.o(i.stmpe811_EnableITSource)
    i.stmpe811_GetInstance                   0x0800466c   Section        0  stmpe811.o(i.stmpe811_GetInstance)
    stmpe811_GetInstance                     0x0800466d   Thumb Code    24  stmpe811.o(i.stmpe811_GetInstance)
    i.stmpe811_IO_EnableAF                   0x08004688   Section        0  stmpe811.o(i.stmpe811_IO_EnableAF)
    i.stmpe811_Init                          0x080046a8   Section        0  stmpe811.o(i.stmpe811_Init)
    i.stmpe811_ReadID                        0x080046d8   Section        0  stmpe811.o(i.stmpe811_ReadID)
    i.stmpe811_Reset                         0x080046f8   Section        0  stmpe811.o(i.stmpe811_Reset)
    i.stmpe811_TS_ClearIT                    0x08004720   Section        0  stmpe811.o(i.stmpe811_TS_ClearIT)
    i.stmpe811_TS_DetectTouch                0x08004726   Section        0  stmpe811.o(i.stmpe811_TS_DetectTouch)
    i.stmpe811_TS_DisableIT                  0x0800475c   Section        0  stmpe811.o(i.stmpe811_TS_DisableIT)
    i.stmpe811_TS_EnableIT                   0x08004770   Section        0  stmpe811.o(i.stmpe811_TS_EnableIT)
    i.stmpe811_TS_GetXY                      0x0800478a   Section        0  stmpe811.o(i.stmpe811_TS_GetXY)
    i.stmpe811_TS_ITStatus                   0x080047c8   Section        0  stmpe811.o(i.stmpe811_TS_ITStatus)
    i.stmpe811_TS_Start                      0x080047d8   Section        0  stmpe811.o(i.stmpe811_TS_Start)
    i.uxListRemove                           0x0800487a   Section        0  list.o(i.uxListRemove)
    i.vListInitialise                        0x0800489e   Section        0  list.o(i.vListInitialise)
    i.vListInitialiseItem                    0x080048b4   Section        0  list.o(i.vListInitialiseItem)
    i.vListInsert                            0x080048ba   Section        0  list.o(i.vListInsert)
    i.vListInsertEnd                         0x080048ea   Section        0  list.o(i.vListInsertEnd)
    i.vPortEnterCritical                     0x08004904   Section        0  port.o(i.vPortEnterCritical)
    i.vPortExitCritical                      0x08004944   Section        0  port.o(i.vPortExitCritical)
    i.vPortFree                              0x0800496c   Section        0  heap_4.o(i.vPortFree)
    i.vPortSetupTimerInterrupt               0x080049c8   Section        0  port.o(i.vPortSetupTimerInterrupt)
    i.vPortValidateInterruptPriority         0x080049e8   Section        0  port.o(i.vPortValidateInterruptPriority)
    i.vTaskDelay                             0x08004a3c   Section        0  tasks.o(i.vTaskDelay)
    i.vTaskResume                            0x08004aa4   Section        0  tasks.o(i.vTaskResume)
    i.vTaskStartScheduler                    0x08004b24   Section        0  tasks.o(i.vTaskStartScheduler)
    i.vTaskSuspend                           0x08004b8c   Section        0  tasks.o(i.vTaskSuspend)
    i.vTaskSuspendAll                        0x08004c40   Section        0  tasks.o(i.vTaskSuspendAll)
    i.vTaskSwitchContext                     0x08004c50   Section        0  tasks.o(i.vTaskSwitchContext)
    i.xPortStartScheduler                    0x08004cac   Section        0  port.o(i.xPortStartScheduler)
    i.xPortSysTickHandler                    0x08004d8c   Section        0  port.o(i.xPortSysTickHandler)
    i.xTaskGenericCreate                     0x08004db8   Section        0  tasks.o(i.xTaskGenericCreate)
    i.xTaskGetSchedulerState                 0x08004f74   Section        0  tasks.o(i.xTaskGetSchedulerState)
    i.xTaskIncrementTick                     0x08004f90   Section        0  tasks.o(i.xTaskIncrementTick)
    i.xTaskResumeAll                         0x0800505c   Section        0  tasks.o(i.xTaskResumeAll)
    i.xTaskResumeFromISR                     0x08005120   Section        0  tasks.o(i.xTaskResumeFromISR)
    .constdata                               0x080051ac   Section      100  main.o(.constdata)
    .constdata                               0x08005210   Section       16  stm32f4xx_hal_rcc.o(.constdata)
    .constdata                               0x08005220   Section        8  stm32f4xx_hal_dma.o(.constdata)
    flagBitshiftOffset                       0x08005220   Data           8  stm32f4xx_hal_dma.o(.constdata)
    .constdata                               0x08005228   Section        8  stm32f429i_discovery.o(.constdata)
    .constdata                               0x08005230   Section     6840  stm32f429i_discovery_lcd.o(.constdata)
    .conststring                             0x08006ce8   Section       44  main.o(.conststring)
    .data                                    0x20000000   Section       36  main.o(.data)
    x                                        0x20000000   Data           4  main.o(.data)
    y                                        0x20000004   Data           4  main.o(.data)
    TS_State                                 0x2000001c   Data           8  main.o(.data)
    .data                                    0x20000024   Section        4  system_stm32f4xx.o(.data)
    .data                                    0x20000028   Section       24  heap_4.o(.data)
    pxEnd                                    0x20000028   Data           4  heap_4.o(.data)
    xFreeBytesRemaining                      0x2000002c   Data           4  heap_4.o(.data)
    xMinimumEverFreeBytesRemaining           0x20000030   Data           4  heap_4.o(.data)
    xBlockAllocatedBit                       0x20000034   Data           4  heap_4.o(.data)
    xStart                                   0x20000038   Data           8  heap_4.o(.data)
    .data                                    0x20000040   Section       12  port.o(.data)
    ucMaxSysCallPriority                     0x20000040   Data           1  port.o(.data)
    uxCriticalNesting                        0x20000044   Data           4  port.o(.data)
    ulMaxPRIGROUPValue                       0x20000048   Data           4  port.o(.data)
    .data                                    0x2000004c   Section       56  tasks.o(.data)
    uxTasksDeleted                           0x20000050   Data           4  tasks.o(.data)
    uxCurrentNumberOfTasks                   0x20000054   Data           4  tasks.o(.data)
    xTickCount                               0x20000058   Data           4  tasks.o(.data)
    uxTopReadyPriority                       0x2000005c   Data           4  tasks.o(.data)
    xSchedulerRunning                        0x20000060   Data           4  tasks.o(.data)
    uxPendedTicks                            0x20000064   Data           4  tasks.o(.data)
    xYieldPending                            0x20000068   Data           4  tasks.o(.data)
    xNumOfOverflows                          0x2000006c   Data           4  tasks.o(.data)
    uxTaskNumber                             0x20000070   Data           4  tasks.o(.data)
    xNextTaskUnblockTime                     0x20000074   Data           4  tasks.o(.data)
    uxSchedulerSuspended                     0x20000078   Data           4  tasks.o(.data)
    pxDelayedTaskList                        0x2000007c   Data           4  tasks.o(.data)
    pxOverflowDelayedTaskList                0x20000080   Data           4  tasks.o(.data)
    .data                                    0x20000084   Section        4  stm32f4xx_hal.o(.data)
    .data                                    0x20000088   Section       24  stm32f429i_discovery.o(.data)
    Is_LCD_IO_Initialized                    0x20000088   Data           1  stm32f429i_discovery.o(.data)
    .data                                    0x200000a0   Section       16  stm32f429i_discovery_lcd.o(.data)
    ActiveLayer                              0x200000a0   Data           4  stm32f429i_discovery_lcd.o(.data)
    .data                                    0x200000b0   Section       16  stm32f429i_discovery_ts.o(.data)
    TsXBoundary                              0x200000b0   Data           2  stm32f429i_discovery_ts.o(.data)
    TsYBoundary                              0x200000b2   Data           2  stm32f429i_discovery_ts.o(.data)
    _x                                       0x200000b4   Data           4  stm32f429i_discovery_ts.o(.data)
    _y                                       0x200000b8   Data           4  stm32f429i_discovery_ts.o(.data)
    TsDrv                                    0x200000bc   Data           4  stm32f429i_discovery_ts.o(.data)
    .data                                    0x200000c0   Section       56  ili9341.o(.data)
    .data                                    0x200000f8   Section       40  stmpe811.o(.data)
    .data                                    0x20000120   Section        2  stmpe811.o(.data)
    .bss                                     0x20000124   Section       60  stm32f4xx_hal_timebase_tim.o(.bss)
    .bss                                     0x20000160   Section    128000  heap_4.o(.bss)
    ucHeap                                   0x20000160   Data       128000  heap_4.o(.bss)
    .bss                                     0x2001f560   Section      240  tasks.o(.bss)
    pxReadyTasksLists                        0x2001f560   Data         140  tasks.o(.bss)
    xDelayedTaskList1                        0x2001f5ec   Data          20  tasks.o(.bss)
    xDelayedTaskList2                        0x2001f600   Data          20  tasks.o(.bss)
    xPendingReadyList                        0x2001f614   Data          20  tasks.o(.bss)
    xTasksWaitingTermination                 0x2001f628   Data          20  tasks.o(.bss)
    xSuspendedTaskList                       0x2001f63c   Data          20  tasks.o(.bss)
    .bss                                     0x2001f650   Section      172  stm32f429i_discovery.o(.bss)
    SpiHandle                                0x2001f6a4   Data          88  stm32f429i_discovery.o(.bss)
    .bss                                     0x2001f6fc   Section      304  stm32f429i_discovery_lcd.o(.bss)
    Dma2dHandler                             0x2001f7a4   Data          64  stm32f429i_discovery_lcd.o(.bss)
    PeriphClkInitStruct                      0x2001f7e4   Data          48  stm32f429i_discovery_lcd.o(.bss)
    DrawProp                                 0x2001f814   Data          24  stm32f429i_discovery_lcd.o(.bss)
    .bss                                     0x2001f82c   Section      192  stm32f429i_discovery_sdram.o(.bss)
    dmaHandle                                0x2001f82c   Data          96  stm32f429i_discovery_sdram.o(.bss)
    SdramHandle                              0x2001f88c   Data          52  stm32f429i_discovery_sdram.o(.bss)
    Timing                                   0x2001f8c0   Data          28  stm32f429i_discovery_sdram.o(.bss)
    Command                                  0x2001f8dc   Data          16  stm32f429i_discovery_sdram.o(.bss)
    STACK                                    0x2001f8f0   Section     1024  startup_stm32f429xx.o(STACK)

    Global Symbols

    Symbol Name                              Value     Ov Type        Size  Object(Section)

    BuildAttributes$$THM_ISAv4$E$P$D$K$B$S$7EM$VFPi3$EXTD16$VFPS$VFMA$PE$A:L22UL41UL21$X:L11$S22US41US21$IEEE1$IW$USESV6$~STKCKD$USESV7$~SHL$OSPACE$EBA8$MICROLIB$REQ8$PRES8$EABIv2 0x00000000   Number         0  anon$$obj.o ABSOLUTE
    __ARM_use_no_argv                        0x00000000   Number         0  main.o ABSOLUTE
    __cpp_initialize__aeabi_                  - Undefined Weak Reference
    __cxa_finalize                            - Undefined Weak Reference
    __decompress                              - Undefined Weak Reference
    _clock_init                               - Undefined Weak Reference
    _microlib_exit                            - Undefined Weak Reference
    __Vectors_Size                           0x000001ac   Number         0  startup_stm32f429xx.o ABSOLUTE
    __Vectors                                0x08000000   Data           4  startup_stm32f429xx.o(RESET)
    __Vectors_End                            0x080001ac   Data           0  startup_stm32f429xx.o(RESET)
    __main                                   0x080001ad   Thumb Code     0  entry.o(.ARM.Collect$$$$00000000)
    _main_stk                                0x080001ad   Thumb Code     0  entry2.o(.ARM.Collect$$$$00000001)
    _main_scatterload                        0x080001b1   Thumb Code     0  entry5.o(.ARM.Collect$$$$00000004)
    __main_after_scatterload                 0x080001b5   Thumb Code     0  entry5.o(.ARM.Collect$$$$00000004)
    _main_clock                              0x080001b5   Thumb Code     0  entry7b.o(.ARM.Collect$$$$00000008)
    _main_cpp_init                           0x080001b5   Thumb Code     0  entry8b.o(.ARM.Collect$$$$0000000A)
    _main_init                               0x080001b5   Thumb Code     0  entry9a.o(.ARM.Collect$$$$0000000B)
    __rt_final_cpp                           0x080001bd   Thumb Code     0  entry10a.o(.ARM.Collect$$$$0000000D)
    __rt_final_exit                          0x080001bd   Thumb Code     0  entry11a.o(.ARM.Collect$$$$0000000F)
    SVC_Handler                              0x080001c1   Thumb Code    28  port.o(.emb_text)
    __asm___6_port_c_39a90d8d__prvStartFirstTask 0x080001e1   Thumb Code    28  port.o(.emb_text)
    __asm___6_port_c_39a90d8d__prvEnableVFP  0x08000201   Thumb Code    16  port.o(.emb_text)
    PendSV_Handler                           0x08000215   Thumb Code    92  port.o(.emb_text)
    vPortGetIPSR                             0x08000275   Thumb Code     6  port.o(.emb_text)
    Reset_Handler                            0x0800027d   Thumb Code     8  startup_stm32f429xx.o(.text)
    NMI_Handler                              0x08000285   Thumb Code     2  startup_stm32f429xx.o(.text)
    HardFault_Handler                        0x08000287   Thumb Code     2  startup_stm32f429xx.o(.text)
    MemManage_Handler                        0x08000289   Thumb Code     2  startup_stm32f429xx.o(.text)
    BusFault_Handler                         0x0800028b   Thumb Code     2  startup_stm32f429xx.o(.text)
    UsageFault_Handler                       0x0800028d   Thumb Code     2  startup_stm32f429xx.o(.text)
    DebugMon_Handler                         0x08000291   Thumb Code     2  startup_stm32f429xx.o(.text)
    ADC_IRQHandler                           0x08000297   Thumb Code     0  startup_stm32f429xx.o(.text)
    CAN1_RX0_IRQHandler                      0x08000297   Thumb Code     0  startup_stm32f429xx.o(.text)
    CAN1_RX1_IRQHandler                      0x08000297   Thumb Code     0  startup_stm32f429xx.o(.text)
    CAN1_SCE_IRQHandler                      0x08000297   Thumb Code     0  startup_stm32f429xx.o(.text)
    CAN1_TX_IRQHandler                       0x08000297   Thumb Code     0  startup_stm32f429xx.o(.text)
    CAN2_RX0_IRQHandler                      0x08000297   Thumb Code     0  startup_stm32f429xx.o(.text)
    CAN2_RX1_IRQHandler                      0x08000297   Thumb Code     0  startup_stm32f429xx.o(.text)
    CAN2_SCE_IRQHandler                      0x08000297   Thumb Code     0  startup_stm32f429xx.o(.text)
    CAN2_TX_IRQHandler                       0x08000297   Thumb Code     0  startup_stm32f429xx.o(.text)
    DCMI_IRQHandler                          0x08000297   Thumb Code     0  startup_stm32f429xx.o(.text)
    DMA1_Stream0_IRQHandler                  0x08000297   Thumb Code     0  startup_stm32f429xx.o(.text)
    DMA1_Stream1_IRQHandler                  0x08000297   Thumb Code     0  startup_stm32f429xx.o(.text)
    DMA1_Stream2_IRQHandler                  0x08000297   Thumb Code     0  startup_stm32f429xx.o(.text)
    DMA1_Stream3_IRQHandler                  0x08000297   Thumb Code     0  startup_stm32f429xx.o(.text)
    DMA1_Stream4_IRQHandler                  0x08000297   Thumb Code     0  startup_stm32f429xx.o(.text)
    DMA1_Stream5_IRQHandler                  0x08000297   Thumb Code     0  startup_stm32f429xx.o(.text)
    DMA1_Stream6_IRQHandler                  0x08000297   Thumb Code     0  startup_stm32f429xx.o(.text)
    DMA1_Stream7_IRQHandler                  0x08000297   Thumb Code     0  startup_stm32f429xx.o(.text)
    DMA2D_IRQHandler                         0x08000297   Thumb Code     0  startup_stm32f429xx.o(.text)
    DMA2_Stream0_IRQHandler                  0x08000297   Thumb Code     0  startup_stm32f429xx.o(.text)
    DMA2_Stream1_IRQHandler                  0x08000297   Thumb Code     0  startup_stm32f429xx.o(.text)
    DMA2_Stream2_IRQHandler                  0x08000297   Thumb Code     0  startup_stm32f429xx.o(.text)
    DMA2_Stream3_IRQHandler                  0x08000297   Thumb Code     0  startup_stm32f429xx.o(.text)
    DMA2_Stream4_IRQHandler                  0x08000297   Thumb Code     0  startup_stm32f429xx.o(.text)
    DMA2_Stream5_IRQHandler                  0x08000297   Thumb Code     0  startup_stm32f429xx.o(.text)
    DMA2_Stream6_IRQHandler                  0x08000297   Thumb Code     0  startup_stm32f429xx.o(.text)
    DMA2_Stream7_IRQHandler                  0x08000297   Thumb Code     0  startup_stm32f429xx.o(.text)
    ETH_IRQHandler                           0x08000297   Thumb Code     0  startup_stm32f429xx.o(.text)
    ETH_WKUP_IRQHandler                      0x08000297   Thumb Code     0  startup_stm32f429xx.o(.text)
    EXTI0_IRQHandler                         0x08000297   Thumb Code     0  startup_stm32f429xx.o(.text)
    EXTI15_10_IRQHandler                     0x08000297   Thumb Code     0  startup_stm32f429xx.o(.text)
    EXTI1_IRQHandler                         0x08000297   Thumb Code     0  startup_stm32f429xx.o(.text)
    EXTI2_IRQHandler                         0x08000297   Thumb Code     0  startup_stm32f429xx.o(.text)
    EXTI3_IRQHandler                         0x08000297   Thumb Code     0  startup_stm32f429xx.o(.text)
    EXTI4_IRQHandler                         0x08000297   Thumb Code     0  startup_stm32f429xx.o(.text)
    EXTI9_5_IRQHandler                       0x08000297   Thumb Code     0  startup_stm32f429xx.o(.text)
    FLASH_IRQHandler                         0x08000297   Thumb Code     0  startup_stm32f429xx.o(.text)
    FMC_IRQHandler                           0x08000297   Thumb Code     0  startup_stm32f429xx.o(.text)
    FPU_IRQHandler                           0x08000297   Thumb Code     0  startup_stm32f429xx.o(.text)
    HASH_RNG_IRQHandler                      0x08000297   Thumb Code     0  startup_stm32f429xx.o(.text)
    I2C1_ER_IRQHandler                       0x08000297   Thumb Code     0  startup_stm32f429xx.o(.text)
    I2C1_EV_IRQHandler                       0x08000297   Thumb Code     0  startup_stm32f429xx.o(.text)
    I2C2_ER_IRQHandler                       0x08000297   Thumb Code     0  startup_stm32f429xx.o(.text)
    I2C2_EV_IRQHandler                       0x08000297   Thumb Code     0  startup_stm32f429xx.o(.text)
    I2C3_ER_IRQHandler                       0x08000297   Thumb Code     0  startup_stm32f429xx.o(.text)
    I2C3_EV_IRQHandler                       0x08000297   Thumb Code     0  startup_stm32f429xx.o(.text)
    LTDC_ER_IRQHandler                       0x08000297   Thumb Code     0  startup_stm32f429xx.o(.text)
    LTDC_IRQHandler                          0x08000297   Thumb Code     0  startup_stm32f429xx.o(.text)
    OTG_FS_IRQHandler                        0x08000297   Thumb Code     0  startup_stm32f429xx.o(.text)
    OTG_FS_WKUP_IRQHandler                   0x08000297   Thumb Code     0  startup_stm32f429xx.o(.text)
    OTG_HS_EP1_IN_IRQHandler                 0x08000297   Thumb Code     0  startup_stm32f429xx.o(.text)
    OTG_HS_EP1_OUT_IRQHandler                0x08000297   Thumb Code     0  startup_stm32f429xx.o(.text)
    OTG_HS_IRQHandler                        0x08000297   Thumb Code     0  startup_stm32f429xx.o(.text)
    OTG_HS_WKUP_IRQHandler                   0x08000297   Thumb Code     0  startup_stm32f429xx.o(.text)
    PVD_IRQHandler                           0x08000297   Thumb Code     0  startup_stm32f429xx.o(.text)
    RCC_IRQHandler                           0x08000297   Thumb Code     0  startup_stm32f429xx.o(.text)
    RTC_Alarm_IRQHandler                     0x08000297   Thumb Code     0  startup_stm32f429xx.o(.text)
    RTC_WKUP_IRQHandler                      0x08000297   Thumb Code     0  startup_stm32f429xx.o(.text)
    SAI1_IRQHandler                          0x08000297   Thumb Code     0  startup_stm32f429xx.o(.text)
    SDIO_IRQHandler                          0x08000297   Thumb Code     0  startup_stm32f429xx.o(.text)
    SPI1_IRQHandler                          0x08000297   Thumb Code     0  startup_stm32f429xx.o(.text)
    SPI2_IRQHandler                          0x08000297   Thumb Code     0  startup_stm32f429xx.o(.text)
    SPI3_IRQHandler                          0x08000297   Thumb Code     0  startup_stm32f429xx.o(.text)
    SPI4_IRQHandler                          0x08000297   Thumb Code     0  startup_stm32f429xx.o(.text)
    SPI5_IRQHandler                          0x08000297   Thumb Code     0  startup_stm32f429xx.o(.text)
    SPI6_IRQHandler                          0x08000297   Thumb Code     0  startup_stm32f429xx.o(.text)
    TAMP_STAMP_IRQHandler                    0x08000297   Thumb Code     0  startup_stm32f429xx.o(.text)
    TIM1_BRK_TIM9_IRQHandler                 0x08000297   Thumb Code     0  startup_stm32f429xx.o(.text)
    TIM1_CC_IRQHandler                       0x08000297   Thumb Code     0  startup_stm32f429xx.o(.text)
    TIM1_TRG_COM_TIM11_IRQHandler            0x08000297   Thumb Code     0  startup_stm32f429xx.o(.text)
    TIM2_IRQHandler                          0x08000297   Thumb Code     0  startup_stm32f429xx.o(.text)
    TIM3_IRQHandler                          0x08000297   Thumb Code     0  startup_stm32f429xx.o(.text)
    TIM4_IRQHandler                          0x08000297   Thumb Code     0  startup_stm32f429xx.o(.text)
    TIM5_IRQHandler                          0x08000297   Thumb Code     0  startup_stm32f429xx.o(.text)
    TIM6_DAC_IRQHandler                      0x08000297   Thumb Code     0  startup_stm32f429xx.o(.text)
    TIM7_IRQHandler                          0x08000297   Thumb Code     0  startup_stm32f429xx.o(.text)
    TIM8_BRK_TIM12_IRQHandler                0x08000297   Thumb Code     0  startup_stm32f429xx.o(.text)
    TIM8_CC_IRQHandler                       0x08000297   Thumb Code     0  startup_stm32f429xx.o(.text)
    TIM8_TRG_COM_TIM14_IRQHandler            0x08000297   Thumb Code     0  startup_stm32f429xx.o(.text)
    TIM8_UP_TIM13_IRQHandler                 0x08000297   Thumb Code     0  startup_stm32f429xx.o(.text)
    UART4_IRQHandler                         0x08000297   Thumb Code     0  startup_stm32f429xx.o(.text)
    UART5_IRQHandler                         0x08000297   Thumb Code     0  startup_stm32f429xx.o(.text)
    UART7_IRQHandler                         0x08000297   Thumb Code     0  startup_stm32f429xx.o(.text)
    UART8_IRQHandler                         0x08000297   Thumb Code     0  startup_stm32f429xx.o(.text)
    USART1_IRQHandler                        0x08000297   Thumb Code     0  startup_stm32f429xx.o(.text)
    USART2_IRQHandler                        0x08000297   Thumb Code     0  startup_stm32f429xx.o(.text)
    USART3_IRQHandler                        0x08000297   Thumb Code     0  startup_stm32f429xx.o(.text)
    USART6_IRQHandler                        0x08000297   Thumb Code     0  startup_stm32f429xx.o(.text)
    WWDG_IRQHandler                          0x08000297   Thumb Code     0  startup_stm32f429xx.o(.text)
    __aeabi_memcpy                           0x080002a1   Thumb Code    36  memcpya.o(.text)
    __aeabi_memcpy4                          0x080002a1   Thumb Code     0  memcpya.o(.text)
    __aeabi_memcpy8                          0x080002a1   Thumb Code     0  memcpya.o(.text)
    __aeabi_memset                           0x080002c5   Thumb Code    14  memseta.o(.text)
    __aeabi_memset4                          0x080002c5   Thumb Code     0  memseta.o(.text)
    __aeabi_memset8                          0x080002c5   Thumb Code     0  memseta.o(.text)
    __aeabi_memclr                           0x080002d3   Thumb Code     4  memseta.o(.text)
    __aeabi_memclr4                          0x080002d3   Thumb Code     0  memseta.o(.text)
    __aeabi_memclr8                          0x080002d3   Thumb Code     0  memseta.o(.text)
    _memset$wrapper                          0x080002d7   Thumb Code    18  memseta.o(.text)
    __scatterload                            0x080002e9   Thumb Code    28  init.o(.text)
    __scatterload_rt2                        0x080002e9   Thumb Code     0  init.o(.text)
    BSP_LCD_Clear                            0x0800030d   Thumb Code    50  stm32f429i_discovery_lcd.o(i.BSP_LCD_Clear)
    BSP_LCD_DisplayChar                      0x08000349   Thumb Code    44  stm32f429i_discovery_lcd.o(i.BSP_LCD_DisplayChar)
    BSP_LCD_DisplayOn                        0x0800037d   Thumb Code    14  stm32f429i_discovery_lcd.o(i.BSP_LCD_DisplayOn)
    BSP_LCD_DisplayStringAt                  0x08000391   Thumb Code   188  stm32f429i_discovery_lcd.o(i.BSP_LCD_DisplayStringAt)
    BSP_LCD_DrawCircle                       0x08000455   Thumb Code   270  stm32f429i_discovery_lcd.o(i.BSP_LCD_DrawCircle)
    BSP_LCD_DrawHLine                        0x0800056d   Thumb Code    68  stm32f429i_discovery_lcd.o(i.BSP_LCD_DrawHLine)
    BSP_LCD_DrawPixel                        0x080005b9   Thumb Code    42  stm32f429i_discovery_lcd.o(i.BSP_LCD_DrawPixel)
    BSP_LCD_FillCircle                       0x080005ed   Thumb Code   186  stm32f429i_discovery_lcd.o(i.BSP_LCD_FillCircle)
    BSP_LCD_GetXSize                         0x080006b1   Thumb Code     8  stm32f429i_discovery_lcd.o(i.BSP_LCD_GetXSize)
    BSP_LCD_GetYSize                         0x080006bd   Thumb Code     8  stm32f429i_discovery_lcd.o(i.BSP_LCD_GetYSize)
    BSP_LCD_Init                             0x080006c9   Thumb Code   130  stm32f429i_discovery_lcd.o(i.BSP_LCD_Init)
    BSP_LCD_LayerDefaultInit                 0x0800075d   Thumb Code   116  stm32f429i_discovery_lcd.o(i.BSP_LCD_LayerDefaultInit)
    BSP_LCD_SelectLayer                      0x080007dd   Thumb Code     6  stm32f429i_discovery_lcd.o(i.BSP_LCD_SelectLayer)
    BSP_LCD_SetBackColor                     0x080007e9   Thumb Code    18  stm32f429i_discovery_lcd.o(i.BSP_LCD_SetBackColor)
    BSP_LCD_SetFont                          0x08000805   Thumb Code    18  stm32f429i_discovery_lcd.o(i.BSP_LCD_SetFont)
    BSP_LCD_SetTextColor                     0x08000821   Thumb Code    16  stm32f429i_discovery_lcd.o(i.BSP_LCD_SetTextColor)
    BSP_LED_Init                             0x08000839   Thumb Code    78  stm32f429i_discovery.o(i.BSP_LED_Init)
    BSP_LED_Toggle                           0x08000895   Thumb Code    16  stm32f429i_discovery.o(i.BSP_LED_Toggle)
    BSP_SDRAM_Init                           0x080008ad   Thumb Code    92  stm32f429i_discovery_sdram.o(i.BSP_SDRAM_Init)
    BSP_SDRAM_Initialization_sequence        0x08000911   Thumb Code   132  stm32f429i_discovery_sdram.o(i.BSP_SDRAM_Initialization_sequence)
    BSP_TS_GetState                          0x08000999   Thumb Code   170  stm32f429i_discovery_ts.o(i.BSP_TS_GetState)
    BSP_TS_Init                              0x08000a49   Thumb Code    48  stm32f429i_discovery_ts.o(i.BSP_TS_Init)
    FMC_SDRAM_Init                           0x08000c55   Thumb Code    80  stm32f4xx_ll_fmc.o(i.FMC_SDRAM_Init)
    FMC_SDRAM_ProgramRefreshRate             0x08000ca5   Thumb Code    12  stm32f4xx_ll_fmc.o(i.FMC_SDRAM_ProgramRefreshRate)
    FMC_SDRAM_SendCommand                    0x08000cb1   Thumb Code    72  stm32f4xx_ll_fmc.o(i.FMC_SDRAM_SendCommand)
    FMC_SDRAM_Timing_Init                    0x08000cf9   Thumb Code   124  stm32f4xx_ll_fmc.o(i.FMC_SDRAM_Timing_Init)
    HAL_DMA2D_ConfigLayer                    0x08000dd9   Thumb Code   192  stm32f4xx_hal_dma2d.o(i.HAL_DMA2D_ConfigLayer)
    HAL_DMA2D_Init                           0x08000e9d   Thumb Code    90  stm32f4xx_hal_dma2d.o(i.HAL_DMA2D_Init)
    HAL_DMA2D_MspInit                        0x08000ef7   Thumb Code     2  stm32f4xx_hal_dma2d.o(i.HAL_DMA2D_MspInit)
    HAL_DMA2D_PollForTransfer                0x08000ef9   Thumb Code   268  stm32f4xx_hal_dma2d.o(i.HAL_DMA2D_PollForTransfer)
    HAL_DMA2D_Start                          0x08001005   Thumb Code    52  stm32f4xx_hal_dma2d.o(i.HAL_DMA2D_Start)
    HAL_DMA_DeInit                           0x08001039   Thumb Code    86  stm32f4xx_hal_dma.o(i.HAL_DMA_DeInit)
    HAL_DMA_Init                             0x08001091   Thumb Code   202  stm32f4xx_hal_dma.o(i.HAL_DMA_Init)
    HAL_Delay                                0x08001161   Thumb Code    22  stm32f4xx_hal.o(i.HAL_Delay)
    HAL_GPIO_Init                            0x08001179   Thumb Code   408  stm32f4xx_hal_gpio.o(i.HAL_GPIO_Init)
    HAL_GPIO_TogglePin                       0x08001345   Thumb Code     8  stm32f4xx_hal_gpio.o(i.HAL_GPIO_TogglePin)
    HAL_GPIO_WritePin                        0x0800134d   Thumb Code    10  stm32f4xx_hal_gpio.o(i.HAL_GPIO_WritePin)
    HAL_GetTick                              0x08001359   Thumb Code     6  stm32f4xx_hal.o(i.HAL_GetTick)
    HAL_I2C_DeInit                           0x08001365   Thumb Code    50  stm32f4xx_hal_i2c.o(i.HAL_I2C_DeInit)
    HAL_I2C_GetState                         0x08001397   Thumb Code     6  stm32f4xx_hal_i2c.o(i.HAL_I2C_GetState)
    HAL_I2C_Init                             0x0800139d   Thumb Code   254  stm32f4xx_hal_i2c.o(i.HAL_I2C_Init)
    HAL_I2C_Mem_Read                         0x080014a5   Thumb Code   494  stm32f4xx_hal_i2c.o(i.HAL_I2C_Mem_Read)
    HAL_I2C_Mem_Write                        0x080016a1   Thumb Code   306  stm32f4xx_hal_i2c.o(i.HAL_I2C_Mem_Write)
    HAL_I2C_MspDeInit                        0x080017dd   Thumb Code     2  stm32f4xx_hal_i2c.o(i.HAL_I2C_MspDeInit)
    HAL_I2C_MspInit                          0x080017df   Thumb Code     2  stm32f4xx_hal_i2c.o(i.HAL_I2C_MspInit)
    HAL_IncTick                              0x080017e1   Thumb Code    10  stm32f4xx_hal.o(i.HAL_IncTick)
    HAL_Init                                 0x080017f1   Thumb Code    48  stm32f4xx_hal.o(i.HAL_Init)
    HAL_InitTick                             0x08001825   Thumb Code   100  stm32f4xx_hal_timebase_tim.o(i.HAL_InitTick)
    HAL_LTDC_ConfigLayer                     0x08001899   Thumb Code    82  stm32f4xx_hal_ltdc.o(i.HAL_LTDC_ConfigLayer)
    HAL_LTDC_EnableDither                    0x080018ed   Thumb Code    42  stm32f4xx_hal_ltdc.o(i.HAL_LTDC_EnableDither)
    HAL_LTDC_Init                            0x0800191d   Thumb Code   248  stm32f4xx_hal_ltdc.o(i.HAL_LTDC_Init)
    HAL_LTDC_MspInit                         0x08001a19   Thumb Code     2  stm32f4xx_hal_ltdc.o(i.HAL_LTDC_MspInit)
    HAL_MspInit                              0x08001a1b   Thumb Code    88  stm32f4xx_hal_msp.o(i.HAL_MspInit)
    HAL_NVIC_EnableIRQ                       0x08001a73   Thumb Code    22  stm32f4xx_hal_cortex.o(i.HAL_NVIC_EnableIRQ)
    HAL_NVIC_SetPriority                     0x08001a89   Thumb Code    60  stm32f4xx_hal_cortex.o(i.HAL_NVIC_SetPriority)
    HAL_NVIC_SetPriorityGrouping             0x08001ac9   Thumb Code    26  stm32f4xx_hal_cortex.o(i.HAL_NVIC_SetPriorityGrouping)
    HAL_PWREx_EnableOverDrive                0x08001aed   Thumb Code   126  stm32f4xx_hal_pwr_ex.o(i.HAL_PWREx_EnableOverDrive)
    HAL_RCCEx_PeriphCLKConfig                0x08001b79   Thumb Code   660  stm32f4xx_hal_rcc_ex.o(i.HAL_RCCEx_PeriphCLKConfig)
    HAL_RCC_ClockConfig                      0x08001e31   Thumb Code   364  stm32f4xx_hal_rcc.o(i.HAL_RCC_ClockConfig)
    HAL_RCC_GetClockConfig                   0x08001fad   Thumb Code    54  stm32f4xx_hal_rcc.o(i.HAL_RCC_GetClockConfig)
    HAL_RCC_GetHCLKFreq                      0x08001fed   Thumb Code     6  stm32f4xx_hal_rcc.o(i.HAL_RCC_GetHCLKFreq)
    HAL_RCC_GetPCLK1Freq                     0x08001ff9   Thumb Code    34  stm32f4xx_hal_rcc.o(i.HAL_RCC_GetPCLK1Freq)
    HAL_RCC_GetPCLK2Freq                     0x08002029   Thumb Code    34  stm32f4xx_hal_rcc.o(i.HAL_RCC_GetPCLK2Freq)
    HAL_RCC_GetSysClockFreq                  0x08002059   Thumb Code   104  stm32f4xx_hal_rcc.o(i.HAL_RCC_GetSysClockFreq)
    HAL_RCC_OscConfig                        0x080020c9   Thumb Code   770  stm32f4xx_hal_rcc.o(i.HAL_RCC_OscConfig)
    HAL_SDRAM_Init                           0x080023dd   Thumb Code    66  stm32f4xx_hal_sdram.o(i.HAL_SDRAM_Init)
    HAL_SDRAM_MspInit                        0x0800241f   Thumb Code     2  stm32f4xx_hal_sdram.o(i.HAL_SDRAM_MspInit)
    HAL_SDRAM_ProgramRefreshRate             0x08002421   Thumb Code    34  stm32f4xx_hal_sdram.o(i.HAL_SDRAM_ProgramRefreshRate)
    HAL_SDRAM_SendCommand                    0x08002445   Thumb Code    48  stm32f4xx_hal_sdram.o(i.HAL_SDRAM_SendCommand)
    HAL_SPI_DeInit                           0x08002475   Thumb Code    46  stm32f4xx_hal_spi.o(i.HAL_SPI_DeInit)
    HAL_SPI_GetState                         0x080024a3   Thumb Code     6  stm32f4xx_hal_spi.o(i.HAL_SPI_GetState)
    HAL_SPI_Init                             0x080024a9   Thumb Code   128  stm32f4xx_hal_spi.o(i.HAL_SPI_Init)
    HAL_SPI_MspDeInit                        0x08002529   Thumb Code     2  stm32f4xx_hal_spi.o(i.HAL_SPI_MspDeInit)
    HAL_SPI_MspInit                          0x0800252b   Thumb Code     2  stm32f4xx_hal_spi.o(i.HAL_SPI_MspInit)
    HAL_SPI_Receive                          0x0800252d   Thumb Code   336  stm32f4xx_hal_spi.o(i.HAL_SPI_Receive)
    HAL_SPI_Transmit                         0x0800267d   Thumb Code   360  stm32f4xx_hal_spi.o(i.HAL_SPI_Transmit)
    HAL_SPI_TransmitReceive                  0x080027e5   Thumb Code   472  stm32f4xx_hal_spi.o(i.HAL_SPI_TransmitReceive)
    HAL_SYSTICK_CLKSourceConfig              0x080029bd   Thumb Code    24  stm32f4xx_hal_cortex.o(i.HAL_SYSTICK_CLKSourceConfig)
    HAL_SYSTICK_Config                       0x080029d5   Thumb Code    40  stm32f4xx_hal_cortex.o(i.HAL_SYSTICK_Config)
    HAL_TIMEx_BreakCallback                  0x080029fd   Thumb Code     2  stm32f4xx_hal_tim_ex.o(i.HAL_TIMEx_BreakCallback)
    HAL_TIMEx_CommutationCallback            0x080029ff   Thumb Code     2  stm32f4xx_hal_tim_ex.o(i.HAL_TIMEx_CommutationCallback)
    HAL_TIM_Base_Init                        0x08002a01   Thumb Code    54  stm32f4xx_hal_tim.o(i.HAL_TIM_Base_Init)
    HAL_TIM_Base_MspInit                     0x08002a37   Thumb Code     2  stm32f4xx_hal_tim.o(i.HAL_TIM_Base_MspInit)
    HAL_TIM_Base_Start_IT                    0x08002a39   Thumb Code    24  stm32f4xx_hal_tim.o(i.HAL_TIM_Base_Start_IT)
    HAL_TIM_IC_CaptureCallback               0x08002a51   Thumb Code     2  stm32f4xx_hal_tim.o(i.HAL_TIM_IC_CaptureCallback)
    HAL_TIM_IRQHandler                       0x08002a53   Thumb Code   358  stm32f4xx_hal_tim.o(i.HAL_TIM_IRQHandler)
    HAL_TIM_OC_DelayElapsedCallback          0x08002bb9   Thumb Code     2  stm32f4xx_hal_tim.o(i.HAL_TIM_OC_DelayElapsedCallback)
    HAL_TIM_PWM_PulseFinishedCallback        0x08002bbb   Thumb Code     2  stm32f4xx_hal_tim.o(i.HAL_TIM_PWM_PulseFinishedCallback)
    HAL_TIM_PeriodElapsedCallback            0x08002bbd   Thumb Code    14  main.o(i.HAL_TIM_PeriodElapsedCallback)
    HAL_TIM_TriggerCallback                  0x08002bd1   Thumb Code     2  stm32f4xx_hal_tim.o(i.HAL_TIM_TriggerCallback)
    IOE_Delay                                0x08003089   Thumb Code     4  stm32f429i_discovery.o(i.IOE_Delay)
    IOE_ITConfig                             0x0800308d   Thumb Code    68  stm32f429i_discovery.o(i.IOE_ITConfig)
    IOE_Init                                 0x080030dd   Thumb Code     4  stm32f429i_discovery.o(i.IOE_Init)
    IOE_Read                                 0x080030e1   Thumb Code    44  stm32f429i_discovery.o(i.IOE_Read)
    IOE_ReadMultiple                         0x08003115   Thumb Code    38  stm32f429i_discovery.o(i.IOE_ReadMultiple)
    IOE_Write                                0x08003145   Thumb Code    40  stm32f429i_discovery.o(i.IOE_Write)
    LCD_Delay                                0x08003175   Thumb Code     4  stm32f429i_discovery.o(i.LCD_Delay)
    LCD_IO_Init                              0x08003179   Thumb Code   150  stm32f429i_discovery.o(i.LCD_IO_Init)
    LCD_IO_ReadData                          0x08003221   Thumb Code    92  stm32f429i_discovery.o(i.LCD_IO_ReadData)
    LCD_IO_WriteData                         0x0800328d   Thumb Code    46  stm32f429i_discovery.o(i.LCD_IO_WriteData)
    LCD_IO_WriteReg                          0x080032c5   Thumb Code    48  stm32f429i_discovery.o(i.LCD_IO_WriteReg)
    LED_Blink                                0x080032fd   Thumb Code    18  main.o(i.LED_Blink)
    LED_Toggle                               0x0800330f   Thumb Code    14  main.o(i.LED_Toggle)
    SCREEN_Toggle                            0x08003a55   Thumb Code   126  main.o(i.SCREEN_Toggle)
    StartDefaultTask                         0x08003c75   Thumb Code     8  main.o(i.StartDefaultTask)
    SysTick_Handler                          0x08003c7d   Thumb Code     4  stm32f4xx_it.o(i.SysTick_Handler)
    SystemClock_Config                       0x08003c81   Thumb Code   158  main.o(i.SystemClock_Config)
    SystemInit                               0x08003d29   Thumb Code    66  system_stm32f4xx.o(i.SystemInit)
    TIM1_UP_TIM10_IRQHandler                 0x08003d7d   Thumb Code     6  stm32f4xx_it.o(i.TIM1_UP_TIM10_IRQHandler)
    TIM_Base_SetConfig                       0x08003d89   Thumb Code   148  stm32f4xx_hal_tim.o(i.TIM_Base_SetConfig)
    TOUCH_Detect                             0x08003e49   Thumb Code    68  main.o(i.TOUCH_Detect)
    __scatterload_copy                       0x08003e91   Thumb Code    14  handlers.o(i.__scatterload_copy)
    __scatterload_null                       0x08003e9f   Thumb Code     2  handlers.o(i.__scatterload_null)
    __scatterload_zeroinit                   0x08003ea1   Thumb Code    14  handlers.o(i.__scatterload_zeroinit)
    ili9341_DisplayOff                       0x08003eaf   Thumb Code     6  ili9341.o(i.ili9341_DisplayOff)
    ili9341_DisplayOn                        0x08003eb5   Thumb Code     6  ili9341.o(i.ili9341_DisplayOn)
    ili9341_GetLcdPixelHeight                0x08003ebb   Thumb Code     6  ili9341.o(i.ili9341_GetLcdPixelHeight)
    ili9341_GetLcdPixelWidth                 0x08003ec1   Thumb Code     4  ili9341.o(i.ili9341_GetLcdPixelWidth)
    ili9341_Init                             0x08003ec5   Thumb Code   658  ili9341.o(i.ili9341_Init)
    ili9341_ReadID                           0x08004157   Thumb Code    18  ili9341.o(i.ili9341_ReadID)
    main                                     0x08004175   Thumb Code   238  main.o(i.main)
    osDelay                                  0x08004285   Thumb Code    14  cmsis_os.o(i.osDelay)
    osKernelStart                            0x08004293   Thumb Code    10  cmsis_os.o(i.osKernelStart)
    osSystickHandler                         0x0800429d   Thumb Code    20  cmsis_os.o(i.osSystickHandler)
    osThreadCreate                           0x080042b1   Thumb Code    56  cmsis_os.o(i.osThreadCreate)
    osThreadResume                           0x080042e9   Thumb Code    46  cmsis_os.o(i.osThreadResume)
    osThreadSuspend                          0x0800431d   Thumb Code    10  cmsis_os.o(i.osThreadSuspend)
    pvPortMalloc                             0x080044ed   Thumb Code   210  heap_4.o(i.pvPortMalloc)
    pxPortInitialiseStack                    0x080045c5   Thumb Code    36  port.o(i.pxPortInitialiseStack)
    stmpe811_ClearGlobalIT                   0x080045ed   Thumb Code    10  stmpe811.o(i.stmpe811_ClearGlobalIT)
    stmpe811_DisableGlobalIT                 0x080045f7   Thumb Code    28  stmpe811.o(i.stmpe811_DisableGlobalIT)
    stmpe811_DisableITSource                 0x08004613   Thumb Code    30  stmpe811.o(i.stmpe811_DisableITSource)
    stmpe811_EnableGlobalIT                  0x08004631   Thumb Code    28  stmpe811.o(i.stmpe811_EnableGlobalIT)
    stmpe811_EnableITSource                  0x0800464d   Thumb Code    30  stmpe811.o(i.stmpe811_EnableITSource)
    stmpe811_IO_EnableAF                     0x08004689   Thumb Code    30  stmpe811.o(i.stmpe811_IO_EnableAF)
    stmpe811_Init                            0x080046a9   Thumb Code    42  stmpe811.o(i.stmpe811_Init)
    stmpe811_ReadID                          0x080046d9   Thumb Code    32  stmpe811.o(i.stmpe811_ReadID)
    stmpe811_Reset                           0x080046f9   Thumb Code    40  stmpe811.o(i.stmpe811_Reset)
    stmpe811_TS_ClearIT                      0x08004721   Thumb Code     6  stmpe811.o(i.stmpe811_TS_ClearIT)
    stmpe811_TS_DetectTouch                  0x08004727   Thumb Code    54  stmpe811.o(i.stmpe811_TS_DetectTouch)
    stmpe811_TS_DisableIT                    0x0800475d   Thumb Code    20  stmpe811.o(i.stmpe811_TS_DisableIT)
    stmpe811_TS_EnableIT                     0x08004771   Thumb Code    26  stmpe811.o(i.stmpe811_TS_EnableIT)
    stmpe811_TS_GetXY                        0x0800478b   Thumb Code    62  stmpe811.o(i.stmpe811_TS_GetXY)
    stmpe811_TS_ITStatus                     0x080047c9   Thumb Code    16  stmpe811.o(i.stmpe811_TS_ITStatus)
    stmpe811_TS_Start                        0x080047d9   Thumb Code   162  stmpe811.o(i.stmpe811_TS_Start)
    uxListRemove                             0x0800487b   Thumb Code    36  list.o(i.uxListRemove)
    vListInitialise                          0x0800489f   Thumb Code    22  list.o(i.vListInitialise)
    vListInitialiseItem                      0x080048b5   Thumb Code     6  list.o(i.vListInitialiseItem)
    vListInsert                              0x080048bb   Thumb Code    48  list.o(i.vListInsert)
    vListInsertEnd                           0x080048eb   Thumb Code    24  list.o(i.vListInsertEnd)
    vPortEnterCritical                       0x08004905   Thumb Code    54  port.o(i.vPortEnterCritical)
    vPortExitCritical                        0x08004945   Thumb Code    34  port.o(i.vPortExitCritical)
    vPortFree                                0x0800496d   Thumb Code    88  heap_4.o(i.vPortFree)
    vPortSetupTimerInterrupt                 0x080049c9   Thumb Code    26  port.o(i.vPortSetupTimerInterrupt)
    vPortValidateInterruptPriority           0x080049e9   Thumb Code    74  port.o(i.vPortValidateInterruptPriority)
    vTaskDelay                               0x08004a3d   Thumb Code    94  tasks.o(i.vTaskDelay)
    vTaskResume                              0x08004aa5   Thumb Code   116  tasks.o(i.vTaskResume)
    vTaskStartScheduler                      0x08004b25   Thumb Code    86  tasks.o(i.vTaskStartScheduler)
    vTaskSuspend                             0x08004b8d   Thumb Code   166  tasks.o(i.vTaskSuspend)
    vTaskSuspendAll                          0x08004c41   Thumb Code    10  tasks.o(i.vTaskSuspendAll)
    vTaskSwitchContext                       0x08004c51   Thumb Code    82  tasks.o(i.vTaskSwitchContext)
    xPortStartScheduler                      0x08004cad   Thumb Code   202  port.o(i.xPortStartScheduler)
    xPortSysTickHandler                      0x08004d8d   Thumb Code    38  port.o(i.xPortSysTickHandler)
    xTaskGenericCreate                       0x08004db9   Thumb Code   430  tasks.o(i.xTaskGenericCreate)
    xTaskGetSchedulerState                   0x08004f75   Thumb Code    22  tasks.o(i.xTaskGetSchedulerState)
    xTaskIncrementTick                       0x08004f91   Thumb Code   194  tasks.o(i.xTaskIncrementTick)
    xTaskResumeAll                           0x0800505d   Thumb Code   182  tasks.o(i.xTaskResumeAll)
    xTaskResumeFromISR                       0x08005121   Thumb Code   132  tasks.o(i.xTaskResumeFromISR)
    APBAHBPrescTable                         0x08005210   Data          16  stm32f4xx_hal_rcc.o(.constdata)
    BUTTON_IRQn                              0x08005228   Data           1  stm32f429i_discovery.o(.constdata)
    BUTTON_PIN                               0x0800522a   Data           2  stm32f429i_discovery.o(.constdata)
    GPIO_PIN                                 0x0800522c   Data           4  stm32f429i_discovery.o(.constdata)
    Font24_Table                             0x08005230   Data        6840  stm32f429i_discovery_lcd.o(.constdata)
    Region$$Table$$Base                      0x08006d14   Number         0  anon$$obj.o(Region$$Table)
    Region$$Table$$Limit                     0x08006d34   Number         0  anon$$obj.o(Region$$Table)
    defaultTaskHandle                        0x20000008   Data           4  main.o(.data)
    LED_1Handle                              0x2000000c   Data           4  main.o(.data)
    SCREENHandle                             0x20000010   Data           4  main.o(.data)
    TOUCHHandle                              0x20000014   Data           4  main.o(.data)
    LED_2Handle                              0x20000018   Data           4  main.o(.data)
    SystemCoreClock                          0x20000024   Data           4  system_stm32f4xx.o(.data)
    pxCurrentTCB                             0x2000004c   Data           4  tasks.o(.data)
    uwTick                                   0x20000084   Data           4  stm32f4xx_hal.o(.data)
    BUTTON_PORT                              0x2000008c   Data           4  stm32f429i_discovery.o(.data)
    I2cxTimeout                              0x20000090   Data           4  stm32f429i_discovery.o(.data)
    SpixTimeout                              0x20000094   Data           4  stm32f429i_discovery.o(.data)
    GPIO_PORT                                0x20000098   Data           8  stm32f429i_discovery.o(.data)
    LcdDrv                                   0x200000a4   Data           4  stm32f429i_discovery_lcd.o(.data)
    Font24                                   0x200000a8   Data           8  stm32f429i_discovery_lcd.o(.data)
    ili9341_drv                              0x200000c0   Data          56  ili9341.o(.data)
    stmpe811_ts_drv                          0x200000f8   Data          40  stmpe811.o(.data)
    stmpe811                                 0x20000120   Data           2  stmpe811.o(.data)
    htim1                                    0x20000124   Data          60  stm32f4xx_hal_timebase_tim.o(.bss)
    I2cHandle                                0x2001f650   Data          84  stm32f429i_discovery.o(.bss)
    LtdcHandler                              0x2001f6fc   Data         168  stm32f429i_discovery_lcd.o(.bss)
    __initial_sp                             0x2001fcf0   Data           0  startup_stm32f429xx.o(STACK)



==============================================================================

Memory Map of the image

  Image Entry point : 0x080001ad

  Load Region LR_IROM1 (Base: 0x08000000, Size: 0x00006e58, Max: 0x00200000, ABSOLUTE)

    Execution Region ER_IROM1 (Base: 0x08000000, Size: 0x00006d34, Max: 0x00200000, ABSOLUTE)

    Base Addr    Size         Type   Attr      Idx    E Section Name        Object

    0x08000000   0x000001ac   Data   RO         1471    RESET               startup_stm32f429xx.o
    0x080001ac   0x00000000   Code   RO         5889  * .ARM.Collect$$$$00000000  mc_w.l(entry.o)
    0x080001ac   0x00000004   Code   RO         5898    .ARM.Collect$$$$00000001  mc_w.l(entry2.o)
    0x080001b0   0x00000004   Code   RO         5901    .ARM.Collect$$$$00000004  mc_w.l(entry5.o)
    0x080001b4   0x00000000   Code   RO         5903    .ARM.Collect$$$$00000008  mc_w.l(entry7b.o)
    0x080001b4   0x00000000   Code   RO         5905    .ARM.Collect$$$$0000000A  mc_w.l(entry8b.o)
    0x080001b4   0x00000008   Code   RO         5906    .ARM.Collect$$$$0000000B  mc_w.l(entry9a.o)
    0x080001bc   0x00000000   Code   RO         5908    .ARM.Collect$$$$0000000D  mc_w.l(entry10a.o)
    0x080001bc   0x00000000   Code   RO         5910    .ARM.Collect$$$$0000000F  mc_w.l(entry11a.o)
    0x080001bc   0x00000004   Code   RO         5899    .ARM.Collect$$$$00002712  mc_w.l(entry2.o)
    0x080001c0   0x000000ba   Code   RO          727    .emb_text           port.o
    0x0800027a   0x00000002   PAD
    0x0800027c   0x00000024   Code   RO         1472    .text               startup_stm32f429xx.o
    0x080002a0   0x00000024   Code   RO         5892    .text               mc_w.l(memcpya.o)
    0x080002c4   0x00000024   Code   RO         5894    .text               mc_w.l(memseta.o)
    0x080002e8   0x00000024   Code   RO         5912    .text               mc_w.l(init.o)
    0x0800030c   0x0000003c   Code   RO         5121    i.BSP_LCD_Clear     stm32f429i_discovery_lcd.o
    0x08000348   0x00000034   Code   RO         5123    i.BSP_LCD_DisplayChar  stm32f429i_discovery_lcd.o
    0x0800037c   0x00000014   Code   RO         5125    i.BSP_LCD_DisplayOn  stm32f429i_discovery_lcd.o
    0x08000390   0x000000c4   Code   RO         5126    i.BSP_LCD_DisplayStringAt  stm32f429i_discovery_lcd.o
    0x08000454   0x00000118   Code   RO         5129    i.BSP_LCD_DrawCircle  stm32f429i_discovery_lcd.o
    0x0800056c   0x0000004c   Code   RO         5131    i.BSP_LCD_DrawHLine  stm32f429i_discovery_lcd.o
    0x080005b8   0x00000034   Code   RO         5133    i.BSP_LCD_DrawPixel  stm32f429i_discovery_lcd.o
    0x080005ec   0x000000c4   Code   RO         5137    i.BSP_LCD_FillCircle  stm32f429i_discovery_lcd.o
    0x080006b0   0x0000000c   Code   RO         5145    i.BSP_LCD_GetXSize  stm32f429i_discovery_lcd.o
    0x080006bc   0x0000000c   Code   RO         5146    i.BSP_LCD_GetYSize  stm32f429i_discovery_lcd.o
    0x080006c8   0x00000094   Code   RO         5147    i.BSP_LCD_Init      stm32f429i_discovery_lcd.o
    0x0800075c   0x00000080   Code   RO         5148    i.BSP_LCD_LayerDefaultInit  stm32f429i_discovery_lcd.o
    0x080007dc   0x0000000c   Code   RO         5153    i.BSP_LCD_SelectLayer  stm32f429i_discovery_lcd.o
    0x080007e8   0x0000001c   Code   RO         5154    i.BSP_LCD_SetBackColor  stm32f429i_discovery_lcd.o
    0x08000804   0x0000001c   Code   RO         5157    i.BSP_LCD_SetFont   stm32f429i_discovery_lcd.o
    0x08000820   0x00000018   Code   RO         5164    i.BSP_LCD_SetTextColor  stm32f429i_discovery_lcd.o
    0x08000838   0x0000005c   Code   RO         4929    i.BSP_LED_Init      stm32f429i_discovery.o
    0x08000894   0x00000018   Code   RO         4932    i.BSP_LED_Toggle    stm32f429i_discovery.o
    0x080008ac   0x00000064   Code   RO         5475    i.BSP_SDRAM_Init    stm32f429i_discovery_sdram.o
    0x08000910   0x00000088   Code   RO         5476    i.BSP_SDRAM_Initialization_sequence  stm32f429i_discovery_sdram.o
    0x08000998   0x000000b0   Code   RO         5547    i.BSP_TS_GetState   stm32f429i_discovery_ts.o
    0x08000a48   0x00000038   Code   RO         5551    i.BSP_TS_Init       stm32f429i_discovery_ts.o
    0x08000a80   0x000000a4   Code   RO         3413    i.DMA2D_SetConfig   stm32f4xx_hal_dma2d.o
    0x08000b24   0x00000028   Code   RO         2676    i.DMA_CalcBaseAndBitshift  stm32f4xx_hal_dma.o
    0x08000b4c   0x00000054   Code   RO         2677    i.DMA_CheckFifoParam  stm32f4xx_hal_dma.o
    0x08000ba0   0x000000b4   Code   RO         5168    i.DrawChar          stm32f429i_discovery_lcd.o
    0x08000c54   0x00000050   Code   RO         4768    i.FMC_SDRAM_Init    stm32f4xx_ll_fmc.o
    0x08000ca4   0x0000000c   Code   RO         4769    i.FMC_SDRAM_ProgramRefreshRate  stm32f4xx_ll_fmc.o
    0x08000cb0   0x00000048   Code   RO         4770    i.FMC_SDRAM_SendCommand  stm32f4xx_ll_fmc.o
    0x08000cf8   0x00000080   Code   RO         4772    i.FMC_SDRAM_Timing_Init  stm32f4xx_ll_fmc.o
    0x08000d78   0x00000060   Code   RO         5169    i.FillBuffer        stm32f429i_discovery_lcd.o
    0x08000dd8   0x000000c4   Code   RO         3425    i.HAL_DMA2D_ConfigLayer  stm32f4xx_hal_dma2d.o
    0x08000e9c   0x0000005a   Code   RO         3433    i.HAL_DMA2D_Init    stm32f4xx_hal_dma2d.o
    0x08000ef6   0x00000002   Code   RO         3436    i.HAL_DMA2D_MspInit  stm32f4xx_hal_dma2d.o
    0x08000ef8   0x0000010c   Code   RO         3437    i.HAL_DMA2D_PollForTransfer  stm32f4xx_hal_dma2d.o
    0x08001004   0x00000034   Code   RO         3440    i.HAL_DMA2D_Start   stm32f4xx_hal_dma2d.o
    0x08001038   0x00000056   Code   RO         2681    i.HAL_DMA_DeInit    stm32f4xx_hal_dma.o
    0x0800108e   0x00000002   PAD
    0x08001090   0x000000d0   Code   RO         2685    i.HAL_DMA_Init      stm32f4xx_hal_dma.o
    0x08001160   0x00000016   Code   RO         3112    i.HAL_Delay         stm32f4xx_hal.o
    0x08001176   0x00000002   PAD
    0x08001178   0x000001cc   Code   RO         2803    i.HAL_GPIO_Init     stm32f4xx_hal_gpio.o
    0x08001344   0x00000008   Code   RO         2806    i.HAL_GPIO_TogglePin  stm32f4xx_hal_gpio.o
    0x0800134c   0x0000000a   Code   RO         2807    i.HAL_GPIO_WritePin  stm32f4xx_hal_gpio.o
    0x08001356   0x00000002   PAD
    0x08001358   0x0000000c   Code   RO         3120    i.HAL_GetTick       stm32f4xx_hal.o
    0x08001364   0x00000032   Code   RO         3612    i.HAL_I2C_DeInit    stm32f4xx_hal_i2c.o
    0x08001396   0x00000006   Code   RO         3620    i.HAL_I2C_GetState  stm32f4xx_hal_i2c.o
    0x0800139c   0x00000108   Code   RO         3621    i.HAL_I2C_Init      stm32f4xx_hal_i2c.o
    0x080014a4   0x000001fc   Code   RO         3637    i.HAL_I2C_Mem_Read  stm32f4xx_hal_i2c.o
    0x080016a0   0x0000013c   Code   RO         3640    i.HAL_I2C_Mem_Write  stm32f4xx_hal_i2c.o
    0x080017dc   0x00000002   Code   RO         3643    i.HAL_I2C_MspDeInit  stm32f4xx_hal_i2c.o
    0x080017de   0x00000002   Code   RO         3644    i.HAL_I2C_MspInit   stm32f4xx_hal_i2c.o
    0x080017e0   0x00000010   Code   RO         3121    i.HAL_IncTick       stm32f4xx_hal.o
    0x080017f0   0x00000034   Code   RO         3122    i.HAL_Init          stm32f4xx_hal.o
    0x08001824   0x00000074   Code   RO          355    i.HAL_InitTick      stm32f4xx_hal_timebase_tim.o
    0x08001898   0x00000052   Code   RO         4041    i.HAL_LTDC_ConfigLayer  stm32f4xx_hal_ltdc.o
    0x080018ea   0x00000002   PAD
    0x080018ec   0x00000030   Code   RO         4053    i.HAL_LTDC_EnableDither  stm32f4xx_hal_ltdc.o
    0x0800191c   0x000000fc   Code   RO         4058    i.HAL_LTDC_Init     stm32f4xx_hal_ltdc.o
    0x08001a18   0x00000002   Code   RO         4061    i.HAL_LTDC_MspInit  stm32f4xx_hal_ltdc.o
    0x08001a1a   0x00000058   Code   RO          216    i.HAL_MspInit       stm32f4xx_hal_msp.o
    0x08001a72   0x00000016   Code   RO         2438    i.HAL_NVIC_EnableIRQ  stm32f4xx_hal_cortex.o
    0x08001a88   0x00000040   Code   RO         2444    i.HAL_NVIC_SetPriority  stm32f4xx_hal_cortex.o
    0x08001ac8   0x00000024   Code   RO         2445    i.HAL_NVIC_SetPriorityGrouping  stm32f4xx_hal_cortex.o
    0x08001aec   0x0000008c   Code   RO         3347    i.HAL_PWREx_EnableOverDrive  stm32f4xx_hal_pwr_ex.o
    0x08001b78   0x000002b8   Code   RO         3306    i.HAL_RCCEx_PeriphCLKConfig  stm32f4xx_hal_rcc_ex.o
    0x08001e30   0x0000017c   Code   RO         1480    i.HAL_RCC_ClockConfig  stm32f4xx_hal_rcc.o
    0x08001fac   0x00000040   Code   RO         1484    i.HAL_RCC_GetClockConfig  stm32f4xx_hal_rcc.o
    0x08001fec   0x0000000c   Code   RO         1485    i.HAL_RCC_GetHCLKFreq  stm32f4xx_hal_rcc.o
    0x08001ff8   0x00000030   Code   RO         1487    i.HAL_RCC_GetPCLK1Freq  stm32f4xx_hal_rcc.o
    0x08002028   0x00000030   Code   RO         1488    i.HAL_RCC_GetPCLK2Freq  stm32f4xx_hal_rcc.o
    0x08002058   0x00000070   Code   RO         1489    i.HAL_RCC_GetSysClockFreq  stm32f4xx_hal_rcc.o
    0x080020c8   0x00000314   Code   RO         1492    i.HAL_RCC_OscConfig  stm32f4xx_hal_rcc.o
    0x080023dc   0x00000042   Code   RO         4319    i.HAL_SDRAM_Init    stm32f4xx_hal_sdram.o
    0x0800241e   0x00000002   Code   RO         4321    i.HAL_SDRAM_MspInit  stm32f4xx_hal_sdram.o
    0x08002420   0x00000022   Code   RO         4322    i.HAL_SDRAM_ProgramRefreshRate  stm32f4xx_hal_sdram.o
    0x08002442   0x00000002   PAD
    0x08002444   0x00000030   Code   RO         4328    i.HAL_SDRAM_SendCommand  stm32f4xx_hal_sdram.o
    0x08002474   0x0000002e   Code   RO         4472    i.HAL_SPI_DeInit    stm32f4xx_hal_spi.o
    0x080024a2   0x00000006   Code   RO         4475    i.HAL_SPI_GetState  stm32f4xx_hal_spi.o
    0x080024a8   0x00000080   Code   RO         4477    i.HAL_SPI_Init      stm32f4xx_hal_spi.o
    0x08002528   0x00000002   Code   RO         4478    i.HAL_SPI_MspDeInit  stm32f4xx_hal_spi.o
    0x0800252a   0x00000002   Code   RO         4479    i.HAL_SPI_MspInit   stm32f4xx_hal_spi.o
    0x0800252c   0x00000150   Code   RO         4480    i.HAL_SPI_Receive   stm32f4xx_hal_spi.o
    0x0800267c   0x00000168   Code   RO         4485    i.HAL_SPI_Transmit  stm32f4xx_hal_spi.o
    0x080027e4   0x000001d8   Code   RO         4486    i.HAL_SPI_TransmitReceive  stm32f4xx_hal_spi.o
    0x080029bc   0x00000018   Code   RO         2447    i.HAL_SYSTICK_CLKSourceConfig  stm32f4xx_hal_cortex.o
    0x080029d4   0x00000028   Code   RO         2449    i.HAL_SYSTICK_Config  stm32f4xx_hal_cortex.o
    0x080029fc   0x00000002   Code   RO         2866    i.HAL_TIMEx_BreakCallback  stm32f4xx_hal_tim_ex.o
    0x080029fe   0x00000002   Code   RO         2867    i.HAL_TIMEx_CommutationCallback  stm32f4xx_hal_tim_ex.o
    0x08002a00   0x00000036   Code   RO         1806    i.HAL_TIM_Base_Init  stm32f4xx_hal_tim.o
    0x08002a36   0x00000002   Code   RO         1808    i.HAL_TIM_Base_MspInit  stm32f4xx_hal_tim.o
    0x08002a38   0x00000018   Code   RO         1811    i.HAL_TIM_Base_Start_IT  stm32f4xx_hal_tim.o
    0x08002a50   0x00000002   Code   RO         1835    i.HAL_TIM_IC_CaptureCallback  stm32f4xx_hal_tim.o
    0x08002a52   0x00000166   Code   RO         1848    i.HAL_TIM_IRQHandler  stm32f4xx_hal_tim.o
    0x08002bb8   0x00000002   Code   RO         1851    i.HAL_TIM_OC_DelayElapsedCallback  stm32f4xx_hal_tim.o
    0x08002bba   0x00000002   Code   RO         1878    i.HAL_TIM_PWM_PulseFinishedCallback  stm32f4xx_hal_tim.o
    0x08002bbc   0x00000014   Code   RO          241    i.HAL_TIM_PeriodElapsedCallback  main.o
    0x08002bd0   0x00000002   Code   RO         1889    i.HAL_TIM_TriggerCallback  stm32f4xx_hal_tim.o
    0x08002bd2   0x00000028   Code   RO         3659    i.I2C_IsAcknowledgeFailed  stm32f4xx_hal_i2c.o
    0x08002bfa   0x000000f0   Code   RO         3668    i.I2C_RequestMemoryRead  stm32f4xx_hal_i2c.o
    0x08002cea   0x00000002   PAD
    0x08002cec   0x000000a0   Code   RO         3669    i.I2C_RequestMemoryWrite  stm32f4xx_hal_i2c.o
    0x08002d8c   0x0000004e   Code   RO         3672    i.I2C_WaitOnBTFFlagUntilTimeout  stm32f4xx_hal_i2c.o
    0x08002dda   0x00000060   Code   RO         3673    i.I2C_WaitOnFlagUntilTimeout  stm32f4xx_hal_i2c.o
    0x08002e3a   0x00000002   PAD
    0x08002e3c   0x00000088   Code   RO         3674    i.I2C_WaitOnMasterAddressFlagUntilTimeout  stm32f4xx_hal_i2c.o
    0x08002ec4   0x00000062   Code   RO         3675    i.I2C_WaitOnRXNEFlagUntilTimeout  stm32f4xx_hal_i2c.o
    0x08002f26   0x0000004e   Code   RO         3676    i.I2C_WaitOnTXEFlagUntilTimeout  stm32f4xx_hal_i2c.o
    0x08002f74   0x00000014   Code   RO         4938    i.I2Cx_Error        stm32f429i_discovery.o
    0x08002f88   0x00000048   Code   RO         4939    i.I2Cx_Init         stm32f429i_discovery.o
    0x08002fd0   0x000000b8   Code   RO         4940    i.I2Cx_MspInit      stm32f429i_discovery.o
    0x08003088   0x00000004   Code   RO         4941    i.IOE_Delay         stm32f429i_discovery.o
    0x0800308c   0x00000050   Code   RO         4942    i.IOE_ITConfig      stm32f429i_discovery.o
    0x080030dc   0x00000004   Code   RO         4943    i.IOE_Init          stm32f429i_discovery.o
    0x080030e0   0x00000034   Code   RO         4944    i.IOE_Read          stm32f429i_discovery.o
    0x08003114   0x00000030   Code   RO         4945    i.IOE_ReadMultiple  stm32f429i_discovery.o
    0x08003144   0x00000030   Code   RO         4946    i.IOE_Write         stm32f429i_discovery.o
    0x08003174   0x00000004   Code   RO         4948    i.LCD_Delay         stm32f429i_discovery.o
    0x08003178   0x000000a8   Code   RO         4949    i.LCD_IO_Init       stm32f429i_discovery.o
    0x08003220   0x0000006c   Code   RO         4950    i.LCD_IO_ReadData   stm32f429i_discovery.o
    0x0800328c   0x00000038   Code   RO         4951    i.LCD_IO_WriteData  stm32f429i_discovery.o
    0x080032c4   0x00000038   Code   RO         4952    i.LCD_IO_WriteReg   stm32f429i_discovery.o
    0x080032fc   0x00000012   Code   RO          242    i.LED_Blink         main.o
    0x0800330e   0x0000000e   Code   RO          243    i.LED_Toggle        main.o
    0x0800331c   0x00000162   Code   RO         4077    i.LTDC_SetConfig    stm32f4xx_hal_ltdc.o
    0x0800347e   0x00000002   PAD
    0x08003480   0x00000328   Code   RO          244    i.MX_GPIO_Init      main.o
    0x080037a8   0x0000012c   Code   RO         5170    i.MspInit           stm32f429i_discovery_lcd.o
    0x080038d4   0x00000160   Code   RO         5482    i.MspInit           stm32f429i_discovery_sdram.o
    0x08003a34   0x00000020   Code   RO         2451    i.NVIC_SetPriority  stm32f4xx_hal_cortex.o
    0x08003a54   0x00000094   Code   RO          245    i.SCREEN_Toggle     main.o
    0x08003ae8   0x00000020   Code   RO         4499    i.SPI_CheckFlag_BSY  stm32f4xx_hal_spi.o
    0x08003b08   0x00000096   Code   RO         4515    i.SPI_WaitFlagStateUntilTimeout  stm32f4xx_hal_spi.o
    0x08003b9e   0x00000002   PAD
    0x08003ba0   0x00000014   Code   RO         4953    i.SPIx_Error        stm32f429i_discovery.o
    0x08003bb4   0x0000009c   Code   RO         4954    i.SPIx_Init         stm32f429i_discovery.o
    0x08003c50   0x00000024   Code   RO         4955    i.SPIx_Write        stm32f429i_discovery.o
    0x08003c74   0x00000008   Code   RO          246    i.StartDefaultTask  main.o
    0x08003c7c   0x00000004   Code   RO           49    i.SysTick_Handler   stm32f4xx_it.o
    0x08003c80   0x000000a8   Code   RO          247    i.SystemClock_Config  main.o
    0x08003d28   0x00000054   Code   RO          396    i.SystemInit        system_stm32f4xx.o
    0x08003d7c   0x0000000c   Code   RO           50    i.TIM1_UP_TIM10_IRQHandler  stm32f4xx_it.o
    0x08003d88   0x000000c0   Code   RO         1890    i.TIM_Base_SetConfig  stm32f4xx_hal_tim.o
    0x08003e48   0x00000048   Code   RO          248    i.TOUCH_Detect      main.o
    0x08003e90   0x0000000e   Code   RO         5916    i.__scatterload_copy  mc_w.l(handlers.o)
    0x08003e9e   0x00000002   Code   RO         5917    i.__scatterload_null  mc_w.l(handlers.o)
    0x08003ea0   0x0000000e   Code   RO         5918    i.__scatterload_zeroinit  mc_w.l(handlers.o)
    0x08003eae   0x00000006   Code   RO         5610    i.ili9341_DisplayOff  ili9341.o
    0x08003eb4   0x00000006   Code   RO         5611    i.ili9341_DisplayOn  ili9341.o
    0x08003eba   0x00000006   Code   RO         5612    i.ili9341_GetLcdPixelHeight  ili9341.o
    0x08003ec0   0x00000004   Code   RO         5613    i.ili9341_GetLcdPixelWidth  ili9341.o
    0x08003ec4   0x00000292   Code   RO         5614    i.ili9341_Init      ili9341.o
    0x08004156   0x00000012   Code   RO         5616    i.ili9341_ReadID    ili9341.o
    0x08004168   0x0000000c   Code   RO          800    i.inHandlerMode     cmsis_os.o
    0x08004174   0x00000104   Code   RO          249    i.main              main.o
    0x08004278   0x0000000c   Code   RO          802    i.makeFreeRtosPriority  cmsis_os.o
    0x08004284   0x0000000e   Code   RO          803    i.osDelay           cmsis_os.o
    0x08004292   0x0000000a   Code   RO          806    i.osKernelStart     cmsis_os.o
    0x0800429c   0x00000014   Code   RO          835    i.osSystickHandler  cmsis_os.o
    0x080042b0   0x00000038   Code   RO          836    i.osThreadCreate    cmsis_os.o
    0x080042e8   0x00000034   Code   RO          840    i.osThreadResume    cmsis_os.o
    0x0800431c   0x0000000a   Code   RO          843    i.osThreadSuspend   cmsis_os.o
    0x08004326   0x00000002   PAD
    0x08004328   0x00000034   Code   RO         1151    i.prvAddCurrentTaskToDelayedList  tasks.o
    0x0800435c   0x00000054   Code   RO         1152    i.prvCheckTasksWaitingTermination  tasks.o
    0x080043b0   0x0000004c   Code   RO          430    i.prvHeapInit       heap_4.o
    0x080043fc   0x00000028   Code   RO         1153    i.prvIdleTask       tasks.o
    0x08004424   0x0000004c   Code   RO          431    i.prvInsertBlockIntoFreeList  heap_4.o
    0x08004470   0x00000020   Code   RO         1155    i.prvResetNextTaskUnblockTime  tasks.o
    0x08004490   0x00000028   Code   RO          728    i.prvTaskExitError  port.o
    0x080044b8   0x00000034   Code   RO         1156    i.prvTaskIsTaskSuspended  tasks.o
    0x080044ec   0x000000d8   Code   RO          432    i.pvPortMalloc      heap_4.o
    0x080045c4   0x00000028   Code   RO          729    i.pxPortInitialiseStack  port.o
    0x080045ec   0x0000000a   Code   RO         5678    i.stmpe811_ClearGlobalIT  stmpe811.o
    0x080045f6   0x0000001c   Code   RO         5679    i.stmpe811_DisableGlobalIT  stmpe811.o
    0x08004612   0x0000001e   Code   RO         5680    i.stmpe811_DisableITSource  stmpe811.o
    0x08004630   0x0000001c   Code   RO         5681    i.stmpe811_EnableGlobalIT  stmpe811.o
    0x0800464c   0x0000001e   Code   RO         5682    i.stmpe811_EnableITSource  stmpe811.o
    0x0800466a   0x00000002   PAD
    0x0800466c   0x0000001c   Code   RO         5683    i.stmpe811_GetInstance  stmpe811.o
    0x08004688   0x0000001e   Code   RO         5690    i.stmpe811_IO_EnableAF  stmpe811.o
    0x080046a6   0x00000002   PAD
    0x080046a8   0x00000030   Code   RO         5699    i.stmpe811_Init     stmpe811.o
    0x080046d8   0x00000020   Code   RO         5701    i.stmpe811_ReadID   stmpe811.o
    0x080046f8   0x00000028   Code   RO         5702    i.stmpe811_Reset    stmpe811.o
    0x08004720   0x00000006   Code   RO         5705    i.stmpe811_TS_ClearIT  stmpe811.o
    0x08004726   0x00000036   Code   RO         5706    i.stmpe811_TS_DetectTouch  stmpe811.o
    0x0800475c   0x00000014   Code   RO         5707    i.stmpe811_TS_DisableIT  stmpe811.o
    0x08004770   0x0000001a   Code   RO         5708    i.stmpe811_TS_EnableIT  stmpe811.o
    0x0800478a   0x0000003e   Code   RO         5709    i.stmpe811_TS_GetXY  stmpe811.o
    0x080047c8   0x00000010   Code   RO         5710    i.stmpe811_TS_ITStatus  stmpe811.o
    0x080047d8   0x000000a2   Code   RO         5711    i.stmpe811_TS_Start  stmpe811.o
    0x0800487a   0x00000024   Code   RO         1433    i.uxListRemove      list.o
    0x0800489e   0x00000016   Code   RO         1434    i.vListInitialise   list.o
    0x080048b4   0x00000006   Code   RO         1435    i.vListInitialiseItem  list.o
    0x080048ba   0x00000030   Code   RO         1436    i.vListInsert       list.o
    0x080048ea   0x00000018   Code   RO         1437    i.vListInsertEnd    list.o
    0x08004902   0x00000002   PAD
    0x08004904   0x00000040   Code   RO          731    i.vPortEnterCritical  port.o
    0x08004944   0x00000028   Code   RO          732    i.vPortExitCritical  port.o
    0x0800496c   0x0000005c   Code   RO          433    i.vPortFree         heap_4.o
    0x080049c8   0x00000020   Code   RO          733    i.vPortSetupTimerInterrupt  port.o
    0x080049e8   0x00000054   Code   RO          734    i.vPortValidateInterruptPriority  port.o
    0x08004a3c   0x00000068   Code   RO         1165    i.vTaskDelay        tasks.o
    0x08004aa4   0x00000080   Code   RO         1174    i.vTaskResume       tasks.o
    0x08004b24   0x00000068   Code   RO         1177    i.vTaskStartScheduler  tasks.o
    0x08004b8c   0x000000b4   Code   RO         1178    i.vTaskSuspend      tasks.o
    0x08004c40   0x00000010   Code   RO         1179    i.vTaskSuspendAll   tasks.o
    0x08004c50   0x0000005c   Code   RO         1180    i.vTaskSwitchContext  tasks.o
    0x08004cac   0x000000e0   Code   RO          735    i.xPortStartScheduler  port.o
    0x08004d8c   0x0000002c   Code   RO          736    i.xPortSysTickHandler  port.o
    0x08004db8   0x000001bc   Code   RO         1182    i.xTaskGenericCreate  tasks.o
    0x08004f74   0x0000001c   Code   RO         1186    i.xTaskGetSchedulerState  tasks.o
    0x08004f90   0x000000cc   Code   RO         1189    i.xTaskIncrementTick  tasks.o
    0x0800505c   0x000000c4   Code   RO         1195    i.xTaskResumeAll    tasks.o
    0x08005120   0x0000008c   Code   RO         1196    i.xTaskResumeFromISR  tasks.o
    0x080051ac   0x00000064   Data   RO          250    .constdata          main.o
    0x08005210   0x00000010   Data   RO         1493    .constdata          stm32f4xx_hal_rcc.o
    0x08005220   0x00000008   Data   RO         2691    .constdata          stm32f4xx_hal_dma.o
    0x08005228   0x00000008   Data   RO         4958    .constdata          stm32f429i_discovery.o
    0x08005230   0x00001ab8   Data   RO         5172    .constdata          stm32f429i_discovery_lcd.o
    0x08006ce8   0x0000002c   Data   RO          251    .conststring        main.o
    0x08006d14   0x00000020   Data   RO         5914    Region$$Table       anon$$obj.o


    Execution Region RW_IRAM1 (Base: 0x20000000, Size: 0x0001fcf0, Max: 0x00030000, ABSOLUTE)

    Base Addr    Size         Type   Attr      Idx    E Section Name        Object

    0x20000000   0x00000024   Data   RW          252    .data               main.o
    0x20000024   0x00000004   Data   RW          399    .data               system_stm32f4xx.o
    0x20000028   0x00000018   Data   RW          438    .data               heap_4.o
    0x20000040   0x0000000c   Data   RW          737    .data               port.o
    0x2000004c   0x00000038   Data   RW         1198    .data               tasks.o
    0x20000084   0x00000004   Data   RW         3128    .data               stm32f4xx_hal.o
    0x20000088   0x00000018   Data   RW         4959    .data               stm32f429i_discovery.o
    0x200000a0   0x00000010   Data   RW         5177    .data               stm32f429i_discovery_lcd.o
    0x200000b0   0x00000010   Data   RW         5552    .data               stm32f429i_discovery_ts.o
    0x200000c0   0x00000038   Data   RW         5619    .data               ili9341.o
    0x200000f8   0x00000028   Data   RW         5712    .data               stmpe811.o
    0x20000120   0x00000002   Data   RW         5714    .data               stmpe811.o
    0x20000122   0x00000002   PAD
    0x20000124   0x0000003c   Zero   RW          358    .bss                stm32f4xx_hal_timebase_tim.o
    0x20000160   0x0001f400   Zero   RW          437    .bss                heap_4.o
    0x2001f560   0x000000f0   Zero   RW         1197    .bss                tasks.o
    0x2001f650   0x000000ac   Zero   RW         4957    .bss                stm32f429i_discovery.o
    0x2001f6fc   0x00000130   Zero   RW         5171    .bss                stm32f429i_discovery_lcd.o
    0x2001f82c   0x000000c0   Zero   RW         5483    .bss                stm32f429i_discovery_sdram.o
    0x2001f8ec   0x00000004   PAD
    0x2001f8f0   0x00000400   Zero   RW         1469    STACK               startup_stm32f429xx.o


==============================================================================

Image component sizes


      Code (inc. data)   RO Data    RW Data    ZI Data      Debug   Object Name

       186          6          0          0          0      16983   cmsis_os.o
         0          0          0          0          0       8320   event_groups.o
         0          0          0          0          0      14944   freertos.o
       460         24          0         24     128000       8643   heap_4.o
       698          0          0         56          0       8747   ili9341.o
       136          0          0          0          0       3498   list.o
      1516        102        144         36          0       7308   main.o
       754         84          0         12          0       9209   port.o
        36          8        428          0       1024        796   startup_stm32f429xx.o
      1232        180          8         24        172      19255   stm32f429i_discovery.o
      1900        188       6840         16        304      21535   stm32f429i_discovery_lcd.o
       588         48          0          0        192       3085   stm32f429i_discovery_sdram.o
       232         14          0         16          0       3680   stm32f429i_discovery_ts.o
       102         16          0          4          0       3736   stm32f4xx_hal.o
       218         14          0          0          0      30985   stm32f4xx_hal_cortex.o
       418         12          8          0          0       3604   stm32f4xx_hal_dma.o
       772          8          0          0          0       6247   stm32f4xx_hal_dma2d.o
       478         52          0          0          0       3117   stm32f4xx_hal_gpio.o
      2074         38          0          0          0      15144   stm32f4xx_hal_i2c.o
       738         10          0          0          0       4078   stm32f4xx_hal_ltdc.o
        88          0          0          0          0        514   stm32f4xx_hal_msp.o
       140         14          0          0          0       1272   stm32f4xx_hal_pwr_ex.o
      1452         86         16          0          0       6540   stm32f4xx_hal_rcc.o
       696         36          0          0          0       1576   stm32f4xx_hal_rcc_ex.o
       150          0          0          0          0       3224   stm32f4xx_hal_sdram.o
      1534          0          0          0          0       9180   stm32f4xx_hal_spi.o
       638         44          0          0          0       6974   stm32f4xx_hal_tim.o
         4          0          0          0          0       1586   stm32f4xx_hal_tim_ex.o
       116         16          0          0         60       1428   stm32f4xx_hal_timebase_tim.o
        16          6          0          0          0     777361   stm32f4xx_it.o
       292          4          0          0          0       3464   stm32f4xx_ll_fmc.o
       650         10          0         42          0      14347   stmpe811.o
        84         18          0          4          0       1135   system_stm32f4xx.o
      1896        154          0         56        240      17944   tasks.o

    ----------------------------------------------------------------------
     20322       1192       7476        292     129996    1039459   Object Totals
         0          0         32          0          0          0   (incl. Generated)
        28          0          0          2          4          0   (incl. Padding)

    ----------------------------------------------------------------------

      Code (inc. data)   RO Data    RW Data    ZI Data      Debug   Library Member Name

         0          0          0          0          0          0   entry.o
         0          0          0          0          0          0   entry10a.o
         0          0          0          0          0          0   entry11a.o
         8          4          0          0          0          0   entry2.o
         4          0          0          0          0          0   entry5.o
         0          0          0          0          0          0   entry7b.o
         0          0          0          0          0          0   entry8b.o
         8          4          0          0          0          0   entry9a.o
        30          0          0          0          0          0   handlers.o
        36          8          0          0          0         68   init.o
        36          0          0          0          0         68   memcpya.o
        36          0          0          0          0        108   memseta.o

    ----------------------------------------------------------------------
       158         16          0          0          0        244   Library Totals
         0          0          0          0          0          0   (incl. Padding)

    ----------------------------------------------------------------------

      Code (inc. data)   RO Data    RW Data    ZI Data      Debug   Library Name

       158         16          0          0          0        244   mc_w.l

    ----------------------------------------------------------------------
       158         16          0          0          0        244   Library Totals

    ----------------------------------------------------------------------

==============================================================================


      Code (inc. data)   RO Data    RW Data    ZI Data      Debug   

     20480       1208       7476        292     129996    1020155   Grand Totals
     20480       1208       7476        292     129996    1020155   ELF Image Totals
     20480       1208       7476        292          0          0   ROM Totals

==============================================================================

    Total RO  Size (Code + RO Data)                27956 (  27.30kB)
    Total RW  Size (RW Data + ZI Data)            130288 ( 127.23kB)
    Total ROM Size (Code + RO Data + RW Data)      28248 (  27.59kB)

==============================================================================

