Component: ARM Compiler 5.06 update 4 (build 422) Tool: armlink [4d35d2]

==============================================================================

Section Cross References

    main.o(i.DefaultDraw) refers to stm32f429i_discovery_lcd.o(i.BSP_LCD_DisplayStringAt) for BSP_LCD_DisplayStringAt
    main.o(i.DefaultDraw) refers to stm32f429i_discovery_lcd.o(i.BSP_LCD_DrawRect) for BSP_LCD_DrawRect
    main.o(i.DefaultDraw) refers to stm32f429i_discovery_lcd.o(i.BSP_LCD_FillRect) for BSP_LCD_FillRect
    main.o(i.MX_GPIO_Init) refers to stm32f4xx_hal_gpio.o(i.HAL_GPIO_Init) for HAL_GPIO_Init
    main.o(i.MX_GPIO_Init) refers to stm32f4xx_hal_gpio.o(i.HAL_GPIO_WritePin) for HAL_GPIO_WritePin
    main.o(i.SystemClock_Config) refers to stm32f4xx_hal_rcc.o(i.HAL_RCC_OscConfig) for HAL_RCC_OscConfig
    main.o(i.SystemClock_Config) refers to stm32f4xx_hal_pwr_ex.o(i.HAL_PWREx_EnableOverDrive) for HAL_PWREx_EnableOverDrive
    main.o(i.SystemClock_Config) refers to stm32f4xx_hal_rcc.o(i.HAL_RCC_ClockConfig) for HAL_RCC_ClockConfig
    main.o(i.SystemClock_Config) refers to stm32f4xx_hal_rcc.o(i.HAL_RCC_GetHCLKFreq) for HAL_RCC_GetHCLKFreq
    main.o(i.SystemClock_Config) refers to stm32f4xx_hal_cortex.o(i.HAL_SYSTICK_Config) for HAL_SYSTICK_Config
    main.o(i.SystemClock_Config) refers to stm32f4xx_hal_cortex.o(i.HAL_SYSTICK_CLKSourceConfig) for HAL_SYSTICK_CLKSourceConfig
    main.o(i.SystemClock_Config) refers to stm32f4xx_hal_cortex.o(i.HAL_NVIC_SetPriority) for HAL_NVIC_SetPriority
    main.o(i.TouchDifference) refers to stm32f429i_discovery_ts.o(i.BSP_TS_GetState) for BSP_TS_GetState
    main.o(i.TouchDifference) refers to stm32f429i_discovery_lcd.o(i.BSP_LCD_SetTextColor) for BSP_LCD_SetTextColor
    main.o(i.TouchDifference) refers to stm32f429i_discovery_lcd.o(i.BSP_LCD_DisplayStringAt) for BSP_LCD_DisplayStringAt
    main.o(i.TouchDifference) refers to main.o(.data) for .data
    main.o(i.main) refers to stm32f4xx_hal.o(i.HAL_Init) for HAL_Init
    main.o(i.main) refers to main.o(i.SystemClock_Config) for SystemClock_Config
    main.o(i.main) refers to main.o(i.MX_GPIO_Init) for MX_GPIO_Init
    main.o(i.main) refers to stm32f429i_discovery_lcd.o(i.BSP_LCD_Init) for BSP_LCD_Init
    main.o(i.main) refers to stm32f429i_discovery_ts.o(i.BSP_TS_Init) for BSP_TS_Init
    main.o(i.main) refers to stm32f429i_discovery_lcd.o(i.BSP_LCD_LayerDefaultInit) for BSP_LCD_LayerDefaultInit
    main.o(i.main) refers to stm32f429i_discovery_lcd.o(i.BSP_LCD_SelectLayer) for BSP_LCD_SelectLayer
    main.o(i.main) refers to stm32f429i_discovery_lcd.o(i.BSP_LCD_DisplayOn) for BSP_LCD_DisplayOn
    main.o(i.main) refers to stm32f429i_discovery_lcd.o(i.BSP_LCD_Clear) for BSP_LCD_Clear
    main.o(i.main) refers to stm32f429i_discovery_lcd.o(i.BSP_LCD_SetBackColor) for BSP_LCD_SetBackColor
    main.o(i.main) refers to stm32f429i_discovery_lcd.o(i.BSP_LCD_SetTextColor) for BSP_LCD_SetTextColor
    main.o(i.main) refers to main.o(i.DefaultDraw) for DefaultDraw
    main.o(i.main) refers to main.o(i.TouchDifference) for TouchDifference
    stm32f4xx_hal_msp.o(i.HAL_MspInit) refers to stm32f4xx_hal_cortex.o(i.HAL_NVIC_SetPriorityGrouping) for HAL_NVIC_SetPriorityGrouping
    stm32f4xx_hal_msp.o(i.HAL_MspInit) refers to stm32f4xx_hal_cortex.o(i.HAL_NVIC_SetPriority) for HAL_NVIC_SetPriority
    stm32f4xx_it.o(i.SysTick_Handler) refers to stm32f4xx_hal.o(i.HAL_IncTick) for HAL_IncTick
    stm32f4xx_it.o(i.SysTick_Handler) refers to stm32f4xx_hal_cortex.o(i.HAL_SYSTICK_IRQHandler) for HAL_SYSTICK_IRQHandler
    system_stm32f4xx.o(i.SystemCoreClockUpdate) refers to system_stm32f4xx.o(.data) for .data
    system_stm32f4xx.o(i.SystemCoreClockUpdate) refers to system_stm32f4xx.o(.constdata) for .constdata
    stm32f4xx_hal_rcc_ex.o(i.HAL_RCCEx_PeriphCLKConfig) refers to stm32f4xx_hal.o(i.HAL_GetTick) for HAL_GetTick
    stm32f4xx_hal_rcc_ex.o(i.HAL_RCC_DeInit) refers to system_stm32f4xx.o(.data) for SystemCoreClock
    stm32f4xx_hal_dma.o(i.DMA_CalcBaseAndBitshift) refers to stm32f4xx_hal_dma.o(.constdata) for .constdata
    stm32f4xx_hal_dma.o(i.HAL_DMA_Abort) refers to stm32f4xx_hal.o(i.HAL_GetTick) for HAL_GetTick
    stm32f4xx_hal_dma.o(i.HAL_DMA_DeInit) refers to stm32f4xx_hal_dma.o(i.DMA_CalcBaseAndBitshift) for DMA_CalcBaseAndBitshift
    stm32f4xx_hal_dma.o(i.HAL_DMA_IRQHandler) refers to system_stm32f4xx.o(.data) for SystemCoreClock
    stm32f4xx_hal_dma.o(i.HAL_DMA_Init) refers to stm32f4xx_hal.o(i.HAL_GetTick) for HAL_GetTick
    stm32f4xx_hal_dma.o(i.HAL_DMA_Init) refers to stm32f4xx_hal_dma.o(i.DMA_CheckFifoParam) for DMA_CheckFifoParam
    stm32f4xx_hal_dma.o(i.HAL_DMA_Init) refers to stm32f4xx_hal_dma.o(i.DMA_CalcBaseAndBitshift) for DMA_CalcBaseAndBitshift
    stm32f4xx_hal_dma.o(i.HAL_DMA_PollForTransfer) refers to stm32f4xx_hal.o(i.HAL_GetTick) for HAL_GetTick
    stm32f4xx_hal_dma.o(i.HAL_DMA_PollForTransfer) refers to stm32f4xx_hal_dma.o(i.HAL_DMA_Abort) for HAL_DMA_Abort
[...]
    Removing stm32f4xx_ll_fmc.o(i.FMC_NAND_DeInit), (52 bytes).
    Removing stm32f4xx_ll_fmc.o(i.FMC_NAND_ECC_Disable), (26 bytes).
    Removing stm32f4xx_ll_fmc.o(i.FMC_NAND_ECC_Enable), (26 bytes).
    Removing stm32f4xx_ll_fmc.o(i.FMC_NAND_GetECC), (80 bytes).
    Removing stm32f4xx_ll_fmc.o(i.FMC_NAND_Init), (80 bytes).
    Removing stm32f4xx_ll_fmc.o(i.FMC_NORSRAM_DeInit), (50 bytes).
    Removing stm32f4xx_ll_fmc.o(i.FMC_NORSRAM_Extended_Timing_Init), (64 bytes).
    Removing stm32f4xx_ll_fmc.o(i.FMC_NORSRAM_Init), (108 bytes).
    Removing stm32f4xx_ll_fmc.o(i.FMC_NORSRAM_Timing_Init), (92 bytes).
    Removing stm32f4xx_ll_fmc.o(i.FMC_NORSRAM_WriteOperation_Disable), (16 bytes).
    Removing stm32f4xx_ll_fmc.o(i.FMC_NORSRAM_WriteOperation_Enable), (16 bytes).
    Removing stm32f4xx_ll_fmc.o(i.FMC_PCCARD_AttributeSpace_Timing_Init), (28 bytes).
    Removing stm32f4xx_ll_fmc.o(i.FMC_PCCARD_CommonSpace_Timing_Init), (28 bytes).
    Removing stm32f4xx_ll_fmc.o(i.FMC_PCCARD_DeInit), (30 bytes).
    Removing stm32f4xx_ll_fmc.o(i.FMC_PCCARD_IOSpace_Timing_Init), (28 bytes).
    Removing stm32f4xx_ll_fmc.o(i.FMC_PCCARD_Init), (40 bytes).
    Removing stm32f4xx_ll_fmc.o(i.FMC_SDRAM_DeInit), (30 bytes).
    Removing stm32f4xx_ll_fmc.o(i.FMC_SDRAM_GetModeStatus), (18 bytes).
    Removing stm32f4xx_ll_fmc.o(i.FMC_SDRAM_SetAutoRefreshNumber), (12 bytes).
    Removing stm32f4xx_ll_fmc.o(i.FMC_SDRAM_WriteProtection_Disable), (16 bytes).
    Removing stm32f4xx_ll_fmc.o(i.FMC_SDRAM_WriteProtection_Enable), (16 bytes).
    Removing startup_stm32f429xx.o(HEAP), (512 bytes).
    Removing stm32f429i_discovery.o(.rev16_text), (4 bytes).
    Removing stm32f429i_discovery.o(.revsh_text), (4 bytes).
    Removing stm32f429i_discovery.o(.rrx_text), (6 bytes).
    Removing stm32f429i_discovery.o(i.BSP_GetVersion), (8 bytes).
    Removing stm32f429i_discovery.o(i.BSP_LED_Init), (92 bytes).
    Removing stm32f429i_discovery.o(i.BSP_LED_Off), (28 bytes).
    Removing stm32f429i_discovery.o(i.BSP_LED_On), (28 bytes).
    Removing stm32f429i_discovery.o(i.BSP_LED_Toggle), (24 bytes).
    Removing stm32f429i_discovery.o(i.BSP_PB_GetState), (24 bytes).
    Removing stm32f429i_discovery.o(i.BSP_PB_Init), (128 bytes).
    Removing stm32f429i_discovery.o(i.GYRO_IO_Init), (112 bytes).
    Removing stm32f429i_discovery.o(i.GYRO_IO_Read), (80 bytes).
    Removing stm32f429i_discovery.o(i.GYRO_IO_Write), (72 bytes).
    Removing stm32f429i_discovery.o(i.IOE_WriteMultiple), (48 bytes).
    Removing stm32f429i_discovery.o(i.SPIx_WriteRead), (48 bytes).
    Removing stm32f429i_discovery.o(.constdata), (8 bytes).
    Removing stm32f429i_discovery_lcd.o(.rev16_text), (4 bytes).
    Removing stm32f429i_discovery_lcd.o(.revsh_text), (4 bytes).
    Removing stm32f429i_discovery_lcd.o(.rrx_text), (6 bytes).
    Removing stm32f429i_discovery_lcd.o(i.BSP_LCD_ClearStringLine), (92 bytes).
    Removing stm32f429i_discovery_lcd.o(i.BSP_LCD_DisplayOff), (20 bytes).
    Removing stm32f429i_discovery_lcd.o(i.BSP_LCD_DisplayStringAtLine), (28 bytes).
    Removing stm32f429i_discovery_lcd.o(i.BSP_LCD_DrawBitmap), (160 bytes).
    Removing stm32f429i_discovery_lcd.o(i.BSP_LCD_DrawCircle), (280 bytes).
    Removing stm32f429i_discovery_lcd.o(i.BSP_LCD_DrawEllipse), (292 bytes).
    Removing stm32f429i_discovery_lcd.o(i.BSP_LCD_DrawLine), (200 bytes).
    Removing stm32f429i_discovery_lcd.o(i.BSP_LCD_DrawPolygon), (58 bytes).
    Removing stm32f429i_discovery_lcd.o(i.BSP_LCD_FillCircle), (196 bytes).
    Removing stm32f429i_discovery_lcd.o(i.BSP_LCD_FillEllipse), (216 bytes).
    Removing stm32f429i_discovery_lcd.o(i.BSP_LCD_FillPolygon), (276 bytes).
    Removing stm32f429i_discovery_lcd.o(i.BSP_LCD_FillTriangle), (188 bytes).
    Removing stm32f429i_discovery_lcd.o(i.BSP_LCD_GetBackColor), (28 bytes).
    Removing stm32f429i_discovery_lcd.o(i.BSP_LCD_GetFont), (28 bytes).
    Removing stm32f429i_discovery_lcd.o(i.BSP_LCD_GetTextColor), (24 bytes).
    Removing stm32f429i_discovery_lcd.o(i.BSP_LCD_ReadPixel), (180 bytes).
    Removing stm32f429i_discovery_lcd.o(i.BSP_LCD_Relaod), (12 bytes).
    Removing stm32f429i_discovery_lcd.o(i.BSP_LCD_ResetColorKeying), (12 bytes).
    Removing stm32f429i_discovery_lcd.o(i.BSP_LCD_ResetColorKeying_NoReload), (12 bytes).
    Removing stm32f429i_discovery_lcd.o(i.BSP_LCD_SetColorKeying), (28 bytes).
    Removing stm32f429i_discovery_lcd.o(i.BSP_LCD_SetColorKeying_NoReload), (28 bytes).
    Removing stm32f429i_discovery_lcd.o(i.BSP_LCD_SetLayerAddress), (12 bytes).
    Removing stm32f429i_discovery_lcd.o(i.BSP_LCD_SetLayerAddress_NoReload), (12 bytes).
    Removing stm32f429i_discovery_lcd.o(i.BSP_LCD_SetLayerVisible), (44 bytes).
    Removing stm32f429i_discovery_lcd.o(i.BSP_LCD_SetLayerVisible_NoReload), (36 bytes).
    Removing stm32f429i_discovery_lcd.o(i.BSP_LCD_SetLayerWindow), (44 bytes).
    Removing stm32f429i_discovery_lcd.o(i.BSP_LCD_SetLayerWindow_NoReload), (44 bytes).
    Removing stm32f429i_discovery_lcd.o(i.BSP_LCD_SetTransparency), (12 bytes).
    Removing stm32f429i_discovery_lcd.o(i.BSP_LCD_SetTransparency_NoReload), (12 bytes).
    Removing stm32f429i_discovery_lcd.o(i.ConvertLineToARGB8888), (100 bytes).
    Removing stm32f429i_discovery_lcd.o(.constdata), (3800 bytes).
    Removing stm32f429i_discovery_lcd.o(.constdata), (3040 bytes).
    Removing stm32f429i_discovery_lcd.o(.constdata), (1140 bytes).
    Removing stm32f429i_discovery_lcd.o(.constdata), (760 bytes).
    Removing stm32f429i_discovery_lcd.o(.data), (8 bytes).
    Removing stm32f429i_discovery_lcd.o(.data), (8 bytes).
    Removing stm32f429i_discovery_lcd.o(.data), (8 bytes).
    Removing stm32f429i_discovery_lcd.o(.data), (8 bytes).
    Removing stm32f429i_discovery_sdram.o(.rev16_text), (4 bytes).
    Removing stm32f429i_discovery_sdram.o(.revsh_text), (4 bytes).
    Removing stm32f429i_discovery_sdram.o(.rrx_text), (6 bytes).
    Removing stm32f429i_discovery_sdram.o(i.BSP_SDRAM_DMA_IRQHandler), (12 bytes).
    Removing stm32f429i_discovery_sdram.o(i.BSP_SDRAM_ReadData), (16 bytes).
    Removing stm32f429i_discovery_sdram.o(i.BSP_SDRAM_ReadData_DMA), (16 bytes).
    Removing stm32f429i_discovery_sdram.o(i.BSP_SDRAM_Sendcmd), (16 bytes).
    Removing stm32f429i_discovery_sdram.o(i.BSP_SDRAM_WriteData), (36 bytes).
    Removing stm32f429i_discovery_sdram.o(i.BSP_SDRAM_WriteData_DMA), (16 bytes).
    Removing stm32f429i_discovery_ts.o(.rev16_text), (4 bytes).
    Removing stm32f429i_discovery_ts.o(.revsh_text), (4 bytes).
    Removing stm32f429i_discovery_ts.o(.rrx_text), (6 bytes).
    Removing stm32f429i_discovery_ts.o(i.BSP_TS_ITClear), (16 bytes).
    Removing stm32f429i_discovery_ts.o(i.BSP_TS_ITConfig), (20 bytes).
    Removing stm32f429i_discovery_ts.o(i.BSP_TS_ITGetStatus), (16 bytes).
    Removing ili9341.o(i.ili9341_ReadData), (4 bytes).
    Removing ili9341.o(i.ili9341_WriteData), (4 bytes).
    Removing ili9341.o(i.ili9341_WriteReg), (4 bytes).
    Removing stmpe811.o(i.stmpe811_GlobalITStatus), (24 bytes).
    Removing stmpe811.o(i.stmpe811_IO_ClearIT), (56 bytes).
    Removing stmpe811.o(i.stmpe811_IO_Config), (200 bytes).
    Removing stmpe811.o(i.stmpe811_IO_DisableAF), (30 bytes).
    Removing stmpe811.o(i.stmpe811_IO_DisableIT), (20 bytes).
    Removing stmpe811.o(i.stmpe811_IO_DisablePinIT), (30 bytes).
    Removing stmpe811.o(i.stmpe811_IO_EnableIT), (26 bytes).
    Removing stmpe811.o(i.stmpe811_IO_EnablePinIT), (30 bytes).
    Removing stmpe811.o(i.stmpe811_IO_ITStatus), (16 bytes).
    Removing stmpe811.o(i.stmpe811_IO_InitPin), (40 bytes).
    Removing stmpe811.o(i.stmpe811_IO_ReadPin), (16 bytes).
    Removing stmpe811.o(i.stmpe811_IO_SetEdgeMode), (72 bytes).
    Removing stmpe811.o(i.stmpe811_IO_Start), (38 bytes).
    Removing stmpe811.o(i.stmpe811_IO_WritePin), (18 bytes).
    Removing stmpe811.o(i.stmpe811_ReadGITStatus), (16 bytes).
    Removing stmpe811.o(i.stmpe811_SetITPolarity), (32 bytes).
    Removing stmpe811.o(i.stmpe811_SetITType), (32 bytes).
    Removing stmpe811.o(.data), (44 bytes).

476 unused section(s) (total 40274 bytes) removed from the image.

==============================================================================

Image Symbol Table

    Local Symbols

    Symbol Name                              Value     Ov Type        Size  Object(Section)

    ../Drivers/STM32F4xx_HAL_Driver/Src/stm32f4xx_hal.c 0x00000000   Number         0  stm32f4xx_hal.o ABSOLUTE
    ../Drivers/STM32F4xx_HAL_Driver/Src/stm32f4xx_hal_cortex.c 0x00000000   Number         0  stm32f4xx_hal_cortex.o ABSOLUTE
    ../Drivers/STM32F4xx_HAL_Driver/Src/stm32f4xx_hal_dma.c 0x00000000   Number         0  stm32f4xx_hal_dma.o ABSOLUTE
    ../Drivers/STM32F4xx_HAL_Driver/Src/stm32f4xx_hal_dma_ex.c 0x00000000   Number         0  stm32f4xx_hal_dma_ex.o ABSOLUTE
    ../Drivers/STM32F4xx_HAL_Driver/Src/stm32f4xx_hal_flash.c 0x00000000   Number         0  stm32f4xx_hal_flash.o ABSOLUTE
    ../Drivers/STM32F4xx_HAL_Driver/Src/stm32f4xx_hal_flash_ex.c 0x00000000   Number         0  stm32f4xx_hal_flash_ex.o ABSOLUTE
    ../Drivers/STM32F4xx_HAL_Driver/Src/stm32f4xx_hal_flash_ramfunc.c 0x00000000   Number         0  stm32f4xx_hal_flash_ramfunc.o ABSOLUTE
    ../Drivers/STM32F4xx_HAL_Driver/Src/stm32f4xx_hal_gpio.c 0x00000000   Number         0  stm32f4xx_hal_gpio.o ABSOLUTE
    ../Drivers/STM32F4xx_HAL_Driver/Src/stm32f4xx_hal_pwr.c 0x00000000   Number         0  stm32f4xx_hal_pwr.o ABSOLUTE
    ../Drivers/STM32F4xx_HAL_Driver/Src/stm32f4xx_hal_pwr_ex.c 0x00000000   Number         0  stm32f4xx_hal_pwr_ex.o ABSOLUTE
    ../Drivers/STM32F4xx_HAL_Driver/Src/stm32f4xx_hal_rcc.c 0x00000000   Number         0  stm32f4xx_hal_rcc.o ABSOLUTE
    ../Drivers/STM32F4xx_HAL_Driver/Src/stm32f4xx_hal_rcc_ex.c 0x00000000   Number         0  stm32f4xx_hal_rcc_ex.o ABSOLUTE
    ../Drivers/STM32F4xx_HAL_Driver/Src/stm32f4xx_hal_tim.c 0x00000000   Number         0  stm32f4xx_hal_tim.o ABSOLUTE
    ../Drivers/STM32F4xx_HAL_Driver/Src/stm32f4xx_hal_tim_ex.c 0x00000000   Number         0  stm32f4xx_hal_tim_ex.o ABSOLUTE
    ../Src/main.c                            0x00000000   Number         0  main.o ABSOLUTE
    ../Src/stm32f4xx_hal_msp.c               0x00000000   Number         0  stm32f4xx_hal_msp.o ABSOLUTE
    ../Src/stm32f4xx_it.c                    0x00000000   Number         0  stm32f4xx_it.o ABSOLUTE
    ../Src/system_stm32f4xx.c                0x00000000   Number         0  system_stm32f4xx.o ABSOLUTE
    ../clib/microlib/init/entry.s            0x00000000   Number         0  entry11a.o ABSOLUTE
    ../clib/microlib/init/entry.s            0x00000000   Number         0  entry.o ABSOLUTE
    ../clib/microlib/init/entry.s            0x00000000   Number         0  entry9a.o ABSOLUTE
    ../clib/microlib/init/entry.s            0x00000000   Number         0  entry9b.o ABSOLUTE
    ../clib/microlib/init/entry.s            0x00000000   Number         0  entry10a.o ABSOLUTE
    ../clib/microlib/init/entry.s            0x00000000   Number         0  entry10b.o ABSOLUTE
    ../clib/microlib/init/entry.s            0x00000000   Number         0  entry7b.o ABSOLUTE
    ../clib/microlib/init/entry.s            0x00000000   Number         0  entry11b.o ABSOLUTE
    ../clib/microlib/init/entry.s            0x00000000   Number         0  entry5.o ABSOLUTE
    ../clib/microlib/init/entry.s            0x00000000   Number         0  entry8a.o ABSOLUTE
    ../clib/microlib/init/entry.s            0x00000000   Number         0  entry2.o ABSOLUTE
    ../clib/microlib/init/entry.s            0x00000000   Number         0  entry7a.o ABSOLUTE
    ../clib/microlib/init/entry.s            0x00000000   Number         0  entry8b.o ABSOLUTE
    ../clib/microlib/string/memcpy.c         0x00000000   Number         0  memcpya.o ABSOLUTE
    ../clib/microlib/string/memcpy.c         0x00000000   Number         0  memcpyb.o ABSOLUTE
    ..\Drivers\BSP\Components\ili9341\ili9341.c 0x00000000   Number         0  ili9341.o ABSOLUTE
    ..\Drivers\BSP\Components\stmpe811\stmpe811.c 0x00000000   Number         0  stmpe811.o ABSOLUTE
    ..\Drivers\BSP\STM32F429I-Discovery\stm32f429i_discovery.c 0x00000000   Number         0  stm32f429i_discovery.o ABSOLUTE
    ..\Drivers\BSP\STM32F429I-Discovery\stm32f429i_discovery_lcd.c 0x00000000   Number         0  stm32f429i_discovery_lcd.o ABSOLUTE
    ..\Drivers\BSP\STM32F429I-Discovery\stm32f429i_discovery_sdram.c 0x00000000   Number         0  stm32f429i_discovery_sdram.o ABSOLUTE
    ..\Drivers\BSP\STM32F429I-Discovery\stm32f429i_discovery_ts.c 0x00000000   Number         0  stm32f429i_discovery_ts.o ABSOLUTE
    ..\Drivers\STM32F4xx_HAL_Driver\Src\stm32f4xx_hal.c 0x00000000   Number         0  stm32f4xx_hal.o ABSOLUTE
    ..\Drivers\STM32F4xx_HAL_Driver\Src\stm32f4xx_hal_cortex.c 0x00000000   Number         0  stm32f4xx_hal_cortex.o ABSOLUTE
    ..\Drivers\STM32F4xx_HAL_Driver\Src\stm32f4xx_hal_dma.c 0x00000000   Number         0  stm32f4xx_hal_dma.o ABSOLUTE
    ..\Drivers\STM32F4xx_HAL_Driver\Src\stm32f4xx_hal_dma2d.c 0x00000000   Number         0  stm32f4xx_hal_dma2d.o ABSOLUTE
    ..\Drivers\STM32F4xx_HAL_Driver\Src\stm32f4xx_hal_dma_ex.c 0x00000000   Number         0  stm32f4xx_hal_dma_ex.o ABSOLUTE
    ..\Drivers\STM32F4xx_HAL_Driver\Src\stm32f4xx_hal_flash.c 0x00000000   Number         0  stm32f4xx_hal_flash.o ABSOLUTE
    ..\Drivers\STM32F4xx_HAL_Driver\Src\stm32f4xx_hal_flash_ex.c 0x00000000   Number         0  stm32f4xx_hal_flash_ex.o ABSOLUTE
    ..\Drivers\STM32F4xx_HAL_Driver\Src\stm32f4xx_hal_flash_ramfunc.c 0x00000000   Number         0  stm32f4xx_hal_flash_ramfunc.o ABSOLUTE
    ..\Drivers\STM32F4xx_HAL_Driver\Src\stm32f4xx_hal_gpio.c 0x00000000   Number         0  stm32f4xx_hal_gpio.o ABSOLUTE
    ..\Drivers\STM32F4xx_HAL_Driver\Src\stm32f4xx_hal_i2c.c 0x00000000   Number         0  stm32f4xx_hal_i2c.o ABSOLUTE
    ..\Drivers\STM32F4xx_HAL_Driver\Src\stm32f4xx_hal_ltdc.c 0x00000000   Number         0  stm32f4xx_hal_ltdc.o ABSOLUTE
    ..\Drivers\STM32F4xx_HAL_Driver\Src\stm32f4xx_hal_pwr.c 0x00000000   Number         0  stm32f4xx_hal_pwr.o ABSOLUTE
    ..\Drivers\STM32F4xx_HAL_Driver\Src\stm32f4xx_hal_pwr_ex.c 0x00000000   Number         0  stm32f4xx_hal_pwr_ex.o ABSOLUTE
    ..\Drivers\STM32F4xx_HAL_Driver\Src\stm32f4xx_hal_rcc.c 0x00000000   Number         0  stm32f4xx_hal_rcc.o ABSOLUTE
    ..\Drivers\STM32F4xx_HAL_Driver\Src\stm32f4xx_hal_rcc_ex.c 0x00000000   Number         0  stm32f4xx_hal_rcc_ex.o ABSOLUTE
    ..\Drivers\STM32F4xx_HAL_Driver\Src\stm32f4xx_hal_sdram.c 0x00000000   Number         0  stm32f4xx_hal_sdram.o ABSOLUTE
    ..\Drivers\STM32F4xx_HAL_Driver\Src\stm32f4xx_hal_spi.c 0x00000000   Number         0  stm32f4xx_hal_spi.o ABSOLUTE
    ..\Drivers\STM32F4xx_HAL_Driver\Src\stm32f4xx_hal_tim.c 0x00000000   Number         0  stm32f4xx_hal_tim.o ABSOLUTE
    ..\Drivers\STM32F4xx_HAL_Driver\Src\stm32f4xx_hal_tim_ex.c 0x00000000   Number         0  stm32f4xx_hal_tim_ex.o ABSOLUTE
    ..\Drivers\STM32F4xx_HAL_Driver\Src\stm32f4xx_ll_fmc.c 0x00000000   Number         0  stm32f4xx_ll_fmc.o ABSOLUTE
    ..\Src\main.c                            0x00000000   Number         0  main.o ABSOLUTE
    ..\Src\stm32f4xx_hal_msp.c               0x00000000   Number         0  stm32f4xx_hal_msp.o ABSOLUTE
    ..\Src\stm32f4xx_it.c                    0x00000000   Number         0  stm32f4xx_it.o ABSOLUTE
    ..\Src\system_stm32f4xx.c                0x00000000   Number         0  system_stm32f4xx.o ABSOLUTE
    ..\\Drivers\\BSP\\STM32F429I-Discovery\\stm32f429i_discovery.c 0x00000000   Number         0  stm32f429i_discovery.o ABSOLUTE
    ..\\Drivers\\BSP\\STM32F429I-Discovery\\stm32f429i_discovery_lcd.c 0x00000000   Number         0  stm32f429i_discovery_lcd.o ABSOLUTE
    ..\\Drivers\\BSP\\STM32F429I-Discovery\\stm32f429i_discovery_sdram.c 0x00000000   Number         0  stm32f429i_discovery_sdram.o ABSOLUTE
    ..\\Drivers\\BSP\\STM32F429I-Discovery\\stm32f429i_discovery_ts.c 0x00000000   Number         0  stm32f429i_discovery_ts.o ABSOLUTE
    ..\\Drivers\\STM32F4xx_HAL_Driver\\Src\\stm32f4xx_hal_dma2d.c 0x00000000   Number         0  stm32f4xx_hal_dma2d.o ABSOLUTE
    ..\\Drivers\\STM32F4xx_HAL_Driver\\Src\\stm32f4xx_hal_i2c.c 0x00000000   Number         0  stm32f4xx_hal_i2c.o ABSOLUTE
    ..\\Drivers\\STM32F4xx_HAL_Driver\\Src\\stm32f4xx_hal_ltdc.c 0x00000000   Number         0  stm32f4xx_hal_ltdc.o ABSOLUTE
    ..\\Drivers\\STM32F4xx_HAL_Driver\\Src\\stm32f4xx_hal_sdram.c 0x00000000   Number         0  stm32f4xx_hal_sdram.o ABSOLUTE
    ..\\Drivers\\STM32F4xx_HAL_Driver\\Src\\stm32f4xx_hal_spi.c 0x00000000   Number         0  stm32f4xx_hal_spi.o ABSOLUTE
    ..\\Drivers\\STM32F4xx_HAL_Driver\\Src\\stm32f4xx_ll_fmc.c 0x00000000   Number         0  stm32f4xx_ll_fmc.o ABSOLUTE
    dc.s                                     0x00000000   Number         0  dc.o ABSOLUTE
    handlers.s                               0x00000000   Number         0  handlers.o ABSOLUTE
    init.s                                   0x00000000   Number         0  init.o ABSOLUTE
    startup_stm32f429xx.s                    0x00000000   Number         0  startup_stm32f429xx.o ABSOLUTE
    RESET                                    0x08000000   Section      428  startup_stm32f429xx.o(RESET)
    .ARM.Collect$$$$00000000                 0x080001ac   Section        0  entry.o(.ARM.Collect$$$$00000000)
    .ARM.Collect$$$$00000001                 0x080001ac   Section        4  entry2.o(.ARM.Collect$$$$00000001)
    .ARM.Collect$$$$00000004                 0x080001b0   Section        4  entry5.o(.ARM.Collect$$$$00000004)
    .ARM.Collect$$$$00000008                 0x080001b4   Section        0  entry7b.o(.ARM.Collect$$$$00000008)
    .ARM.Collect$$$$0000000A                 0x080001b4   Section        0  entry8b.o(.ARM.Collect$$$$0000000A)
    .ARM.Collect$$$$0000000B                 0x080001b4   Section        8  entry9a.o(.ARM.Collect$$$$0000000B)
    .ARM.Collect$$$$0000000D                 0x080001bc   Section        0  entry10a.o(.ARM.Collect$$$$0000000D)
    .ARM.Collect$$$$0000000F                 0x080001bc   Section        0  entry11a.o(.ARM.Collect$$$$0000000F)
    .ARM.Collect$$$$00002712                 0x080001bc   Section        4  entry2.o(.ARM.Collect$$$$00002712)
    __lit__00000000                          0x080001bc   Data           4  entry2.o(.ARM.Collect$$$$00002712)
    .text                                    0x080001c0   Section       36  startup_stm32f429xx.o(.text)
    $v0                                      0x080001c0   Number         0  startup_stm32f429xx.o(.text)
    .text                                    0x080001e4   Section        0  memcpya.o(.text)
    .text                                    0x08000208   Section       36  init.o(.text)
    i.BSP_LCD_Clear                          0x0800022c   Section        0  stm32f429i_discovery_lcd.o(i.BSP_LCD_Clear)
    i.BSP_LCD_DisplayChar                    0x08000268   Section        0  stm32f429i_discovery_lcd.o(i.BSP_LCD_DisplayChar)
    i.BSP_LCD_DisplayOn                      0x0800029c   Section        0  stm32f429i_discovery_lcd.o(i.BSP_LCD_DisplayOn)
    i.BSP_LCD_DisplayStringAt                0x080002b0   Section        0  stm32f429i_discovery_lcd.o(i.BSP_LCD_DisplayStringAt)
    i.BSP_LCD_DrawHLine                      0x08000374   Section        0  stm32f429i_discovery_lcd.o(i.BSP_LCD_DrawHLine)
    i.BSP_LCD_DrawPixel                      0x080003c0   Section        0  stm32f429i_discovery_lcd.o(i.BSP_LCD_DrawPixel)
    i.BSP_LCD_DrawRect                       0x080003f4   Section        0  stm32f429i_discovery_lcd.o(i.BSP_LCD_DrawRect)
    i.BSP_LCD_DrawVLine                      0x0800042c   Section        0  stm32f429i_discovery_lcd.o(i.BSP_LCD_DrawVLine)
    i.BSP_LCD_FillRect                       0x08000484   Section        0  stm32f429i_discovery_lcd.o(i.BSP_LCD_FillRect)
    i.BSP_LCD_GetXSize                       0x080004ec   Section        0  stm32f429i_discovery_lcd.o(i.BSP_LCD_GetXSize)
    i.BSP_LCD_GetYSize                       0x080004f8   Section        0  stm32f429i_discovery_lcd.o(i.BSP_LCD_GetYSize)
    i.BSP_LCD_Init                           0x08000504   Section        0  stm32f429i_discovery_lcd.o(i.BSP_LCD_Init)
    i.BSP_LCD_LayerDefaultInit               0x08000598   Section        0  stm32f429i_discovery_lcd.o(i.BSP_LCD_LayerDefaultInit)
    i.BSP_LCD_SelectLayer                    0x08000618   Section        0  stm32f429i_discovery_lcd.o(i.BSP_LCD_SelectLayer)
    i.BSP_LCD_SetBackColor                   0x08000624   Section        0  stm32f429i_discovery_lcd.o(i.BSP_LCD_SetBackColor)
    i.BSP_LCD_SetFont                        0x08000640   Section        0  stm32f429i_discovery_lcd.o(i.BSP_LCD_SetFont)
    i.BSP_LCD_SetTextColor                   0x0800065c   Section        0  stm32f429i_discovery_lcd.o(i.BSP_LCD_SetTextColor)
    i.BSP_SDRAM_Init                         0x08000674   Section        0  stm32f429i_discovery_sdram.o(i.BSP_SDRAM_Init)
    i.BSP_SDRAM_Initialization_sequence      0x080006d8   Section        0  stm32f429i_discovery_sdram.o(i.BSP_SDRAM_Initialization_sequence)
    i.BSP_TS_GetState                        0x08000760   Section        0  stm32f429i_discovery_ts.o(i.BSP_TS_GetState)
    i.BSP_TS_Init                            0x08000810   Section        0  stm32f429i_discovery_ts.o(i.BSP_TS_Init)
    i.DMA2D_SetConfig                        0x08000848   Section        0  stm32f4xx_hal_dma2d.o(i.DMA2D_SetConfig)
    DMA2D_SetConfig                          0x08000849   Thumb Code   160  stm32f4xx_hal_dma2d.o(i.DMA2D_SetConfig)
    i.DMA_CalcBaseAndBitshift                0x080008ec   Section        0  stm32f4xx_hal_dma.o(i.DMA_CalcBaseAndBitshift)
    DMA_CalcBaseAndBitshift                  0x080008ed   Thumb Code    34  stm32f4xx_hal_dma.o(i.DMA_CalcBaseAndBitshift)
    i.DMA_CheckFifoParam                     0x08000914   Section        0  stm32f4xx_hal_dma.o(i.DMA_CheckFifoParam)
    DMA_CheckFifoParam                       0x08000915   Thumb Code    84  stm32f4xx_hal_dma.o(i.DMA_CheckFifoParam)
    i.DefaultDraw                            0x08000968   Section        0  main.o(i.DefaultDraw)
    DefaultDraw                              0x08000969   Thumb Code    90  main.o(i.DefaultDraw)
    i.DrawChar                               0x080009d0   Section        0  stm32f429i_discovery_lcd.o(i.DrawChar)
    DrawChar                                 0x080009d1   Thumb Code   172  stm32f429i_discovery_lcd.o(i.DrawChar)
    i.FMC_SDRAM_Init                         0x08000a84   Section        0  stm32f4xx_ll_fmc.o(i.FMC_SDRAM_Init)
    i.FMC_SDRAM_ProgramRefreshRate           0x08000ad4   Section        0  stm32f4xx_ll_fmc.o(i.FMC_SDRAM_ProgramRefreshRate)
    i.FMC_SDRAM_SendCommand                  0x08000ae0   Section        0  stm32f4xx_ll_fmc.o(i.FMC_SDRAM_SendCommand)
    i.FMC_SDRAM_Timing_Init                  0x08000b28   Section        0  stm32f4xx_ll_fmc.o(i.FMC_SDRAM_Timing_Init)
    i.FillBuffer                             0x08000ba8   Section        0  stm32f429i_discovery_lcd.o(i.FillBuffer)
    FillBuffer                               0x08000ba9   Thumb Code    88  stm32f429i_discovery_lcd.o(i.FillBuffer)
    i.HAL_DMA2D_ConfigLayer                  0x08000c08   Section        0  stm32f4xx_hal_dma2d.o(i.HAL_DMA2D_ConfigLayer)
    i.HAL_DMA2D_Init                         0x08000ccc   Section        0  stm32f4xx_hal_dma2d.o(i.HAL_DMA2D_Init)
    i.HAL_DMA2D_MspInit                      0x08000d26   Section        0  stm32f4xx_hal_dma2d.o(i.HAL_DMA2D_MspInit)
    i.HAL_DMA2D_PollForTransfer              0x08000d28   Section        0  stm32f4xx_hal_dma2d.o(i.HAL_DMA2D_PollForTransfer)
    i.HAL_DMA2D_Start                        0x08000e34   Section        0  stm32f4xx_hal_dma2d.o(i.HAL_DMA2D_Start)
    i.HAL_DMA_DeInit                         0x08000e68   Section        0  stm32f4xx_hal_dma.o(i.HAL_DMA_DeInit)
    i.HAL_DMA_Init                           0x08000ec0   Section        0  stm32f4xx_hal_dma.o(i.HAL_DMA_Init)
    i.HAL_Delay                              0x08000f90   Section        0  stm32f4xx_hal.o(i.HAL_Delay)
    i.HAL_GPIO_Init                          0x08000fa8   Section        0  stm32f4xx_hal_gpio.o(i.HAL_GPIO_Init)
    i.HAL_GPIO_WritePin                      0x08001174   Section        0  stm32f4xx_hal_gpio.o(i.HAL_GPIO_WritePin)
    i.HAL_GetTick                            0x08001180   Section        0  stm32f4xx_hal.o(i.HAL_GetTick)
    i.HAL_I2C_DeInit                         0x0800118c   Section        0  stm32f4xx_hal_i2c.o(i.HAL_I2C_DeInit)
    i.HAL_I2C_GetState                       0x080011be   Section        0  stm32f4xx_hal_i2c.o(i.HAL_I2C_GetState)
    i.HAL_I2C_Init                           0x080011c4   Section        0  stm32f4xx_hal_i2c.o(i.HAL_I2C_Init)
    i.HAL_I2C_Mem_Read                       0x080012cc   Section        0  stm32f4xx_hal_i2c.o(i.HAL_I2C_Mem_Read)
    i.HAL_I2C_Mem_Write                      0x080014c8   Section        0  stm32f4xx_hal_i2c.o(i.HAL_I2C_Mem_Write)
    i.HAL_I2C_MspDeInit                      0x08001604   Section        0  stm32f4xx_hal_i2c.o(i.HAL_I2C_MspDeInit)
    i.HAL_I2C_MspInit                        0x08001606   Section        0  stm32f4xx_hal_i2c.o(i.HAL_I2C_MspInit)
    i.HAL_IncTick                            0x08001608   Section        0  stm32f4xx_hal.o(i.HAL_IncTick)
    i.HAL_Init                               0x08001618   Section        0  stm32f4xx_hal.o(i.HAL_Init)
    i.HAL_InitTick                           0x0800164c   Section        0  stm32f4xx_hal.o(i.HAL_InitTick)
    i.HAL_LTDC_ConfigLayer                   0x08001674   Section        0  stm32f4xx_hal_ltdc.o(i.HAL_LTDC_ConfigLayer)
    i.HAL_LTDC_EnableDither                  0x080016c8   Section        0  stm32f4xx_hal_ltdc.o(i.HAL_LTDC_EnableDither)
    i.HAL_LTDC_Init                          0x080016f8   Section        0  stm32f4xx_hal_ltdc.o(i.HAL_LTDC_Init)
    i.HAL_LTDC_MspInit                       0x080017f4   Section        0  stm32f4xx_hal_ltdc.o(i.HAL_LTDC_MspInit)
    i.HAL_MspInit                            0x080017f6   Section        0  stm32f4xx_hal_msp.o(i.HAL_MspInit)
    i.HAL_NVIC_EnableIRQ                     0x0800184e   Section        0  stm32f4xx_hal_cortex.o(i.HAL_NVIC_EnableIRQ)
    i.HAL_NVIC_SetPriority                   0x08001864   Section        0  stm32f4xx_hal_cortex.o(i.HAL_NVIC_SetPriority)
    i.HAL_NVIC_SetPriorityGrouping           0x080018a4   Section        0  stm32f4xx_hal_cortex.o(i.HAL_NVIC_SetPriorityGrouping)
    i.HAL_PWREx_EnableOverDrive              0x080018c8   Section        0  stm32f4xx_hal_pwr_ex.o(i.HAL_PWREx_EnableOverDrive)
    i.HAL_RCCEx_PeriphCLKConfig              0x08001954   Section        0  stm32f4xx_hal_rcc_ex.o(i.HAL_RCCEx_PeriphCLKConfig)
    i.HAL_RCC_ClockConfig                    0x08001c0c   Section        0  stm32f4xx_hal_rcc.o(i.HAL_RCC_ClockConfig)
    i.HAL_RCC_GetHCLKFreq                    0x08001d88   Section        0  stm32f4xx_hal_rcc.o(i.HAL_RCC_GetHCLKFreq)
    i.HAL_RCC_GetPCLK1Freq                   0x08001d94   Section        0  stm32f4xx_hal_rcc.o(i.HAL_RCC_GetPCLK1Freq)
    i.HAL_RCC_GetSysClockFreq                0x08001dc4   Section        0  stm32f4xx_hal_rcc.o(i.HAL_RCC_GetSysClockFreq)
    i.HAL_RCC_OscConfig                      0x08001e34   Section        0  stm32f4xx_hal_rcc.o(i.HAL_RCC_OscConfig)
    i.HAL_SDRAM_Init                         0x08002148   Section        0  stm32f4xx_hal_sdram.o(i.HAL_SDRAM_Init)
    i.HAL_SDRAM_MspInit                      0x0800218a   Section        0  stm32f4xx_hal_sdram.o(i.HAL_SDRAM_MspInit)
    i.HAL_SDRAM_ProgramRefreshRate           0x0800218c   Section        0  stm32f4xx_hal_sdram.o(i.HAL_SDRAM_ProgramRefreshRate)
    i.HAL_SDRAM_SendCommand                  0x080021b0   Section        0  stm32f4xx_hal_sdram.o(i.HAL_SDRAM_SendCommand)
    i.HAL_SPI_DeInit                         0x080021e0   Section        0  stm32f4xx_hal_spi.o(i.HAL_SPI_DeInit)
    i.HAL_SPI_GetState                       0x0800220e   Section        0  stm32f4xx_hal_spi.o(i.HAL_SPI_GetState)
    i.HAL_SPI_Init                           0x08002214   Section        0  stm32f4xx_hal_spi.o(i.HAL_SPI_Init)
    i.HAL_SPI_MspDeInit                      0x08002294   Section        0  stm32f4xx_hal_spi.o(i.HAL_SPI_MspDeInit)
    i.HAL_SPI_MspInit                        0x08002296   Section        0  stm32f4xx_hal_spi.o(i.HAL_SPI_MspInit)
    i.HAL_SPI_Receive                        0x08002298   Section        0  stm32f4xx_hal_spi.o(i.HAL_SPI_Receive)
    i.HAL_SPI_Transmit                       0x080023e8   Section        0  stm32f4xx_hal_spi.o(i.HAL_SPI_Transmit)
    i.HAL_SPI_TransmitReceive                0x08002550   Section        0  stm32f4xx_hal_spi.o(i.HAL_SPI_TransmitReceive)
    i.HAL_SYSTICK_CLKSourceConfig            0x08002728   Section        0  stm32f4xx_hal_cortex.o(i.HAL_SYSTICK_CLKSourceConfig)
    i.HAL_SYSTICK_Callback                   0x08002740   Section        0  stm32f4xx_hal_cortex.o(i.HAL_SYSTICK_Callback)
    i.HAL_SYSTICK_Config                     0x08002742   Section        0  stm32f4xx_hal_cortex.o(i.HAL_SYSTICK_Config)
    i.HAL_SYSTICK_IRQHandler                 0x0800276a   Section        0  stm32f4xx_hal_cortex.o(i.HAL_SYSTICK_IRQHandler)
    i.I2C_IsAcknowledgeFailed                0x08002772   Section        0  stm32f4xx_hal_i2c.o(i.I2C_IsAcknowledgeFailed)
    I2C_IsAcknowledgeFailed                  0x08002773   Thumb Code    40  stm32f4xx_hal_i2c.o(i.I2C_IsAcknowledgeFailed)
    i.I2C_RequestMemoryRead                  0x0800279a   Section        0  stm32f4xx_hal_i2c.o(i.I2C_RequestMemoryRead)
    I2C_RequestMemoryRead                    0x0800279b   Thumb Code   240  stm32f4xx_hal_i2c.o(i.I2C_RequestMemoryRead)
    i.I2C_RequestMemoryWrite                 0x0800288c   Section        0  stm32f4xx_hal_i2c.o(i.I2C_RequestMemoryWrite)
    I2C_RequestMemoryWrite                   0x0800288d   Thumb Code   156  stm32f4xx_hal_i2c.o(i.I2C_RequestMemoryWrite)
    i.I2C_WaitOnBTFFlagUntilTimeout          0x0800292c   Section        0  stm32f4xx_hal_i2c.o(i.I2C_WaitOnBTFFlagUntilTimeout)
    I2C_WaitOnBTFFlagUntilTimeout            0x0800292d   Thumb Code    78  stm32f4xx_hal_i2c.o(i.I2C_WaitOnBTFFlagUntilTimeout)
    i.I2C_WaitOnFlagUntilTimeout             0x0800297a   Section        0  stm32f4xx_hal_i2c.o(i.I2C_WaitOnFlagUntilTimeout)
    I2C_WaitOnFlagUntilTimeout               0x0800297b   Thumb Code    96  stm32f4xx_hal_i2c.o(i.I2C_WaitOnFlagUntilTimeout)
    i.I2C_WaitOnMasterAddressFlagUntilTimeout 0x080029dc   Section        0  stm32f4xx_hal_i2c.o(i.I2C_WaitOnMasterAddressFlagUntilTimeout)
    I2C_WaitOnMasterAddressFlagUntilTimeout  0x080029dd   Thumb Code   136  stm32f4xx_hal_i2c.o(i.I2C_WaitOnMasterAddressFlagUntilTimeout)
    i.I2C_WaitOnRXNEFlagUntilTimeout         0x08002a64   Section        0  stm32f4xx_hal_i2c.o(i.I2C_WaitOnRXNEFlagUntilTimeout)
    I2C_WaitOnRXNEFlagUntilTimeout           0x08002a65   Thumb Code    98  stm32f4xx_hal_i2c.o(i.I2C_WaitOnRXNEFlagUntilTimeout)
    i.I2C_WaitOnTXEFlagUntilTimeout          0x08002ac6   Section        0  stm32f4xx_hal_i2c.o(i.I2C_WaitOnTXEFlagUntilTimeout)
    I2C_WaitOnTXEFlagUntilTimeout            0x08002ac7   Thumb Code    78  stm32f4xx_hal_i2c.o(i.I2C_WaitOnTXEFlagUntilTimeout)
    i.I2Cx_Error                             0x08002b14   Section        0  stm32f429i_discovery.o(i.I2Cx_Error)
    I2Cx_Error                               0x08002b15   Thumb Code    16  stm32f429i_discovery.o(i.I2Cx_Error)
    i.I2Cx_Init                              0x08002b28   Section        0  stm32f429i_discovery.o(i.I2Cx_Init)
    I2Cx_Init                                0x08002b29   Thumb Code    58  stm32f429i_discovery.o(i.I2Cx_Init)
    i.I2Cx_MspInit                           0x08002b70   Section        0  stm32f429i_discovery.o(i.I2Cx_MspInit)
    I2Cx_MspInit                             0x08002b71   Thumb Code   166  stm32f429i_discovery.o(i.I2Cx_MspInit)
    i.IOE_Delay                              0x08002c28   Section        0  stm32f429i_discovery.o(i.IOE_Delay)
    i.IOE_ITConfig                           0x08002c2c   Section        0  stm32f429i_discovery.o(i.IOE_ITConfig)
    i.IOE_Init                               0x08002c7c   Section        0  stm32f429i_discovery.o(i.IOE_Init)
    i.IOE_Read                               0x08002c80   Section        0  stm32f429i_discovery.o(i.IOE_Read)
    i.IOE_ReadMultiple                       0x08002cb4   Section        0  stm32f429i_discovery.o(i.IOE_ReadMultiple)
    i.IOE_Write                              0x08002ce4   Section        0  stm32f429i_discovery.o(i.IOE_Write)
    i.LCD_Delay                              0x08002d14   Section        0  stm32f429i_discovery.o(i.LCD_Delay)
    i.LCD_IO_Init                            0x08002d18   Section        0  stm32f429i_discovery.o(i.LCD_IO_Init)
    i.LCD_IO_ReadData                        0x08002dc0   Section        0  stm32f429i_discovery.o(i.LCD_IO_ReadData)
    i.LCD_IO_WriteData                       0x08002e2c   Section        0  stm32f429i_discovery.o(i.LCD_IO_WriteData)
    i.LCD_IO_WriteReg                        0x08002e64   Section        0  stm32f429i_discovery.o(i.LCD_IO_WriteReg)
    i.LTDC_SetConfig                         0x08002e9c   Section        0  stm32f4xx_hal_ltdc.o(i.LTDC_SetConfig)
    LTDC_SetConfig                           0x08002e9d   Thumb Code   354  stm32f4xx_hal_ltdc.o(i.LTDC_SetConfig)
    i.MX_GPIO_Init                           0x08003000   Section        0  main.o(i.MX_GPIO_Init)
    MX_GPIO_Init                             0x08003001   Thumb Code   770  main.o(i.MX_GPIO_Init)
    i.MspInit                                0x08003328   Section        0  stm32f429i_discovery_lcd.o(i.MspInit)
    MspInit                                  0x08003329   Thumb Code   270  stm32f429i_discovery_lcd.o(i.MspInit)
    i.MspInit                                0x08003454   Section        0  stm32f429i_discovery_sdram.o(i.MspInit)
    MspInit                                  0x08003455   Thumb Code   316  stm32f429i_discovery_sdram.o(i.MspInit)
    i.NVIC_SetPriority                       0x080035b4   Section        0  stm32f4xx_hal_cortex.o(i.NVIC_SetPriority)
    NVIC_SetPriority                         0x080035b5   Thumb Code    32  stm32f4xx_hal_cortex.o(i.NVIC_SetPriority)
    i.SPI_CheckFlag_BSY                      0x080035d4   Section        0  stm32f4xx_hal_spi.o(i.SPI_CheckFlag_BSY)
    SPI_CheckFlag_BSY                        0x080035d5   Thumb Code    32  stm32f4xx_hal_spi.o(i.SPI_CheckFlag_BSY)
    i.SPI_WaitFlagStateUntilTimeout          0x080035f4   Section        0  stm32f4xx_hal_spi.o(i.SPI_WaitFlagStateUntilTimeout)
    SPI_WaitFlagStateUntilTimeout            0x080035f5   Thumb Code   150  stm32f4xx_hal_spi.o(i.SPI_WaitFlagStateUntilTimeout)
    i.SPIx_Error                             0x0800368c   Section        0  stm32f429i_discovery.o(i.SPIx_Error)
    SPIx_Error                               0x0800368d   Thumb Code    16  stm32f429i_discovery.o(i.SPIx_Error)
    i.SPIx_Init                              0x080036a0   Section        0  stm32f429i_discovery.o(i.SPIx_Init)
    SPIx_Init                                0x080036a1   Thumb Code   138  stm32f429i_discovery.o(i.SPIx_Init)
    i.SPIx_Write                             0x0800373c   Section        0  stm32f429i_discovery.o(i.SPIx_Write)
    SPIx_Write                               0x0800373d   Thumb Code    26  stm32f429i_discovery.o(i.SPIx_Write)
    i.SysTick_Handler                        0x08003760   Section        0  stm32f4xx_it.o(i.SysTick_Handler)
    i.SystemClock_Config                     0x08003770   Section        0  main.o(i.SystemClock_Config)
    i.SystemInit                             0x08003818   Section        0  system_stm32f4xx.o(i.SystemInit)
    i.TouchDifference                        0x0800386c   Section        0  main.o(i.TouchDifference)
    TouchDifference                          0x0800386d   Thumb Code    88  main.o(i.TouchDifference)
    i.__scatterload_copy                     0x080038d4   Section       14  handlers.o(i.__scatterload_copy)
    i.__scatterload_null                     0x080038e2   Section        2  handlers.o(i.__scatterload_null)
    i.__scatterload_zeroinit                 0x080038e4   Section       14  handlers.o(i.__scatterload_zeroinit)
    i.ili9341_DisplayOff                     0x080038f2   Section        0  ili9341.o(i.ili9341_DisplayOff)
    i.ili9341_DisplayOn                      0x080038f8   Section        0  ili9341.o(i.ili9341_DisplayOn)
    i.ili9341_GetLcdPixelHeight              0x080038fe   Section        0  ili9341.o(i.ili9341_GetLcdPixelHeight)
    i.ili9341_GetLcdPixelWidth               0x08003904   Section        0  ili9341.o(i.ili9341_GetLcdPixelWidth)
    i.ili9341_Init                           0x08003908   Section        0  ili9341.o(i.ili9341_Init)
    i.ili9341_ReadID                         0x08003b9a   Section        0  ili9341.o(i.ili9341_ReadID)
    i.main                                   0x08003bac   Section        0  main.o(i.main)
    i.stmpe811_ClearGlobalIT                 0x08003c04   Section        0  stmpe811.o(i.stmpe811_ClearGlobalIT)
    i.stmpe811_DisableGlobalIT               0x08003c0e   Section        0  stmpe811.o(i.stmpe811_DisableGlobalIT)
    i.stmpe811_DisableITSource               0x08003c2a   Section        0  stmpe811.o(i.stmpe811_DisableITSource)
    i.stmpe811_EnableGlobalIT                0x08003c48   Section        0  stmpe811.o(i.stmpe811_EnableGlobalIT)
    i.stmpe811_EnableITSource                0x08003c64   Section        0  stmpe811.o(i.stmpe811_EnableITSource)
    i.stmpe811_GetInstance                   0x08003c84   Section        0  stmpe811.o(i.stmpe811_GetInstance)
    stmpe811_GetInstance                     0x08003c85   Thumb Code    24  stmpe811.o(i.stmpe811_GetInstance)
    i.stmpe811_IO_EnableAF                   0x08003ca0   Section        0  stmpe811.o(i.stmpe811_IO_EnableAF)
    i.stmpe811_Init                          0x08003cc0   Section        0  stmpe811.o(i.stmpe811_Init)
    i.stmpe811_ReadID                        0x08003cf0   Section        0  stmpe811.o(i.stmpe811_ReadID)
    i.stmpe811_Reset                         0x08003d10   Section        0  stmpe811.o(i.stmpe811_Reset)
    i.stmpe811_TS_ClearIT                    0x08003d38   Section        0  stmpe811.o(i.stmpe811_TS_ClearIT)
    i.stmpe811_TS_DetectTouch                0x08003d3e   Section        0  stmpe811.o(i.stmpe811_TS_DetectTouch)
    i.stmpe811_TS_DisableIT                  0x08003d74   Section        0  stmpe811.o(i.stmpe811_TS_DisableIT)
    i.stmpe811_TS_EnableIT                   0x08003d88   Section        0  stmpe811.o(i.stmpe811_TS_EnableIT)
    i.stmpe811_TS_GetXY                      0x08003da2   Section        0  stmpe811.o(i.stmpe811_TS_GetXY)
    i.stmpe811_TS_ITStatus                   0x08003de0   Section        0  stmpe811.o(i.stmpe811_TS_ITStatus)
    i.stmpe811_TS_Start                      0x08003df0   Section        0  stmpe811.o(i.stmpe811_TS_Start)
    .constdata                               0x08003e92   Section        8  stm32f4xx_hal_dma.o(.constdata)
    flagBitshiftOffset                       0x08003e92   Data           8  stm32f4xx_hal_dma.o(.constdata)
    .constdata                               0x08003e9a   Section       16  stm32f4xx_hal_rcc.o(.constdata)
    .constdata                               0x08003eaa   Section     6840  stm32f429i_discovery_lcd.o(.constdata)
    .data                                    0x20000000   Section       16  main.o(.data)
    x                                        0x20000000   Data           4  main.o(.data)
    y                                        0x20000004   Data           4  main.o(.data)
    TS_State                                 0x20000008   Data           8  main.o(.data)
    .data                                    0x20000010   Section        4  system_stm32f4xx.o(.data)
    .data                                    0x20000014   Section        4  stm32f4xx_hal.o(.data)
    .data                                    0x20000018   Section       24  stm32f429i_discovery.o(.data)
    Is_LCD_IO_Initialized                    0x20000018   Data           1  stm32f429i_discovery.o(.data)
    .data                                    0x20000030   Section       16  stm32f429i_discovery_lcd.o(.data)
    ActiveLayer                              0x20000030   Data           4  stm32f429i_discovery_lcd.o(.data)
    .data                                    0x20000040   Section       16  stm32f429i_discovery_ts.o(.data)
    TsXBoundary                              0x20000040   Data           2  stm32f429i_discovery_ts.o(.data)
    TsYBoundary                              0x20000042   Data           2  stm32f429i_discovery_ts.o(.data)
    _x                                       0x20000044   Data           4  stm32f429i_discovery_ts.o(.data)
    _y                                       0x20000048   Data           4  stm32f429i_discovery_ts.o(.data)
    TsDrv                                    0x2000004c   Data           4  stm32f429i_discovery_ts.o(.data)
    .data                                    0x20000050   Section       56  ili9341.o(.data)
    .data                                    0x20000088   Section       40  stmpe811.o(.data)
    .data                                    0x200000b0   Section        2  stmpe811.o(.data)
    .bss                                     0x200000b4   Section      172  stm32f429i_discovery.o(.bss)
    SpiHandle                                0x20000108   Data          88  stm32f429i_discovery.o(.bss)
    .bss                                     0x20000160   Section      304  stm32f429i_discovery_lcd.o(.bss)
    Dma2dHandler                             0x20000208   Data          64  stm32f429i_discovery_lcd.o(.bss)
    PeriphClkInitStruct                      0x20000248   Data          48  stm32f429i_discovery_lcd.o(.bss)
    DrawProp                                 0x20000278   Data          24  stm32f429i_discovery_lcd.o(.bss)
    .bss                                     0x20000290   Section      192  stm32f429i_discovery_sdram.o(.bss)
    dmaHandle                                0x20000290   Data          96  stm32f429i_discovery_sdram.o(.bss)
    SdramHandle                              0x200002f0   Data          52  stm32f429i_discovery_sdram.o(.bss)
    Timing                                   0x20000324   Data          28  stm32f429i_discovery_sdram.o(.bss)
    Command                                  0x20000340   Data          16  stm32f429i_discovery_sdram.o(.bss)
    STACK                                    0x20000350   Section     1024  startup_stm32f429xx.o(STACK)

    Global Symbols

    Symbol Name                              Value     Ov Type        Size  Object(Section)

    BuildAttributes$$THM_ISAv4$E$P$D$K$B$S$7EM$VFPi3$EXTD16$VFPS$VFMA$PE$A:L22UL41UL21$X:L11$S22US41US21$IEEE1$IW$USESV6$~STKCKD$USESV7$~SHL$OSPACE$EBA8$MICROLIB$REQ8$PRES8$EABIv2 0x00000000   Number         0  anon$$obj.o ABSOLUTE
    __ARM_use_no_argv                        0x00000000   Number         0  main.o ABSOLUTE
    __cpp_initialize__aeabi_                  - Undefined Weak Reference
    __cxa_finalize                            - Undefined Weak Reference
    __decompress                              - Undefined Weak Reference
    _clock_init                               - Undefined Weak Reference
    _microlib_exit                            - Undefined Weak Reference
    __Vectors_Size                           0x000001ac   Number         0  startup_stm32f429xx.o ABSOLUTE
    __Vectors                                0x08000000   Data           4  startup_stm32f429xx.o(RESET)
    __Vectors_End                            0x080001ac   Data           0  startup_stm32f429xx.o(RESET)
    __main                                   0x080001ad   Thumb Code     0  entry.o(.ARM.Collect$$$$00000000)
    _main_stk                                0x080001ad   Thumb Code     0  entry2.o(.ARM.Collect$$$$00000001)
    _main_scatterload                        0x080001b1   Thumb Code     0  entry5.o(.ARM.Collect$$$$00000004)
    __main_after_scatterload                 0x080001b5   Thumb Code     0  entry5.o(.ARM.Collect$$$$00000004)
    _main_clock                              0x080001b5   Thumb Code     0  entry7b.o(.ARM.Collect$$$$00000008)
    _main_cpp_init                           0x080001b5   Thumb Code     0  entry8b.o(.ARM.Collect$$$$0000000A)
    _main_init                               0x080001b5   Thumb Code     0  entry9a.o(.ARM.Collect$$$$0000000B)
    __rt_final_cpp                           0x080001bd   Thumb Code     0  entry10a.o(.ARM.Collect$$$$0000000D)
    __rt_final_exit                          0x080001bd   Thumb Code     0  entry11a.o(.ARM.Collect$$$$0000000F)
    Reset_Handler                            0x080001c1   Thumb Code     8  startup_stm32f429xx.o(.text)
    NMI_Handler                              0x080001c9   Thumb Code     2  startup_stm32f429xx.o(.text)
    HardFault_Handler                        0x080001cb   Thumb Code     2  startup_stm32f429xx.o(.text)
    MemManage_Handler                        0x080001cd   Thumb Code     2  startup_stm32f429xx.o(.text)
    BusFault_Handler                         0x080001cf   Thumb Code     2  startup_stm32f429xx.o(.text)
    UsageFault_Handler                       0x080001d1   Thumb Code     2  startup_stm32f429xx.o(.text)
    SVC_Handler                              0x080001d3   Thumb Code     2  startup_stm32f429xx.o(.text)
    DebugMon_Handler                         0x080001d5   Thumb Code     2  startup_stm32f429xx.o(.text)
    PendSV_Handler                           0x080001d7   Thumb Code     2  startup_stm32f429xx.o(.text)
    ADC_IRQHandler                           0x080001db   Thumb Code     0  startup_stm32f429xx.o(.text)
    CAN1_RX0_IRQHandler                      0x080001db   Thumb Code     0  startup_stm32f429xx.o(.text)
    CAN1_RX1_IRQHandler                      0x080001db   Thumb Code     0  startup_stm32f429xx.o(.text)
    CAN1_SCE_IRQHandler                      0x080001db   Thumb Code     0  startup_stm32f429xx.o(.text)
    CAN1_TX_IRQHandler                       0x080001db   Thumb Code     0  startup_stm32f429xx.o(.text)
    CAN2_RX0_IRQHandler                      0x080001db   Thumb Code     0  startup_stm32f429xx.o(.text)
    CAN2_RX1_IRQHandler                      0x080001db   Thumb Code     0  startup_stm32f429xx.o(.text)
    CAN2_SCE_IRQHandler                      0x080001db   Thumb Code     0  startup_stm32f429xx.o(.text)
    CAN2_TX_IRQHandler                       0x080001db   Thumb Code     0  startup_stm32f429xx.o(.text)
    DCMI_IRQHandler                          0x080001db   Thumb Code     0  startup_stm32f429xx.o(.text)
    DMA1_Stream0_IRQHandler                  0x080001db   Thumb Code     0  startup_stm32f429xx.o(.text)
    DMA1_Stream1_IRQHandler                  0x080001db   Thumb Code     0  startup_stm32f429xx.o(.text)
    DMA1_Stream2_IRQHandler                  0x080001db   Thumb Code     0  startup_stm32f429xx.o(.text)
    DMA1_Stream3_IRQHandler                  0x080001db   Thumb Code     0  startup_stm32f429xx.o(.text)
    DMA1_Stream4_IRQHandler                  0x080001db   Thumb Code     0  startup_stm32f429xx.o(.text)
    DMA1_Stream5_IRQHandler                  0x080001db   Thumb Code     0  startup_stm32f429xx.o(.text)
    DMA1_Stream6_IRQHandler                  0x080001db   Thumb Code     0  startup_stm32f429xx.o(.text)
    DMA1_Stream7_IRQHandler                  0x080001db   Thumb Code     0  startup_stm32f429xx.o(.text)
    DMA2D_IRQHandler                         0x080001db   Thumb Code     0  startup_stm32f429xx.o(.text)
    DMA2_Stream0_IRQHandler                  0x080001db   Thumb Code     0  startup_stm32f429xx.o(.text)
    DMA2_Stream1_IRQHandler                  0x080001db   Thumb Code     0  startup_stm32f429xx.o(.text)
    DMA2_Stream2_IRQHandler                  0x080001db   Thumb Code     0  startup_stm32f429xx.o(.text)
    DMA2_Stream3_IRQHandler                  0x080001db   Thumb Code     0  startup_stm32f429xx.o(.text)
    DMA2_Stream4_IRQHandler                  0x080001db   Thumb Code     0  startup_stm32f429xx.o(.text)
    DMA2_Stream5_IRQHandler                  0x080001db   Thumb Code     0  startup_stm32f429xx.o(.text)
    DMA2_Stream6_IRQHandler                  0x080001db   Thumb Code     0  startup_stm32f429xx.o(.text)
    DMA2_Stream7_IRQHandler                  0x080001db   Thumb Code     0  startup_stm32f429xx.o(.text)
    ETH_IRQHandler                           0x080001db   Thumb Code     0  startup_stm32f429xx.o(.text)
    ETH_WKUP_IRQHandler                      0x080001db   Thumb Code     0  startup_stm32f429xx.o(.text)
    EXTI0_IRQHandler                         0x080001db   Thumb Code     0  startup_stm32f429xx.o(.text)
    EXTI15_10_IRQHandler                     0x080001db   Thumb Code     0  startup_stm32f429xx.o(.text)
    EXTI1_IRQHandler                         0x080001db   Thumb Code     0  startup_stm32f429xx.o(.text)
    EXTI2_IRQHandler                         0x080001db   Thumb Code     0  startup_stm32f429xx.o(.text)
    EXTI3_IRQHandler                         0x080001db   Thumb Code     0  startup_stm32f429xx.o(.text)
    EXTI4_IRQHandler                         0x080001db   Thumb Code     0  startup_stm32f429xx.o(.text)
    EXTI9_5_IRQHandler                       0x080001db   Thumb Code     0  startup_stm32f429xx.o(.text)
    FLASH_IRQHandler                         0x080001db   Thumb Code     0  startup_stm32f429xx.o(.text)
    FMC_IRQHandler                           0x080001db   Thumb Code     0  startup_stm32f429xx.o(.text)
    FPU_IRQHandler                           0x080001db   Thumb Code     0  startup_stm32f429xx.o(.text)
    HASH_RNG_IRQHandler                      0x080001db   Thumb Code     0  startup_stm32f429xx.o(.text)
    I2C1_ER_IRQHandler                       0x080001db   Thumb Code     0  startup_stm32f429xx.o(.text)
    I2C1_EV_IRQHandler                       0x080001db   Thumb Code     0  startup_stm32f429xx.o(.text)
    I2C2_ER_IRQHandler                       0x080001db   Thumb Code     0  startup_stm32f429xx.o(.text)
    I2C2_EV_IRQHandler                       0x080001db   Thumb Code     0  startup_stm32f429xx.o(.text)
    I2C3_ER_IRQHandler                       0x080001db   Thumb Code     0  startup_stm32f429xx.o(.text)
    I2C3_EV_IRQHandler                       0x080001db   Thumb Code     0  startup_stm32f429xx.o(.text)
    LTDC_ER_IRQHandler                       0x080001db   Thumb Code     0  startup_stm32f429xx.o(.text)
    LTDC_IRQHandler                          0x080001db   Thumb Code     0  startup_stm32f429xx.o(.text)
    OTG_FS_IRQHandler                        0x080001db   Thumb Code     0  startup_stm32f429xx.o(.text)
    OTG_FS_WKUP_IRQHandler                   0x080001db   Thumb Code     0  startup_stm32f429xx.o(.text)
    OTG_HS_EP1_IN_IRQHandler                 0x080001db   Thumb Code     0  startup_stm32f429xx.o(.text)
    OTG_HS_EP1_OUT_IRQHandler                0x080001db   Thumb Code     0  startup_stm32f429xx.o(.text)
    OTG_HS_IRQHandler                        0x080001db   Thumb Code     0  startup_stm32f429xx.o(.text)
    OTG_HS_WKUP_IRQHandler                   0x080001db   Thumb Code     0  startup_stm32f429xx.o(.text)
    PVD_IRQHandler                           0x080001db   Thumb Code     0  startup_stm32f429xx.o(.text)
    RCC_IRQHandler                           0x080001db   Thumb Code     0  startup_stm32f429xx.o(.text)
    RTC_Alarm_IRQHandler                     0x080001db   Thumb Code     0  startup_stm32f429xx.o(.text)
    RTC_WKUP_IRQHandler                      0x080001db   Thumb Code     0  startup_stm32f429xx.o(.text)
    SAI1_IRQHandler                          0x080001db   Thumb Code     0  startup_stm32f429xx.o(.text)
    SDIO_IRQHandler                          0x080001db   Thumb Code     0  startup_stm32f429xx.o(.text)
    SPI1_IRQHandler                          0x080001db   Thumb Code     0  startup_stm32f429xx.o(.text)
    SPI2_IRQHandler                          0x080001db   Thumb Code     0  startup_stm32f429xx.o(.text)
    SPI3_IRQHandler                          0x080001db   Thumb Code     0  startup_stm32f429xx.o(.text)
    SPI4_IRQHandler                          0x080001db   Thumb Code     0  startup_stm32f429xx.o(.text)
    SPI5_IRQHandler                          0x080001db   Thumb Code     0  startup_stm32f429xx.o(.text)
    SPI6_IRQHandler                          0x080001db   Thumb Code     0  startup_stm32f429xx.o(.text)
    TAMP_STAMP_IRQHandler                    0x080001db   Thumb Code     0  startup_stm32f429xx.o(.text)
    TIM1_BRK_TIM9_IRQHandler                 0x080001db   Thumb Code     0  startup_stm32f429xx.o(.text)
    TIM1_CC_IRQHandler                       0x080001db   Thumb Code     0  startup_stm32f429xx.o(.text)
    TIM1_TRG_COM_TIM11_IRQHandler            0x080001db   Thumb Code     0  startup_stm32f429xx.o(.text)
    TIM1_UP_TIM10_IRQHandler                 0x080001db   Thumb Code     0  startup_stm32f429xx.o(.text)
    TIM2_IRQHandler                          0x080001db   Thumb Code     0  startup_stm32f429xx.o(.text)
    TIM3_IRQHandler                          0x080001db   Thumb Code     0  startup_stm32f429xx.o(.text)
    TIM4_IRQHandler                          0x080001db   Thumb Code     0  startup_stm32f429xx.o(.text)
    TIM5_IRQHandler                          0x080001db   Thumb Code     0  startup_stm32f429xx.o(.text)
    TIM6_DAC_IRQHandler                      0x080001db   Thumb Code     0  startup_stm32f429xx.o(.text)
    TIM7_IRQHandler                          0x080001db   Thumb Code     0  startup_stm32f429xx.o(.text)
    TIM8_BRK_TIM12_IRQHandler                0x080001db   Thumb Code     0  startup_stm32f429xx.o(.text)
    TIM8_CC_IRQHandler                       0x080001db   Thumb Code     0  startup_stm32f429xx.o(.text)
    TIM8_TRG_COM_TIM14_IRQHandler            0x080001db   Thumb Code     0  startup_stm32f429xx.o(.text)
    TIM8_UP_TIM13_IRQHandler                 0x080001db   Thumb Code     0  startup_stm32f429xx.o(.text)
    UART4_IRQHandler                         0x080001db   Thumb Code     0  startup_stm32f429xx.o(.text)
    UART5_IRQHandler                         0x080001db   Thumb Code     0  startup_stm32f429xx.o(.text)
    UART7_IRQHandler                         0x080001db   Thumb Code     0  startup_stm32f429xx.o(.text)
    UART8_IRQHandler                         0x080001db   Thumb Code     0  startup_stm32f429xx.o(.text)
    USART1_IRQHandler                        0x080001db   Thumb Code     0  startup_stm32f429xx.o(.text)
    USART2_IRQHandler                        0x080001db   Thumb Code     0  startup_stm32f429xx.o(.text)
    USART3_IRQHandler                        0x080001db   Thumb Code     0  startup_stm32f429xx.o(.text)
    USART6_IRQHandler                        0x080001db   Thumb Code     0  startup_stm32f429xx.o(.text)
    WWDG_IRQHandler                          0x080001db   Thumb Code     0  startup_stm32f429xx.o(.text)
    __aeabi_memcpy                           0x080001e5   Thumb Code    36  memcpya.o(.text)
    __aeabi_memcpy4                          0x080001e5   Thumb Code     0  memcpya.o(.text)
    __aeabi_memcpy8                          0x080001e5   Thumb Code     0  memcpya.o(.text)
    __scatterload                            0x08000209   Thumb Code    28  init.o(.text)
    __scatterload_rt2                        0x08000209   Thumb Code     0  init.o(.text)
    BSP_LCD_Clear                            0x0800022d   Thumb Code    50  stm32f429i_discovery_lcd.o(i.BSP_LCD_Clear)
    BSP_LCD_DisplayChar                      0x08000269   Thumb Code    44  stm32f429i_discovery_lcd.o(i.BSP_LCD_DisplayChar)
    BSP_LCD_DisplayOn                        0x0800029d   Thumb Code    14  stm32f429i_discovery_lcd.o(i.BSP_LCD_DisplayOn)
    BSP_LCD_DisplayStringAt                  0x080002b1   Thumb Code   188  stm32f429i_discovery_lcd.o(i.BSP_LCD_DisplayStringAt)
    BSP_LCD_DrawHLine                        0x08000375   Thumb Code    68  stm32f429i_discovery_lcd.o(i.BSP_LCD_DrawHLine)
    BSP_LCD_DrawPixel                        0x080003c1   Thumb Code    42  stm32f429i_discovery_lcd.o(i.BSP_LCD_DrawPixel)
    BSP_LCD_DrawRect                         0x080003f5   Thumb Code    54  stm32f429i_discovery_lcd.o(i.BSP_LCD_DrawRect)
    BSP_LCD_DrawVLine                        0x0800042d   Thumb Code    76  stm32f429i_discovery_lcd.o(i.BSP_LCD_DrawVLine)
    BSP_LCD_FillRect                         0x08000485   Thumb Code    96  stm32f429i_discovery_lcd.o(i.BSP_LCD_FillRect)
    BSP_LCD_GetXSize                         0x080004ed   Thumb Code     8  stm32f429i_discovery_lcd.o(i.BSP_LCD_GetXSize)
    BSP_LCD_GetYSize                         0x080004f9   Thumb Code     8  stm32f429i_discovery_lcd.o(i.BSP_LCD_GetYSize)
    BSP_LCD_Init                             0x08000505   Thumb Code   130  stm32f429i_discovery_lcd.o(i.BSP_LCD_Init)
    BSP_LCD_LayerDefaultInit                 0x08000599   Thumb Code   116  stm32f429i_discovery_lcd.o(i.BSP_LCD_LayerDefaultInit)
    BSP_LCD_SelectLayer                      0x08000619   Thumb Code     6  stm32f429i_discovery_lcd.o(i.BSP_LCD_SelectLayer)
    BSP_LCD_SetBackColor                     0x08000625   Thumb Code    18  stm32f429i_discovery_lcd.o(i.BSP_LCD_SetBackColor)
    BSP_LCD_SetFont                          0x08000641   Thumb Code    18  stm32f429i_discovery_lcd.o(i.BSP_LCD_SetFont)
    BSP_LCD_SetTextColor                     0x0800065d   Thumb Code    16  stm32f429i_discovery_lcd.o(i.BSP_LCD_SetTextColor)
    BSP_SDRAM_Init                           0x08000675   Thumb Code    92  stm32f429i_discovery_sdram.o(i.BSP_SDRAM_Init)
    BSP_SDRAM_Initialization_sequence        0x080006d9   Thumb Code   132  stm32f429i_discovery_sdram.o(i.BSP_SDRAM_Initialization_sequence)
    BSP_TS_GetState                          0x08000761   Thumb Code   170  stm32f429i_discovery_ts.o(i.BSP_TS_GetState)
    BSP_TS_Init                              0x08000811   Thumb Code    48  stm32f429i_discovery_ts.o(i.BSP_TS_Init)
    FMC_SDRAM_Init                           0x08000a85   Thumb Code    80  stm32f4xx_ll_fmc.o(i.FMC_SDRAM_Init)
    FMC_SDRAM_ProgramRefreshRate             0x08000ad5   Thumb Code    12  stm32f4xx_ll_fmc.o(i.FMC_SDRAM_ProgramRefreshRate)
    FMC_SDRAM_SendCommand                    0x08000ae1   Thumb Code    72  stm32f4xx_ll_fmc.o(i.FMC_SDRAM_SendCommand)
    FMC_SDRAM_Timing_Init                    0x08000b29   Thumb Code   124  stm32f4xx_ll_fmc.o(i.FMC_SDRAM_Timing_Init)
    HAL_DMA2D_ConfigLayer                    0x08000c09   Thumb Code   192  stm32f4xx_hal_dma2d.o(i.HAL_DMA2D_ConfigLayer)
    HAL_DMA2D_Init                           0x08000ccd   Thumb Code    90  stm32f4xx_hal_dma2d.o(i.HAL_DMA2D_Init)
    HAL_DMA2D_MspInit                        0x08000d27   Thumb Code     2  stm32f4xx_hal_dma2d.o(i.HAL_DMA2D_MspInit)
    HAL_DMA2D_PollForTransfer                0x08000d29   Thumb Code   268  stm32f4xx_hal_dma2d.o(i.HAL_DMA2D_PollForTransfer)
    HAL_DMA2D_Start                          0x08000e35   Thumb Code    52  stm32f4xx_hal_dma2d.o(i.HAL_DMA2D_Start)
    HAL_DMA_DeInit                           0x08000e69   Thumb Code    86  stm32f4xx_hal_dma.o(i.HAL_DMA_DeInit)
    HAL_DMA_Init                             0x08000ec1   Thumb Code   202  stm32f4xx_hal_dma.o(i.HAL_DMA_Init)
    HAL_Delay                                0x08000f91   Thumb Code    22  stm32f4xx_hal.o(i.HAL_Delay)
    HAL_GPIO_Init                            0x08000fa9   Thumb Code   408  stm32f4xx_hal_gpio.o(i.HAL_GPIO_Init)
    HAL_GPIO_WritePin                        0x08001175   Thumb Code    10  stm32f4xx_hal_gpio.o(i.HAL_GPIO_WritePin)
    HAL_GetTick                              0x08001181   Thumb Code     6  stm32f4xx_hal.o(i.HAL_GetTick)
    HAL_I2C_DeInit                           0x0800118d   Thumb Code    50  stm32f4xx_hal_i2c.o(i.HAL_I2C_DeInit)
    HAL_I2C_GetState                         0x080011bf   Thumb Code     6  stm32f4xx_hal_i2c.o(i.HAL_I2C_GetState)
    HAL_I2C_Init                             0x080011c5   Thumb Code   254  stm32f4xx_hal_i2c.o(i.HAL_I2C_Init)
    HAL_I2C_Mem_Read                         0x080012cd   Thumb Code   494  stm32f4xx_hal_i2c.o(i.HAL_I2C_Mem_Read)
    HAL_I2C_Mem_Write                        0x080014c9   Thumb Code   306  stm32f4xx_hal_i2c.o(i.HAL_I2C_Mem_Write)
    HAL_I2C_MspDeInit                        0x08001605   Thumb Code     2  stm32f4xx_hal_i2c.o(i.HAL_I2C_MspDeInit)
    HAL_I2C_MspInit                          0x08001607   Thumb Code     2  stm32f4xx_hal_i2c.o(i.HAL_I2C_MspInit)
    HAL_IncTick                              0x08001609   Thumb Code    10  stm32f4xx_hal.o(i.HAL_IncTick)
    HAL_Init                                 0x08001619   Thumb Code    48  stm32f4xx_hal.o(i.HAL_Init)
    HAL_InitTick                             0x0800164d   Thumb Code    34  stm32f4xx_hal.o(i.HAL_InitTick)
    HAL_LTDC_ConfigLayer                     0x08001675   Thumb Code    82  stm32f4xx_hal_ltdc.o(i.HAL_LTDC_ConfigLayer)
    HAL_LTDC_EnableDither                    0x080016c9   Thumb Code    42  stm32f4xx_hal_ltdc.o(i.HAL_LTDC_EnableDither)
    HAL_LTDC_Init                            0x080016f9   Thumb Code   248  stm32f4xx_hal_ltdc.o(i.HAL_LTDC_Init)
    HAL_LTDC_MspInit                         0x080017f5   Thumb Code     2  stm32f4xx_hal_ltdc.o(i.HAL_LTDC_MspInit)
    HAL_MspInit                              0x080017f7   Thumb Code    88  stm32f4xx_hal_msp.o(i.HAL_MspInit)
    HAL_NVIC_EnableIRQ                       0x0800184f   Thumb Code    22  stm32f4xx_hal_cortex.o(i.HAL_NVIC_EnableIRQ)
    HAL_NVIC_SetPriority                     0x08001865   Thumb Code    60  stm32f4xx_hal_cortex.o(i.HAL_NVIC_SetPriority)
    HAL_NVIC_SetPriorityGrouping             0x080018a5   Thumb Code    26  stm32f4xx_hal_cortex.o(i.HAL_NVIC_SetPriorityGrouping)
    HAL_PWREx_EnableOverDrive                0x080018c9   Thumb Code   126  stm32f4xx_hal_pwr_ex.o(i.HAL_PWREx_EnableOverDrive)
    HAL_RCCEx_PeriphCLKConfig                0x08001955   Thumb Code   660  stm32f4xx_hal_rcc_ex.o(i.HAL_RCCEx_PeriphCLKConfig)
    HAL_RCC_ClockConfig                      0x08001c0d   Thumb Code   364  stm32f4xx_hal_rcc.o(i.HAL_RCC_ClockConfig)
    HAL_RCC_GetHCLKFreq                      0x08001d89   Thumb Code     6  stm32f4xx_hal_rcc.o(i.HAL_RCC_GetHCLKFreq)
    HAL_RCC_GetPCLK1Freq                     0x08001d95   Thumb Code    34  stm32f4xx_hal_rcc.o(i.HAL_RCC_GetPCLK1Freq)
    HAL_RCC_GetSysClockFreq                  0x08001dc5   Thumb Code   104  stm32f4xx_hal_rcc.o(i.HAL_RCC_GetSysClockFreq)
    HAL_RCC_OscConfig                        0x08001e35   Thumb Code   770  stm32f4xx_hal_rcc.o(i.HAL_RCC_OscConfig)
    HAL_SDRAM_Init                           0x08002149   Thumb Code    66  stm32f4xx_hal_sdram.o(i.HAL_SDRAM_Init)
    HAL_SDRAM_MspInit                        0x0800218b   Thumb Code     2  stm32f4xx_hal_sdram.o(i.HAL_SDRAM_MspInit)
    HAL_SDRAM_ProgramRefreshRate             0x0800218d   Thumb Code    34  stm32f4xx_hal_sdram.o(i.HAL_SDRAM_ProgramRefreshRate)
    HAL_SDRAM_SendCommand                    0x080021b1   Thumb Code    48  stm32f4xx_hal_sdram.o(i.HAL_SDRAM_SendCommand)
    HAL_SPI_DeInit                           0x080021e1   Thumb Code    46  stm32f4xx_hal_spi.o(i.HAL_SPI_DeInit)
    HAL_SPI_GetState                         0x0800220f   Thumb Code     6  stm32f4xx_hal_spi.o(i.HAL_SPI_GetState)
    HAL_SPI_Init                             0x08002215   Thumb Code   128  stm32f4xx_hal_spi.o(i.HAL_SPI_Init)
    HAL_SPI_MspDeInit                        0x08002295   Thumb Code     2  stm32f4xx_hal_spi.o(i.HAL_SPI_MspDeInit)
    HAL_SPI_MspInit                          0x08002297   Thumb Code     2  stm32f4xx_hal_spi.o(i.HAL_SPI_MspInit)
    HAL_SPI_Receive                          0x08002299   Thumb Code   336  stm32f4xx_hal_spi.o(i.HAL_SPI_Receive)
    HAL_SPI_Transmit                         0x080023e9   Thumb Code   360  stm32f4xx_hal_spi.o(i.HAL_SPI_Transmit)
    HAL_SPI_TransmitReceive                  0x08002551   Thumb Code   472  stm32f4xx_hal_spi.o(i.HAL_SPI_TransmitReceive)
    HAL_SYSTICK_CLKSourceConfig              0x08002729   Thumb Code    24  stm32f4xx_hal_cortex.o(i.HAL_SYSTICK_CLKSourceConfig)
    HAL_SYSTICK_Callback                     0x08002741   Thumb Code     2  stm32f4xx_hal_cortex.o(i.HAL_SYSTICK_Callback)
    HAL_SYSTICK_Config                       0x08002743   Thumb Code    40  stm32f4xx_hal_cortex.o(i.HAL_SYSTICK_Config)
    HAL_SYSTICK_IRQHandler                   0x0800276b   Thumb Code     8  stm32f4xx_hal_cortex.o(i.HAL_SYSTICK_IRQHandler)
    IOE_Delay                                0x08002c29   Thumb Code     4  stm32f429i_discovery.o(i.IOE_Delay)
    IOE_ITConfig                             0x08002c2d   Thumb Code    68  stm32f429i_discovery.o(i.IOE_ITConfig)
    IOE_Init                                 0x08002c7d   Thumb Code     4  stm32f429i_discovery.o(i.IOE_Init)
    IOE_Read                                 0x08002c81   Thumb Code    44  stm32f429i_discovery.o(i.IOE_Read)
    IOE_ReadMultiple                         0x08002cb5   Thumb Code    38  stm32f429i_discovery.o(i.IOE_ReadMultiple)
    IOE_Write                                0x08002ce5   Thumb Code    40  stm32f429i_discovery.o(i.IOE_Write)
    LCD_Delay                                0x08002d15   Thumb Code     4  stm32f429i_discovery.o(i.LCD_Delay)
    LCD_IO_Init                              0x08002d19   Thumb Code   150  stm32f429i_discovery.o(i.LCD_IO_Init)
    LCD_IO_ReadData                          0x08002dc1   Thumb Code    92  stm32f429i_discovery.o(i.LCD_IO_ReadData)
    LCD_IO_WriteData                         0x08002e2d   Thumb Code    46  stm32f429i_discovery.o(i.LCD_IO_WriteData)
    LCD_IO_WriteReg                          0x08002e65   Thumb Code    48  stm32f429i_discovery.o(i.LCD_IO_WriteReg)
    SysTick_Handler                          0x08003761   Thumb Code    14  stm32f4xx_it.o(i.SysTick_Handler)
    SystemClock_Config                       0x08003771   Thumb Code   158  main.o(i.SystemClock_Config)
    SystemInit                               0x08003819   Thumb Code    66  system_stm32f4xx.o(i.SystemInit)
    __scatterload_copy                       0x080038d5   Thumb Code    14  handlers.o(i.__scatterload_copy)
    __scatterload_null                       0x080038e3   Thumb Code     2  handlers.o(i.__scatterload_null)
    __scatterload_zeroinit                   0x080038e5   Thumb Code    14  handlers.o(i.__scatterload_zeroinit)
    ili9341_DisplayOff                       0x080038f3   Thumb Code     6  ili9341.o(i.ili9341_DisplayOff)
    ili9341_DisplayOn                        0x080038f9   Thumb Code     6  ili9341.o(i.ili9341_DisplayOn)
    ili9341_GetLcdPixelHeight                0x080038ff   Thumb Code     6  ili9341.o(i.ili9341_GetLcdPixelHeight)
    ili9341_GetLcdPixelWidth                 0x08003905   Thumb Code     4  ili9341.o(i.ili9341_GetLcdPixelWidth)
    ili9341_Init                             0x08003909   Thumb Code   658  ili9341.o(i.ili9341_Init)
    ili9341_ReadID                           0x08003b9b   Thumb Code    18  ili9341.o(i.ili9341_ReadID)
    main                                     0x08003bad   Thumb Code    78  main.o(i.main)
    stmpe811_ClearGlobalIT                   0x08003c05   Thumb Code    10  stmpe811.o(i.stmpe811_ClearGlobalIT)
    stmpe811_DisableGlobalIT                 0x08003c0f   Thumb Code    28  stmpe811.o(i.stmpe811_DisableGlobalIT)
    stmpe811_DisableITSource                 0x08003c2b   Thumb Code    30  stmpe811.o(i.stmpe811_DisableITSource)
    stmpe811_EnableGlobalIT                  0x08003c49   Thumb Code    28  stmpe811.o(i.stmpe811_EnableGlobalIT)
    stmpe811_EnableITSource                  0x08003c65   Thumb Code    30  stmpe811.o(i.stmpe811_EnableITSource)
    stmpe811_IO_EnableAF                     0x08003ca1   Thumb Code    30  stmpe811.o(i.stmpe811_IO_EnableAF)
    stmpe811_Init                            0x08003cc1   Thumb Code    42  stmpe811.o(i.stmpe811_Init)
    stmpe811_ReadID                          0x08003cf1   Thumb Code    32  stmpe811.o(i.stmpe811_ReadID)
    stmpe811_Reset                           0x08003d11   Thumb Code    40  stmpe811.o(i.stmpe811_Reset)
    stmpe811_TS_ClearIT                      0x08003d39   Thumb Code     6  stmpe811.o(i.stmpe811_TS_ClearIT)
    stmpe811_TS_DetectTouch                  0x08003d3f   Thumb Code    54  stmpe811.o(i.stmpe811_TS_DetectTouch)
    stmpe811_TS_DisableIT                    0x08003d75   Thumb Code    20  stmpe811.o(i.stmpe811_TS_DisableIT)
    stmpe811_TS_EnableIT                     0x08003d89   Thumb Code    26  stmpe811.o(i.stmpe811_TS_EnableIT)
    stmpe811_TS_GetXY                        0x08003da3   Thumb Code    62  stmpe811.o(i.stmpe811_TS_GetXY)
    stmpe811_TS_ITStatus                     0x08003de1   Thumb Code    16  stmpe811.o(i.stmpe811_TS_ITStatus)
    stmpe811_TS_Start                        0x08003df1   Thumb Code   162  stmpe811.o(i.stmpe811_TS_Start)
    APBAHBPrescTable                         0x08003e9a   Data          16  stm32f4xx_hal_rcc.o(.constdata)
    Font24_Table                             0x08003eaa   Data        6840  stm32f429i_discovery_lcd.o(.constdata)
    Region$$Table$$Base                      0x08005964   Number         0  anon$$obj.o(Region$$Table)
    Region$$Table$$Limit                     0x08005984   Number         0  anon$$obj.o(Region$$Table)
    SystemCoreClock                          0x20000010   Data           4  system_stm32f4xx.o(.data)
    uwTick                                   0x20000014   Data           4  stm32f4xx_hal.o(.data)
    BUTTON_PORT                              0x2000001c   Data           4  stm32f429i_discovery.o(.data)
    I2cxTimeout                              0x20000020   Data           4  stm32f429i_discovery.o(.data)
    SpixTimeout                              0x20000024   Data           4  stm32f429i_discovery.o(.data)
    GPIO_PORT                                0x20000028   Data           8  stm32f429i_discovery.o(.data)
    LcdDrv                                   0x20000034   Data           4  stm32f429i_discovery_lcd.o(.data)
    Font24                                   0x20000038   Data           8  stm32f429i_discovery_lcd.o(.data)
    ili9341_drv                              0x20000050   Data          56  ili9341.o(.data)
    stmpe811_ts_drv                          0x20000088   Data          40  stmpe811.o(.data)
    stmpe811                                 0x200000b0   Data           2  stmpe811.o(.data)
    I2cHandle                                0x200000b4   Data          84  stm32f429i_discovery.o(.bss)
    LtdcHandler                              0x20000160   Data         168  stm32f429i_discovery_lcd.o(.bss)
    __initial_sp                             0x20000750   Data           0  startup_stm32f429xx.o(STACK)



==============================================================================

Memory Map of the image

  Image Entry point : 0x080001ad

  Load Region LR_IROM1 (Base: 0x08000000, Size: 0x00005a38, Max: 0x00200000, ABSOLUTE)

    Execution Region ER_IROM1 (Base: 0x08000000, Size: 0x00005984, Max: 0x00200000, ABSOLUTE)

    Base Addr    Size         Type   Attr      Idx    E Section Name        Object

    0x08000000   0x000001ac   Data   RO         2855    RESET               startup_stm32f429xx.o
    0x080001ac   0x00000000   Code   RO         3824  * .ARM.Collect$$$$00000000  mc_w.l(entry.o)
    0x080001ac   0x00000004   Code   RO         3831    .ARM.Collect$$$$00000001  mc_w.l(entry2.o)
    0x080001b0   0x00000004   Code   RO         3834    .ARM.Collect$$$$00000004  mc_w.l(entry5.o)
    0x080001b4   0x00000000   Code   RO         3836    .ARM.Collect$$$$00000008  mc_w.l(entry7b.o)
    0x080001b4   0x00000000   Code   RO         3838    .ARM.Collect$$$$0000000A  mc_w.l(entry8b.o)
    0x080001b4   0x00000008   Code   RO         3839    .ARM.Collect$$$$0000000B  mc_w.l(entry9a.o)
    0x080001bc   0x00000000   Code   RO         3841    .ARM.Collect$$$$0000000D  mc_w.l(entry10a.o)
    0x080001bc   0x00000000   Code   RO         3843    .ARM.Collect$$$$0000000F  mc_w.l(entry11a.o)
    0x080001bc   0x00000004   Code   RO         3832    .ARM.Collect$$$$00002712  mc_w.l(entry2.o)
    0x080001c0   0x00000024   Code   RO         2856    .text               startup_stm32f429xx.o
    0x080001e4   0x00000024   Code   RO         3827    .text               mc_w.l(memcpya.o)
    0x08000208   0x00000024   Code   RO         3845    .text               mc_w.l(init.o)
    0x0800022c   0x0000003c   Code   RO         3056    i.BSP_LCD_Clear     stm32f429i_discovery_lcd.o
    0x08000268   0x00000034   Code   RO         3058    i.BSP_LCD_DisplayChar  stm32f429i_discovery_lcd.o
    0x0800029c   0x00000014   Code   RO         3060    i.BSP_LCD_DisplayOn  stm32f429i_discovery_lcd.o
    0x080002b0   0x000000c4   Code   RO         3061    i.BSP_LCD_DisplayStringAt  stm32f429i_discovery_lcd.o
    0x08000374   0x0000004c   Code   RO         3066    i.BSP_LCD_DrawHLine  stm32f429i_discovery_lcd.o
    0x080003c0   0x00000034   Code   RO         3068    i.BSP_LCD_DrawPixel  stm32f429i_discovery_lcd.o
    0x080003f4   0x00000036   Code   RO         3070    i.BSP_LCD_DrawRect  stm32f429i_discovery_lcd.o
    0x0800042a   0x00000002   PAD
    0x0800042c   0x00000058   Code   RO         3071    i.BSP_LCD_DrawVLine  stm32f429i_discovery_lcd.o
    0x08000484   0x00000068   Code   RO         3075    i.BSP_LCD_FillRect  stm32f429i_discovery_lcd.o
    0x080004ec   0x0000000c   Code   RO         3080    i.BSP_LCD_GetXSize  stm32f429i_discovery_lcd.o
    0x080004f8   0x0000000c   Code   RO         3081    i.BSP_LCD_GetYSize  stm32f429i_discovery_lcd.o
    0x08000504   0x00000094   Code   RO         3082    i.BSP_LCD_Init      stm32f429i_discovery_lcd.o
    0x08000598   0x00000080   Code   RO         3083    i.BSP_LCD_LayerDefaultInit  stm32f429i_discovery_lcd.o
    0x08000618   0x0000000c   Code   RO         3088    i.BSP_LCD_SelectLayer  stm32f429i_discovery_lcd.o
    0x08000624   0x0000001c   Code   RO         3089    i.BSP_LCD_SetBackColor  stm32f429i_discovery_lcd.o
    0x08000640   0x0000001c   Code   RO         3092    i.BSP_LCD_SetFont   stm32f429i_discovery_lcd.o
    0x0800065c   0x00000018   Code   RO         3099    i.BSP_LCD_SetTextColor  stm32f429i_discovery_lcd.o
    0x08000674   0x00000064   Code   RO         3410    i.BSP_SDRAM_Init    stm32f429i_discovery_sdram.o
    0x080006d8   0x00000088   Code   RO         3411    i.BSP_SDRAM_Initialization_sequence  stm32f429i_discovery_sdram.o
    0x08000760   0x000000b0   Code   RO         3482    i.BSP_TS_GetState   stm32f429i_discovery_ts.o
    0x08000810   0x00000038   Code   RO         3486    i.BSP_TS_Init       stm32f429i_discovery_ts.o
    0x08000848   0x000000a4   Code   RO         1389    i.DMA2D_SetConfig   stm32f4xx_hal_dma2d.o
    0x080008ec   0x00000028   Code   RO          325    i.DMA_CalcBaseAndBitshift  stm32f4xx_hal_dma.o
    0x08000914   0x00000054   Code   RO          326    i.DMA_CheckFifoParam  stm32f4xx_hal_dma.o
    0x08000968   0x00000068   Code   RO            4    i.DefaultDraw       main.o
    0x080009d0   0x000000b4   Code   RO         3103    i.DrawChar          stm32f429i_discovery_lcd.o
    0x08000a84   0x00000050   Code   RO         2696    i.FMC_SDRAM_Init    stm32f4xx_ll_fmc.o
    0x08000ad4   0x0000000c   Code   RO         2697    i.FMC_SDRAM_ProgramRefreshRate  stm32f4xx_ll_fmc.o
    0x08000ae0   0x00000048   Code   RO         2698    i.FMC_SDRAM_SendCommand  stm32f4xx_ll_fmc.o
    0x08000b28   0x00000080   Code   RO         2700    i.FMC_SDRAM_Timing_Init  stm32f4xx_ll_fmc.o
    0x08000ba8   0x00000060   Code   RO         3104    i.FillBuffer        stm32f429i_discovery_lcd.o
    0x08000c08   0x000000c4   Code   RO         1401    i.HAL_DMA2D_ConfigLayer  stm32f4xx_hal_dma2d.o
    0x08000ccc   0x0000005a   Code   RO         1409    i.HAL_DMA2D_Init    stm32f4xx_hal_dma2d.o
    0x08000d26   0x00000002   Code   RO         1412    i.HAL_DMA2D_MspInit  stm32f4xx_hal_dma2d.o
    0x08000d28   0x0000010c   Code   RO         1413    i.HAL_DMA2D_PollForTransfer  stm32f4xx_hal_dma2d.o
    0x08000e34   0x00000034   Code   RO         1416    i.HAL_DMA2D_Start   stm32f4xx_hal_dma2d.o
    0x08000e68   0x00000056   Code   RO          330    i.HAL_DMA_DeInit    stm32f4xx_hal_dma.o
    0x08000ebe   0x00000002   PAD
    0x08000ec0   0x000000d0   Code   RO          334    i.HAL_DMA_Init      stm32f4xx_hal_dma.o
    0x08000f90   0x00000016   Code   RO          538    i.HAL_Delay         stm32f4xx_hal.o
    0x08000fa6   0x00000002   PAD
    0x08000fa8   0x000001cc   Code   RO         1116    i.HAL_GPIO_Init     stm32f4xx_hal_gpio.o
    0x08001174   0x0000000a   Code   RO         1120    i.HAL_GPIO_WritePin  stm32f4xx_hal_gpio.o
    0x0800117e   0x00000002   PAD
    0x08001180   0x0000000c   Code   RO          546    i.HAL_GetTick       stm32f4xx_hal.o
    0x0800118c   0x00000032   Code   RO         1588    i.HAL_I2C_DeInit    stm32f4xx_hal_i2c.o
    0x080011be   0x00000006   Code   RO         1596    i.HAL_I2C_GetState  stm32f4xx_hal_i2c.o
    0x080011c4   0x00000108   Code   RO         1597    i.HAL_I2C_Init      stm32f4xx_hal_i2c.o
    0x080012cc   0x000001fc   Code   RO         1613    i.HAL_I2C_Mem_Read  stm32f4xx_hal_i2c.o
    0x080014c8   0x0000013c   Code   RO         1616    i.HAL_I2C_Mem_Write  stm32f4xx_hal_i2c.o
    0x08001604   0x00000002   Code   RO         1619    i.HAL_I2C_MspDeInit  stm32f4xx_hal_i2c.o
    0x08001606   0x00000002   Code   RO         1620    i.HAL_I2C_MspInit   stm32f4xx_hal_i2c.o
    0x08001608   0x00000010   Code   RO          547    i.HAL_IncTick       stm32f4xx_hal.o
    0x08001618   0x00000034   Code   RO          548    i.HAL_Init          stm32f4xx_hal.o
    0x0800164c   0x00000028   Code   RO          549    i.HAL_InitTick      stm32f4xx_hal.o
    0x08001674   0x00000052   Code   RO         1987    i.HAL_LTDC_ConfigLayer  stm32f4xx_hal_ltdc.o
    0x080016c6   0x00000002   PAD
    0x080016c8   0x00000030   Code   RO         1999    i.HAL_LTDC_EnableDither  stm32f4xx_hal_ltdc.o
    0x080016f8   0x000000fc   Code   RO         2004    i.HAL_LTDC_Init     stm32f4xx_hal_ltdc.o
    0x080017f4   0x00000002   Code   RO         2007    i.HAL_LTDC_MspInit  stm32f4xx_hal_ltdc.o
    0x080017f6   0x00000058   Code   RO          200    i.HAL_MspInit       stm32f4xx_hal_msp.o
    0x0800184e   0x00000016   Code   RO          975    i.HAL_NVIC_EnableIRQ  stm32f4xx_hal_cortex.o
    0x08001864   0x00000040   Code   RO          981    i.HAL_NVIC_SetPriority  stm32f4xx_hal_cortex.o
    0x080018a4   0x00000024   Code   RO          982    i.HAL_NVIC_SetPriorityGrouping  stm32f4xx_hal_cortex.o
    0x080018c8   0x0000008c   Code   RO         1185    i.HAL_PWREx_EnableOverDrive  stm32f4xx_hal_pwr_ex.o
    0x08001954   0x000002b8   Code   RO          290    i.HAL_RCCEx_PeriphCLKConfig  stm32f4xx_hal_rcc_ex.o
    0x08001c0c   0x0000017c   Code   RO          709    i.HAL_RCC_ClockConfig  stm32f4xx_hal_rcc.o
    0x08001d88   0x0000000c   Code   RO          714    i.HAL_RCC_GetHCLKFreq  stm32f4xx_hal_rcc.o
    0x08001d94   0x00000030   Code   RO          716    i.HAL_RCC_GetPCLK1Freq  stm32f4xx_hal_rcc.o
    0x08001dc4   0x00000070   Code   RO          718    i.HAL_RCC_GetSysClockFreq  stm32f4xx_hal_rcc.o
    0x08001e34   0x00000314   Code   RO          721    i.HAL_RCC_OscConfig  stm32f4xx_hal_rcc.o
    0x08002148   0x00000042   Code   RO         2526    i.HAL_SDRAM_Init    stm32f4xx_hal_sdram.o
    0x0800218a   0x00000002   Code   RO         2528    i.HAL_SDRAM_MspInit  stm32f4xx_hal_sdram.o
    0x0800218c   0x00000022   Code   RO         2529    i.HAL_SDRAM_ProgramRefreshRate  stm32f4xx_hal_sdram.o
    0x080021ae   0x00000002   PAD
    0x080021b0   0x00000030   Code   RO         2535    i.HAL_SDRAM_SendCommand  stm32f4xx_hal_sdram.o
    0x080021e0   0x0000002e   Code   RO         2244    i.HAL_SPI_DeInit    stm32f4xx_hal_spi.o
    0x0800220e   0x00000006   Code   RO         2247    i.HAL_SPI_GetState  stm32f4xx_hal_spi.o
    0x08002214   0x00000080   Code   RO         2249    i.HAL_SPI_Init      stm32f4xx_hal_spi.o
    0x08002294   0x00000002   Code   RO         2250    i.HAL_SPI_MspDeInit  stm32f4xx_hal_spi.o
    0x08002296   0x00000002   Code   RO         2251    i.HAL_SPI_MspInit   stm32f4xx_hal_spi.o
    0x08002298   0x00000150   Code   RO         2252    i.HAL_SPI_Receive   stm32f4xx_hal_spi.o
    0x080023e8   0x00000168   Code   RO         2257    i.HAL_SPI_Transmit  stm32f4xx_hal_spi.o
    0x08002550   0x000001d8   Code   RO         2258    i.HAL_SPI_TransmitReceive  stm32f4xx_hal_spi.o
    0x08002728   0x00000018   Code   RO          984    i.HAL_SYSTICK_CLKSourceConfig  stm32f4xx_hal_cortex.o
    0x08002740   0x00000002   Code   RO          985    i.HAL_SYSTICK_Callback  stm32f4xx_hal_cortex.o
    0x08002742   0x00000028   Code   RO          986    i.HAL_SYSTICK_Config  stm32f4xx_hal_cortex.o
    0x0800276a   0x00000008   Code   RO          987    i.HAL_SYSTICK_IRQHandler  stm32f4xx_hal_cortex.o
    0x08002772   0x00000028   Code   RO         1635    i.I2C_IsAcknowledgeFailed  stm32f4xx_hal_i2c.o
    0x0800279a   0x000000f0   Code   RO         1644    i.I2C_RequestMemoryRead  stm32f4xx_hal_i2c.o
    0x0800288a   0x00000002   PAD
    0x0800288c   0x000000a0   Code   RO         1645    i.I2C_RequestMemoryWrite  stm32f4xx_hal_i2c.o
    0x0800292c   0x0000004e   Code   RO         1648    i.I2C_WaitOnBTFFlagUntilTimeout  stm32f4xx_hal_i2c.o
    0x0800297a   0x00000060   Code   RO         1649    i.I2C_WaitOnFlagUntilTimeout  stm32f4xx_hal_i2c.o
    0x080029da   0x00000002   PAD
    0x080029dc   0x00000088   Code   RO         1650    i.I2C_WaitOnMasterAddressFlagUntilTimeout  stm32f4xx_hal_i2c.o
    0x08002a64   0x00000062   Code   RO         1651    i.I2C_WaitOnRXNEFlagUntilTimeout  stm32f4xx_hal_i2c.o
    0x08002ac6   0x0000004e   Code   RO         1652    i.I2C_WaitOnTXEFlagUntilTimeout  stm32f4xx_hal_i2c.o
    0x08002b14   0x00000014   Code   RO         2873    i.I2Cx_Error        stm32f429i_discovery.o
    0x08002b28   0x00000048   Code   RO         2874    i.I2Cx_Init         stm32f429i_discovery.o
    0x08002b70   0x000000b8   Code   RO         2875    i.I2Cx_MspInit      stm32f429i_discovery.o
    0x08002c28   0x00000004   Code   RO         2876    i.IOE_Delay         stm32f429i_discovery.o
    0x08002c2c   0x00000050   Code   RO         2877    i.IOE_ITConfig      stm32f429i_discovery.o
    0x08002c7c   0x00000004   Code   RO         2878    i.IOE_Init          stm32f429i_discovery.o
    0x08002c80   0x00000034   Code   RO         2879    i.IOE_Read          stm32f429i_discovery.o
    0x08002cb4   0x00000030   Code   RO         2880    i.IOE_ReadMultiple  stm32f429i_discovery.o
    0x08002ce4   0x00000030   Code   RO         2881    i.IOE_Write         stm32f429i_discovery.o
    0x08002d14   0x00000004   Code   RO         2883    i.LCD_Delay         stm32f429i_discovery.o
    0x08002d18   0x000000a8   Code   RO         2884    i.LCD_IO_Init       stm32f429i_discovery.o
    0x08002dc0   0x0000006c   Code   RO         2885    i.LCD_IO_ReadData   stm32f429i_discovery.o
    0x08002e2c   0x00000038   Code   RO         2886    i.LCD_IO_WriteData  stm32f429i_discovery.o
    0x08002e64   0x00000038   Code   RO         2887    i.LCD_IO_WriteReg   stm32f429i_discovery.o
    0x08002e9c   0x00000162   Code   RO         2023    i.LTDC_SetConfig    stm32f4xx_hal_ltdc.o
    0x08002ffe   0x00000002   PAD
    0x08003000   0x00000328   Code   RO            6    i.MX_GPIO_Init      main.o
    0x08003328   0x0000012c   Code   RO         3105    i.MspInit           stm32f429i_discovery_lcd.o
    0x08003454   0x00000160   Code   RO         3417    i.MspInit           stm32f429i_discovery_sdram.o
    0x080035b4   0x00000020   Code   RO          988    i.NVIC_SetPriority  stm32f4xx_hal_cortex.o
    0x080035d4   0x00000020   Code   RO         2271    i.SPI_CheckFlag_BSY  stm32f4xx_hal_spi.o
    0x080035f4   0x00000096   Code   RO         2287    i.SPI_WaitFlagStateUntilTimeout  stm32f4xx_hal_spi.o
    0x0800368a   0x00000002   PAD
    0x0800368c   0x00000014   Code   RO         2888    i.SPIx_Error        stm32f429i_discovery.o
    0x080036a0   0x0000009c   Code   RO         2889    i.SPIx_Init         stm32f429i_discovery.o
    0x0800373c   0x00000024   Code   RO         2890    i.SPIx_Write        stm32f429i_discovery.o
    0x08003760   0x0000000e   Code   RO          224    i.SysTick_Handler   stm32f4xx_it.o
    0x0800376e   0x00000002   PAD
    0x08003770   0x000000a8   Code   RO            7    i.SystemClock_Config  main.o
    0x08003818   0x00000054   Code   RO          252    i.SystemInit        system_stm32f4xx.o
    0x0800386c   0x00000068   Code   RO            8    i.TouchDifference   main.o
    0x080038d4   0x0000000e   Code   RO         3849    i.__scatterload_copy  mc_w.l(handlers.o)
    0x080038e2   0x00000002   Code   RO         3850    i.__scatterload_null  mc_w.l(handlers.o)
    0x080038e4   0x0000000e   Code   RO         3851    i.__scatterload_zeroinit  mc_w.l(handlers.o)
    0x080038f2   0x00000006   Code   RO         3545    i.ili9341_DisplayOff  ili9341.o
    0x080038f8   0x00000006   Code   RO         3546    i.ili9341_DisplayOn  ili9341.o
    0x080038fe   0x00000006   Code   RO         3547    i.ili9341_GetLcdPixelHeight  ili9341.o
    0x08003904   0x00000004   Code   RO         3548    i.ili9341_GetLcdPixelWidth  ili9341.o
    0x08003908   0x00000292   Code   RO         3549    i.ili9341_Init      ili9341.o
    0x08003b9a   0x00000012   Code   RO         3551    i.ili9341_ReadID    ili9341.o
    0x08003bac   0x00000058   Code   RO            9    i.main              main.o
    0x08003c04   0x0000000a   Code   RO         3613    i.stmpe811_ClearGlobalIT  stmpe811.o
    0x08003c0e   0x0000001c   Code   RO         3614    i.stmpe811_DisableGlobalIT  stmpe811.o
    0x08003c2a   0x0000001e   Code   RO         3615    i.stmpe811_DisableITSource  stmpe811.o
    0x08003c48   0x0000001c   Code   RO         3616    i.stmpe811_EnableGlobalIT  stmpe811.o
    0x08003c64   0x0000001e   Code   RO         3617    i.stmpe811_EnableITSource  stmpe811.o
    0x08003c82   0x00000002   PAD
    0x08003c84   0x0000001c   Code   RO         3618    i.stmpe811_GetInstance  stmpe811.o
    0x08003ca0   0x0000001e   Code   RO         3625    i.stmpe811_IO_EnableAF  stmpe811.o
    0x08003cbe   0x00000002   PAD
    0x08003cc0   0x00000030   Code   RO         3634    i.stmpe811_Init     stmpe811.o
    0x08003cf0   0x00000020   Code   RO         3636    i.stmpe811_ReadID   stmpe811.o
    0x08003d10   0x00000028   Code   RO         3637    i.stmpe811_Reset    stmpe811.o
    0x08003d38   0x00000006   Code   RO         3640    i.stmpe811_TS_ClearIT  stmpe811.o
    0x08003d3e   0x00000036   Code   RO         3641    i.stmpe811_TS_DetectTouch  stmpe811.o
    0x08003d74   0x00000014   Code   RO         3642    i.stmpe811_TS_DisableIT  stmpe811.o
    0x08003d88   0x0000001a   Code   RO         3643    i.stmpe811_TS_EnableIT  stmpe811.o
    0x08003da2   0x0000003e   Code   RO         3644    i.stmpe811_TS_GetXY  stmpe811.o
    0x08003de0   0x00000010   Code   RO         3645    i.stmpe811_TS_ITStatus  stmpe811.o
    0x08003df0   0x000000a2   Code   RO         3646    i.stmpe811_TS_Start  stmpe811.o
    0x08003e92   0x00000008   Data   RO          340    .constdata          stm32f4xx_hal_dma.o
    0x08003e9a   0x00000010   Data   RO          722    .constdata          stm32f4xx_hal_rcc.o
    0x08003eaa   0x00001ab8   Data   RO         3107    .constdata          stm32f429i_discovery_lcd.o
    0x08005962   0x00000002   PAD
    0x08005964   0x00000020   Data   RO         3847    Region$$Table       anon$$obj.o


    Execution Region RW_IRAM1 (Base: 0x20000000, Size: 0x00000750, Max: 0x00030000, ABSOLUTE)

    Base Addr    Size         Type   Attr      Idx    E Section Name        Object

    0x20000000   0x00000010   Data   RW           10    .data               main.o
    0x20000010   0x00000004   Data   RW          255    .data               system_stm32f4xx.o
    0x20000014   0x00000004   Data   RW          554    .data               stm32f4xx_hal.o
    0x20000018   0x00000018   Data   RW         2894    .data               stm32f429i_discovery.o
    0x20000030   0x00000010   Data   RW         3112    .data               stm32f429i_discovery_lcd.o
    0x20000040   0x00000010   Data   RW         3487    .data               stm32f429i_discovery_ts.o
    0x20000050   0x00000038   Data   RW         3554    .data               ili9341.o
    0x20000088   0x00000028   Data   RW         3647    .data               stmpe811.o
    0x200000b0   0x00000002   Data   RW         3649    .data               stmpe811.o
    0x200000b2   0x00000002   PAD
    0x200000b4   0x000000ac   Zero   RW         2892    .bss                stm32f429i_discovery.o
    0x20000160   0x00000130   Zero   RW         3106    .bss                stm32f429i_discovery_lcd.o
    0x20000290   0x000000c0   Zero   RW         3418    .bss                stm32f429i_discovery_sdram.o
    0x20000350   0x00000400   Zero   RW         2853    STACK               startup_stm32f429xx.o


==============================================================================

Image component sizes


      Code (inc. data)   RO Data    RW Data    ZI Data      Debug   Object Name

       698          0          0         56          0       8911   ili9341.o
      1272         88          0         16          0     747652   main.o
        36          8        428          0       1024        816   startup_stm32f429xx.o
      1116        158          0         24        172      13719   stm32f429i_discovery.o
      1670        188       6840         16        304      22507   stm32f429i_discovery_lcd.o
       588         48          0          0        192       3173   stm32f429i_discovery_sdram.o
       232         14          0         16          0       3784   stm32f429i_discovery_ts.o
       142         22          0          4          0       4471   stm32f4xx_hal.o
       228         14          0          0          0      32233   stm32f4xx_hal_cortex.o
       418         12          8          0          0       3688   stm32f4xx_hal_dma.o
       772          8          0          0          0       6375   stm32f4xx_hal_dma2d.o
       470         52          0          0          0       2572   stm32f4xx_hal_gpio.o
      2074         38          0          0          0      15428   stm32f4xx_hal_i2c.o
       738         10          0          0          0       4194   stm32f4xx_hal_ltdc.o
        88          0          0          0          0        534   stm32f4xx_hal_msp.o
       140         14          0          0          0       1308   stm32f4xx_hal_pwr_ex.o
      1340         62         16          0          0       5428   stm32f4xx_hal_rcc.o
       696         36          0          0          0       1612   stm32f4xx_hal_rcc_ex.o
       150          0          0          0          0       3320   stm32f4xx_hal_sdram.o
      1534          0          0          0          0       9380   stm32f4xx_hal_spi.o
        14          0          0          0          0        510   stm32f4xx_it.o
       292          4          0          0          0       3556   stm32f4xx_ll_fmc.o
       650         10          0         42          0      14719   stmpe811.o
        84         18          0          4          0       1191   system_stm32f4xx.o

    ----------------------------------------------------------------------
     15468        804       7326        180       1692     911081   Object Totals
         0          0         32          0          0          0   (incl. Generated)
        26          0          2          2          0          0   (incl. Padding)

    ----------------------------------------------------------------------

      Code (inc. data)   RO Data    RW Data    ZI Data      Debug   Library Member Name

         0          0          0          0          0          0   entry.o
         0          0          0          0          0          0   entry10a.o
         0          0          0          0          0          0   entry11a.o
         8          4          0          0          0          0   entry2.o
         4          0          0          0          0          0   entry5.o
         0          0          0          0          0          0   entry7b.o
         0          0          0          0          0          0   entry8b.o
         8          4          0          0          0          0   entry9a.o
        30          0          0          0          0          0   handlers.o
        36          8          0          0          0         68   init.o
        36          0          0          0          0         68   memcpya.o

    ----------------------------------------------------------------------
       122         16          0          0          0        136   Library Totals
         0          0          0          0          0          0   (incl. Padding)

    ----------------------------------------------------------------------

      Code (inc. data)   RO Data    RW Data    ZI Data      Debug   Library Name

       122         16          0          0          0        136   mc_w.l

    ----------------------------------------------------------------------
       122         16          0          0          0        136   Library Totals

    ----------------------------------------------------------------------

==============================================================================


      Code (inc. data)   RO Data    RW Data    ZI Data      Debug   

     15590        820       7326        180       1692     897721   Grand Totals
     15590        820       7326        180       1692     897721   ELF Image Totals
     15590        820       7326        180          0          0   ROM Totals

==============================================================================

    Total RO  Size (Code + RO Data)                22916 (  22.38kB)
    Total RW  Size (RW Data + ZI Data)              1872 (   1.83kB)
    Total ROM Size (Code + RO Data + RW Data)      23096 (  22.55kB)

==============================================================================

