Component: ARM Compiler 5.06 update 4 (build 422) Tool: armlink [4d35d2]

==============================================================================

Section Cross References

    stm32f4xx_it.o(i.SysTick_Handler) refers to stm32f4xx_hal.o(i.HAL_IncTick) for HAL_IncTick
    stm32f4xx_it.o(i.SysTick_Handler) refers to stm32f4xx_hal_cortex.o(i.HAL_SYSTICK_IRQHandler) for HAL_SYSTICK_IRQHandler
    main.o(i.MX_GPIO_Init) refers to stm32f4xx_hal_gpio.o(i.HAL_GPIO_Init) for HAL_GPIO_Init
    main.o(i.MX_GPIO_Init) refers to stm32f4xx_hal_gpio.o(i.HAL_GPIO_WritePin) for HAL_GPIO_WritePin
    main.o(i.SystemClock_Config) refers to stm32f4xx_hal_rcc.o(i.HAL_RCC_OscConfig) for HAL_RCC_OscConfig
    main.o(i.SystemClock_Config) refers to stm32f4xx_hal_rcc.o(i.HAL_RCC_ClockConfig) for HAL_RCC_ClockConfig
    main.o(i.SystemClock_Config) refers to stm32f4xx_hal_rcc.o(i.HAL_RCC_GetHCLKFreq) for HAL_RCC_GetHCLKFreq
    main.o(i.SystemClock_Config) refers to stm32f4xx_hal_cortex.o(i.HAL_SYSTICK_Config) for HAL_SYSTICK_Config
    main.o(i.SystemClock_Config) refers to stm32f4xx_hal_cortex.o(i.HAL_SYSTICK_CLKSourceConfig) for HAL_SYSTICK_CLKSourceConfig
    main.o(i.SystemClock_Config) refers to stm32f4xx_hal_cortex.o(i.HAL_NVIC_SetPriority) for HAL_NVIC_SetPriority
    main.o(i.main) refers to stm32f4xx_hal.o(i.HAL_Init) for HAL_Init
    main.o(i.main) refers to main.o(i.SystemClock_Config) for SystemClock_Config
    main.o(i.main) refers to main.o(i.MX_GPIO_Init) for MX_GPIO_Init
    main.o(i.main) refers to stm32f429i_discovery.o(i.BSP_LED_Init) for BSP_LED_Init
    main.o(i.main) refers to stm32f429i_discovery.o(i.BSP_LED_On) for BSP_LED_On
    main.o(i.main) refers to stm32f4xx_hal.o(i.HAL_Delay) for HAL_Delay
    main.o(i.main) refers to stm32f429i_discovery.o(i.BSP_LED_Toggle) for BSP_LED_Toggle
    stm32f4xx_hal_msp.o(i.HAL_MspInit) refers to stm32f4xx_hal_cortex.o(i.HAL_NVIC_SetPriorityGrouping) for HAL_NVIC_SetPriorityGrouping
    stm32f4xx_hal_msp.o(i.HAL_MspInit) refers to stm32f4xx_hal_cortex.o(i.HAL_NVIC_SetPriority) for HAL_NVIC_SetPriority
    system_stm32f4xx.o(i.SystemCoreClockUpdate) refers to system_stm32f4xx.o(.data) for .data
    system_stm32f4xx.o(i.SystemCoreClockUpdate) refers to system_stm32f4xx.o(.constdata) for .constdata
    stm32f4xx_hal_pwr.o(i.HAL_PWR_PVD_IRQHandler) refers to stm32f4xx_hal_pwr.o(i.HAL_PWR_PVDCallback) for HAL_PWR_PVDCallback
    stm32f4xx_hal_cortex.o(i.HAL_NVIC_SetPriority) refers to stm32f4xx_hal_cortex.o(i.NVIC_SetPriority) for NVIC_SetPriority
    stm32f4xx_hal_cortex.o(i.HAL_SYSTICK_Config) refers to stm32f4xx_hal_cortex.o(i.NVIC_SetPriority) for NVIC_SetPriority
    stm32f4xx_hal_cortex.o(i.HAL_SYSTICK_IRQHandler) refers to stm32f4xx_hal_cortex.o(i.HAL_SYSTICK_Callback) for HAL_SYSTICK_Callback
    stm32f4xx_hal_rcc.o(i.HAL_RCC_ClockConfig) refers to stm32f4xx_hal.o(i.HAL_GetTick) for HAL_GetTick
    stm32f4xx_hal_rcc.o(i.HAL_RCC_ClockConfig) refers to stm32f4xx_hal_rcc.o(i.HAL_RCC_GetSysClockFreq) for HAL_RCC_GetSysClockFreq
    stm32f4xx_hal_rcc.o(i.HAL_RCC_ClockConfig) refers to stm32f4xx_hal.o(i.HAL_InitTick) for HAL_InitTick
    stm32f4xx_hal_rcc.o(i.HAL_RCC_ClockConfig) refers to stm32f4xx_hal_rcc.o(.constdata) for .constdata
    stm32f4xx_hal_rcc.o(i.HAL_RCC_ClockConfig) refers to system_stm32f4xx.o(.data) for SystemCoreClock
    stm32f4xx_hal_rcc.o(i.HAL_RCC_GetHCLKFreq) refers to system_stm32f4xx.o(.data) for SystemCoreClock
    stm32f4xx_hal_rcc.o(i.HAL_RCC_GetPCLK1Freq) refers to system_stm32f4xx.o(.data) for SystemCoreClock
    stm32f4xx_hal_rcc.o(i.HAL_RCC_GetPCLK1Freq) refers to stm32f4xx_hal_rcc.o(.constdata) for .constdata
    stm32f4xx_hal_rcc.o(i.HAL_RCC_GetPCLK2Freq) refers to system_stm32f4xx.o(.data) for SystemCoreClock
    stm32f4xx_hal_rcc.o(i.HAL_RCC_GetPCLK2Freq) refers to stm32f4xx_hal_rcc.o(.constdata) for .constdata
    stm32f4xx_hal_rcc.o(i.HAL_RCC_MCOConfig) refers to stm32f4xx_hal_gpio.o(i.HAL_GPIO_Init) for HAL_GPIO_Init
    stm32f4xx_hal_rcc.o(i.HAL_RCC_NMI_IRQHandler) refers to stm32f4xx_hal_rcc.o(i.HAL_RCC_CSSCallback) for HAL_RCC_CSSCallback
    stm32f4xx_hal_rcc.o(i.HAL_RCC_OscConfig) refers to stm32f4xx_hal.o(i.HAL_GetTick) for HAL_GetTick
    stm32f4xx_hal_gpio.o(i.HAL_GPIO_EXTI_IRQHandler) refers to stm32f4xx_hal_gpio.o(i.HAL_GPIO_EXTI_Callback) for HAL_GPIO_EXTI_Callback
    stm32f4xx_hal.o(i.HAL_DeInit) refers to stm32f4xx_hal.o(i.HAL_MspDeInit) for HAL_MspDeInit
    stm32f4xx_hal.o(i.HAL_Delay) refers to stm32f4xx_hal.o(i.HAL_GetTick) for HAL_GetTick
    stm32f4xx_hal.o(i.HAL_GetTick) refers to stm32f4xx_hal.o(.data) for .data
    stm32f4xx_hal.o(i.HAL_IncTick) refers to stm32f4xx_hal.o(.data) for .data
    stm32f4xx_hal.o(i.HAL_Init) refers to stm32f4xx_hal_cortex.o(i.HAL_NVIC_SetPriorityGrouping) for HAL_NVIC_SetPriorityGrouping
    stm32f4xx_hal.o(i.HAL_Init) refers to stm32f4xx_hal.o(i.HAL_InitTick) for HAL_InitTick
    stm32f4xx_hal.o(i.HAL_Init) refers to stm32f4xx_hal_msp.o(i.HAL_MspInit) for HAL_MspInit
[...]
    stm32f4xx_hal_i2c.o(i.HAL_I2C_Master_Transmit_DMA) refers to stm32f4xx_hal_dma.o(i.HAL_DMA_Start_IT) for HAL_DMA_Start_IT
    stm32f4xx_hal_i2c.o(i.HAL_I2C_Master_Transmit_DMA) refers to system_stm32f4xx.o(.data) for SystemCoreClock
    stm32f4xx_hal_i2c.o(i.HAL_I2C_Master_Transmit_DMA) refers to stm32f4xx_hal_i2c.o(i.I2C_DMAXferCplt) for I2C_DMAXferCplt
    stm32f4xx_hal_i2c.o(i.HAL_I2C_Master_Transmit_DMA) refers to stm32f4xx_hal_i2c.o(i.I2C_DMAError) for I2C_DMAError
    stm32f4xx_hal_i2c.o(i.HAL_I2C_Master_Transmit_IT) refers to system_stm32f4xx.o(.data) for SystemCoreClock
    stm32f4xx_hal_i2c.o(i.HAL_I2C_Mem_Read) refers to stm32f4xx_hal.o(i.HAL_GetTick) for HAL_GetTick
    stm32f4xx_hal_i2c.o(i.HAL_I2C_Mem_Read) refers to stm32f4xx_hal_i2c.o(i.I2C_WaitOnFlagUntilTimeout) for I2C_WaitOnFlagUntilTimeout
    stm32f4xx_hal_i2c.o(i.HAL_I2C_Mem_Read) refers to stm32f4xx_hal_i2c.o(i.I2C_RequestMemoryRead) for I2C_RequestMemoryRead
    stm32f4xx_hal_i2c.o(i.HAL_I2C_Mem_Read) refers to stm32f4xx_hal_i2c.o(i.I2C_WaitOnRXNEFlagUntilTimeout) for I2C_WaitOnRXNEFlagUntilTimeout
    stm32f4xx_hal_i2c.o(i.HAL_I2C_Mem_Read_DMA) refers to stm32f4xx_hal.o(i.HAL_GetTick) for HAL_GetTick
    stm32f4xx_hal_i2c.o(i.HAL_I2C_Mem_Read_DMA) refers to stm32f4xx_hal_dma.o(i.HAL_DMA_Start_IT) for HAL_DMA_Start_IT
    stm32f4xx_hal_i2c.o(i.HAL_I2C_Mem_Read_DMA) refers to stm32f4xx_hal_i2c.o(i.I2C_RequestMemoryRead) for I2C_RequestMemoryRead
    stm32f4xx_hal_i2c.o(i.HAL_I2C_Mem_Read_DMA) refers to system_stm32f4xx.o(.data) for SystemCoreClock
    stm32f4xx_hal_i2c.o(i.HAL_I2C_Mem_Read_DMA) refers to stm32f4xx_hal_i2c.o(i.I2C_DMAXferCplt) for I2C_DMAXferCplt
    stm32f4xx_hal_i2c.o(i.HAL_I2C_Mem_Read_DMA) refers to stm32f4xx_hal_i2c.o(i.I2C_DMAError) for I2C_DMAError
    stm32f4xx_hal_i2c.o(i.HAL_I2C_Mem_Read_IT) refers to system_stm32f4xx.o(.data) for SystemCoreClock
    stm32f4xx_hal_i2c.o(i.HAL_I2C_Mem_Write) refers to stm32f4xx_hal.o(i.HAL_GetTick) for HAL_GetTick
    stm32f4xx_hal_i2c.o(i.HAL_I2C_Mem_Write) refers to stm32f4xx_hal_i2c.o(i.I2C_WaitOnFlagUntilTimeout) for I2C_WaitOnFlagUntilTimeout
    stm32f4xx_hal_i2c.o(i.HAL_I2C_Mem_Write) refers to stm32f4xx_hal_i2c.o(i.I2C_RequestMemoryWrite) for I2C_RequestMemoryWrite
    stm32f4xx_hal_i2c.o(i.HAL_I2C_Mem_Write) refers to stm32f4xx_hal_i2c.o(i.I2C_WaitOnTXEFlagUntilTimeout) for I2C_WaitOnTXEFlagUntilTimeout
    stm32f4xx_hal_i2c.o(i.HAL_I2C_Mem_Write) refers to stm32f4xx_hal_i2c.o(i.I2C_WaitOnBTFFlagUntilTimeout) for I2C_WaitOnBTFFlagUntilTimeout
    stm32f4xx_hal_i2c.o(i.HAL_I2C_Mem_Write_DMA) refers to stm32f4xx_hal.o(i.HAL_GetTick) for HAL_GetTick
    stm32f4xx_hal_i2c.o(i.HAL_I2C_Mem_Write_DMA) refers to stm32f4xx_hal_dma.o(i.HAL_DMA_Start_IT) for HAL_DMA_Start_IT
    stm32f4xx_hal_i2c.o(i.HAL_I2C_Mem_Write_DMA) refers to stm32f4xx_hal_i2c.o(i.I2C_RequestMemoryWrite) for I2C_RequestMemoryWrite
    stm32f4xx_hal_i2c.o(i.HAL_I2C_Mem_Write_DMA) refers to system_stm32f4xx.o(.data) for SystemCoreClock
    stm32f4xx_hal_i2c.o(i.HAL_I2C_Mem_Write_DMA) refers to stm32f4xx_hal_i2c.o(i.I2C_DMAXferCplt) for I2C_DMAXferCplt
    stm32f4xx_hal_i2c.o(i.HAL_I2C_Mem_Write_DMA) refers to stm32f4xx_hal_i2c.o(i.I2C_DMAError) for I2C_DMAError
    stm32f4xx_hal_i2c.o(i.HAL_I2C_Mem_Write_IT) refers to system_stm32f4xx.o(.data) for SystemCoreClock
    stm32f4xx_hal_i2c.o(i.HAL_I2C_Slave_Receive) refers to stm32f4xx_hal.o(i.HAL_GetTick) for HAL_GetTick
    stm32f4xx_hal_i2c.o(i.HAL_I2C_Slave_Receive) refers to stm32f4xx_hal_i2c.o(i.I2C_WaitOnFlagUntilTimeout) for I2C_WaitOnFlagUntilTimeout
    stm32f4xx_hal_i2c.o(i.HAL_I2C_Slave_Receive) refers to stm32f4xx_hal_i2c.o(i.I2C_WaitOnRXNEFlagUntilTimeout) for I2C_WaitOnRXNEFlagUntilTimeout
    stm32f4xx_hal_i2c.o(i.HAL_I2C_Slave_Receive) refers to stm32f4xx_hal_i2c.o(i.I2C_IsAcknowledgeFailed) for I2C_IsAcknowledgeFailed
    stm32f4xx_hal_i2c.o(i.HAL_I2C_Slave_Receive_DMA) refers to stm32f4xx_hal_dma.o(i.HAL_DMA_Start_IT) for HAL_DMA_Start_IT
    stm32f4xx_hal_i2c.o(i.HAL_I2C_Slave_Receive_DMA) refers to system_stm32f4xx.o(.data) for SystemCoreClock
    stm32f4xx_hal_i2c.o(i.HAL_I2C_Slave_Receive_DMA) refers to stm32f4xx_hal_i2c.o(i.I2C_DMAXferCplt) for I2C_DMAXferCplt
    stm32f4xx_hal_i2c.o(i.HAL_I2C_Slave_Receive_DMA) refers to stm32f4xx_hal_i2c.o(i.I2C_DMAError) for I2C_DMAError
    stm32f4xx_hal_i2c.o(i.HAL_I2C_Slave_Receive_IT) refers to system_stm32f4xx.o(.data) for SystemCoreClock
    stm32f4xx_hal_i2c.o(i.HAL_I2C_Slave_Transmit) refers to stm32f4xx_hal.o(i.HAL_GetTick) for HAL_GetTick
    stm32f4xx_hal_i2c.o(i.HAL_I2C_Slave_Transmit) refers to stm32f4xx_hal_i2c.o(i.I2C_WaitOnFlagUntilTimeout) for I2C_WaitOnFlagUntilTimeout
    stm32f4xx_hal_i2c.o(i.HAL_I2C_Slave_Transmit) refers to stm32f4xx_hal_i2c.o(i.I2C_WaitOnTXEFlagUntilTimeout) for I2C_WaitOnTXEFlagUntilTimeout
    stm32f4xx_hal_i2c.o(i.HAL_I2C_Slave_Transmit_DMA) refers to stm32f4xx_hal_dma.o(i.HAL_DMA_Start_IT) for HAL_DMA_Start_IT
    stm32f4xx_hal_i2c.o(i.HAL_I2C_Slave_Transmit_DMA) refers to system_stm32f4xx.o(.data) for SystemCoreClock
    stm32f4xx_hal_i2c.o(i.HAL_I2C_Slave_Transmit_DMA) refers to stm32f4xx_hal_i2c.o(i.I2C_DMAXferCplt) for I2C_DMAXferCplt
    stm32f4xx_hal_i2c.o(i.HAL_I2C_Slave_Transmit_DMA) refers to stm32f4xx_hal_i2c.o(i.I2C_DMAError) for I2C_DMAError
    stm32f4xx_hal_i2c.o(i.HAL_I2C_Slave_Transmit_IT) refers to system_stm32f4xx.o(.data) for SystemCoreClock
    stm32f4xx_hal_i2c.o(i.I2C_DMAAbort) refers to stm32f4xx_hal_i2c.o(i.HAL_I2C_ErrorCallback) for HAL_I2C_ErrorCallback
    stm32f4xx_hal_i2c.o(i.I2C_DMAAbort) refers to stm32f4xx_hal_i2c.o(i.HAL_I2C_AbortCpltCallback) for HAL_I2C_AbortCpltCallback
    stm32f4xx_hal_i2c.o(i.I2C_DMAError) refers to stm32f4xx_hal_dma.o(i.HAL_DMA_GetError) for HAL_DMA_GetError
    stm32f4xx_hal_i2c.o(i.I2C_DMAError) refers to stm32f4xx_hal_i2c.o(i.HAL_I2C_ErrorCallback) for HAL_I2C_ErrorCallback
    stm32f4xx_hal_i2c.o(i.I2C_DMAXferCplt) refers to stm32f4xx_hal_i2c.o(i.HAL_I2C_ErrorCallback) for HAL_I2C_ErrorCallback
    stm32f4xx_hal_i2c.o(i.I2C_DMAXferCplt) refers to stm32f4xx_hal_i2c.o(i.HAL_I2C_MasterRxCpltCallback) for HAL_I2C_MasterRxCpltCallback
    stm32f4xx_hal_i2c.o(i.I2C_DMAXferCplt) refers to stm32f4xx_hal_i2c.o(i.HAL_I2C_MemRxCpltCallback) for HAL_I2C_MemRxCpltCallback
    stm32f4xx_hal_i2c.o(i.I2C_ITError) refers to stm32f4xx_hal_dma.o(i.HAL_DMA_Abort_IT) for HAL_DMA_Abort_IT
    stm32f4xx_hal_i2c.o(i.I2C_ITError) refers to stm32f4xx_hal_i2c.o(i.HAL_I2C_ErrorCallback) for HAL_I2C_ErrorCallback
    stm32f4xx_hal_i2c.o(i.I2C_ITError) refers to stm32f4xx_hal_i2c.o(i.HAL_I2C_ListenCpltCallback) for HAL_I2C_ListenCpltCallback
    stm32f4xx_hal_i2c.o(i.I2C_ITError) refers to stm32f4xx_hal_i2c.o(i.HAL_I2C_AbortCpltCallback) for HAL_I2C_AbortCpltCallback
    stm32f4xx_hal_i2c.o(i.I2C_ITError) refers to stm32f4xx_hal_i2c.o(i.I2C_DMAAbort) for I2C_DMAAbort
    stm32f4xx_hal_i2c.o(i.I2C_MasterReceive_BTF) refers to stm32f4xx_hal_i2c.o(i.HAL_I2C_MasterRxCpltCallback) for HAL_I2C_MasterRxCpltCallback
    stm32f4xx_hal_i2c.o(i.I2C_MasterReceive_BTF) refers to stm32f4xx_hal_i2c.o(i.HAL_I2C_MemRxCpltCallback) for HAL_I2C_MemRxCpltCallback
    stm32f4xx_hal_i2c.o(i.I2C_MasterReceive_RXNE) refers to stm32f4xx_hal_i2c.o(i.HAL_I2C_MasterRxCpltCallback) for HAL_I2C_MasterRxCpltCallback
    stm32f4xx_hal_i2c.o(i.I2C_MasterReceive_RXNE) refers to stm32f4xx_hal_i2c.o(i.HAL_I2C_MemRxCpltCallback) for HAL_I2C_MemRxCpltCallback
    stm32f4xx_hal_i2c.o(i.I2C_MasterRequestRead) refers to stm32f4xx_hal_i2c.o(i.I2C_WaitOnFlagUntilTimeout) for I2C_WaitOnFlagUntilTimeout
    stm32f4xx_hal_i2c.o(i.I2C_MasterRequestRead) refers to stm32f4xx_hal_i2c.o(i.I2C_WaitOnMasterAddressFlagUntilTimeout) for I2C_WaitOnMasterAddressFlagUntilTimeout
    stm32f4xx_hal_i2c.o(i.I2C_MasterRequestWrite) refers to stm32f4xx_hal_i2c.o(i.I2C_WaitOnFlagUntilTimeout) for I2C_WaitOnFlagUntilTimeout
    stm32f4xx_hal_i2c.o(i.I2C_MasterRequestWrite) refers to stm32f4xx_hal_i2c.o(i.I2C_WaitOnMasterAddressFlagUntilTimeout) for I2C_WaitOnMasterAddressFlagUntilTimeout
    stm32f4xx_hal_i2c.o(i.I2C_MasterTransmit_BTF) refers to stm32f4xx_hal_i2c.o(i.HAL_I2C_MasterTxCpltCallback) for HAL_I2C_MasterTxCpltCallback
    stm32f4xx_hal_i2c.o(i.I2C_MasterTransmit_BTF) refers to stm32f4xx_hal_i2c.o(i.HAL_I2C_MemTxCpltCallback) for HAL_I2C_MemTxCpltCallback
    stm32f4xx_hal_i2c.o(i.I2C_MasterTransmit_TXE) refers to stm32f4xx_hal_i2c.o(i.HAL_I2C_MasterTxCpltCallback) for HAL_I2C_MasterTxCpltCallback
    stm32f4xx_hal_i2c.o(i.I2C_MasterTransmit_TXE) refers to stm32f4xx_hal_i2c.o(i.HAL_I2C_MemTxCpltCallback) for HAL_I2C_MemTxCpltCallback
    stm32f4xx_hal_i2c.o(i.I2C_RequestMemoryRead) refers to stm32f4xx_hal_i2c.o(i.I2C_WaitOnFlagUntilTimeout) for I2C_WaitOnFlagUntilTimeout
    stm32f4xx_hal_i2c.o(i.I2C_RequestMemoryRead) refers to stm32f4xx_hal_i2c.o(i.I2C_WaitOnMasterAddressFlagUntilTimeout) for I2C_WaitOnMasterAddressFlagUntilTimeout
    stm32f4xx_hal_i2c.o(i.I2C_RequestMemoryRead) refers to stm32f4xx_hal_i2c.o(i.I2C_WaitOnTXEFlagUntilTimeout) for I2C_WaitOnTXEFlagUntilTimeout
    stm32f4xx_hal_i2c.o(i.I2C_RequestMemoryWrite) refers to stm32f4xx_hal_i2c.o(i.I2C_WaitOnFlagUntilTimeout) for I2C_WaitOnFlagUntilTimeout
    stm32f4xx_hal_i2c.o(i.I2C_RequestMemoryWrite) refers to stm32f4xx_hal_i2c.o(i.I2C_WaitOnMasterAddressFlagUntilTimeout) for I2C_WaitOnMasterAddressFlagUntilTimeout
    stm32f4xx_hal_i2c.o(i.I2C_RequestMemoryWrite) refers to stm32f4xx_hal_i2c.o(i.I2C_WaitOnTXEFlagUntilTimeout) for I2C_WaitOnTXEFlagUntilTimeout
    stm32f4xx_hal_i2c.o(i.I2C_Slave_AF) refers to stm32f4xx_hal_i2c.o(i.HAL_I2C_ListenCpltCallback) for HAL_I2C_ListenCpltCallback
    stm32f4xx_hal_i2c.o(i.I2C_Slave_AF) refers to stm32f4xx_hal_i2c.o(i.HAL_I2C_SlaveTxCpltCallback) for HAL_I2C_SlaveTxCpltCallback
    stm32f4xx_hal_i2c.o(i.I2C_Slave_STOPF) refers to stm32f4xx_hal_i2c.o(i.I2C_ITError) for I2C_ITError
    stm32f4xx_hal_i2c.o(i.I2C_Slave_STOPF) refers to stm32f4xx_hal_i2c.o(i.HAL_I2C_ListenCpltCallback) for HAL_I2C_ListenCpltCallback
    stm32f4xx_hal_i2c.o(i.I2C_Slave_STOPF) refers to stm32f4xx_hal_i2c.o(i.HAL_I2C_SlaveRxCpltCallback) for HAL_I2C_SlaveRxCpltCallback
    stm32f4xx_hal_i2c.o(i.I2C_WaitOnBTFFlagUntilTimeout) refers to stm32f4xx_hal_i2c.o(i.I2C_IsAcknowledgeFailed) for I2C_IsAcknowledgeFailed
    stm32f4xx_hal_i2c.o(i.I2C_WaitOnBTFFlagUntilTimeout) refers to stm32f4xx_hal.o(i.HAL_GetTick) for HAL_GetTick
    stm32f4xx_hal_i2c.o(i.I2C_WaitOnFlagUntilTimeout) refers to stm32f4xx_hal.o(i.HAL_GetTick) for HAL_GetTick
    stm32f4xx_hal_i2c.o(i.I2C_WaitOnMasterAddressFlagUntilTimeout) refers to stm32f4xx_hal.o(i.HAL_GetTick) for HAL_GetTick
    stm32f4xx_hal_i2c.o(i.I2C_WaitOnRXNEFlagUntilTimeout) refers to stm32f4xx_hal.o(i.HAL_GetTick) for HAL_GetTick
    stm32f4xx_hal_i2c.o(i.I2C_WaitOnTXEFlagUntilTimeout) refers to stm32f4xx_hal_i2c.o(i.I2C_IsAcknowledgeFailed) for I2C_IsAcknowledgeFailed
    stm32f4xx_hal_i2c.o(i.I2C_WaitOnTXEFlagUntilTimeout) refers to stm32f4xx_hal.o(i.HAL_GetTick) for HAL_GetTick
    stm32f4xx_hal_spi.o(i.HAL_SPI_DMAStop) refers to stm32f4xx_hal_dma.o(i.HAL_DMA_Abort) for HAL_DMA_Abort
    stm32f4xx_hal_spi.o(i.HAL_SPI_DeInit) refers to stm32f4xx_hal_spi.o(i.HAL_SPI_MspDeInit) for HAL_SPI_MspDeInit
    stm32f4xx_hal_spi.o(i.HAL_SPI_IRQHandler) refers to stm32f4xx_hal_dma.o(i.HAL_DMA_Abort_IT) for HAL_DMA_Abort_IT
    stm32f4xx_hal_spi.o(i.HAL_SPI_IRQHandler) refers to stm32f4xx_hal_spi.o(i.HAL_SPI_ErrorCallback) for HAL_SPI_ErrorCallback
    stm32f4xx_hal_spi.o(i.HAL_SPI_IRQHandler) refers to stm32f4xx_hal_spi.o(i.SPI_DMAAbortOnError) for SPI_DMAAbortOnError
    stm32f4xx_hal_spi.o(i.HAL_SPI_Init) refers to stm32f4xx_hal_spi.o(i.HAL_SPI_MspInit) for HAL_SPI_MspInit
    stm32f4xx_hal_spi.o(i.HAL_SPI_Receive) refers to stm32f4xx_hal.o(i.HAL_GetTick) for HAL_GetTick
    stm32f4xx_hal_spi.o(i.HAL_SPI_Receive) refers to stm32f4xx_hal_spi.o(i.HAL_SPI_TransmitReceive) for HAL_SPI_TransmitReceive
    stm32f4xx_hal_spi.o(i.HAL_SPI_Receive_DMA) refers to stm32f4xx_hal_spi.o(i.HAL_SPI_TransmitReceive_DMA) for HAL_SPI_TransmitReceive_DMA
    stm32f4xx_hal_spi.o(i.HAL_SPI_Receive_DMA) refers to stm32f4xx_hal_dma.o(i.HAL_DMA_Start_IT) for HAL_DMA_Start_IT
    stm32f4xx_hal_spi.o(i.HAL_SPI_Receive_DMA) refers to stm32f4xx_hal_spi.o(i.SPI_DMAHalfReceiveCplt) for SPI_DMAHalfReceiveCplt
    stm32f4xx_hal_spi.o(i.HAL_SPI_Receive_DMA) refers to stm32f4xx_hal_spi.o(i.SPI_DMAReceiveCplt) for SPI_DMAReceiveCplt
    stm32f4xx_hal_spi.o(i.HAL_SPI_Receive_DMA) refers to stm32f4xx_hal_spi.o(i.SPI_DMAError) for SPI_DMAError
    stm32f4xx_hal_spi.o(i.HAL_SPI_Receive_IT) refers to stm32f4xx_hal_spi.o(i.HAL_SPI_TransmitReceive_IT) for HAL_SPI_TransmitReceive_IT
    stm32f4xx_hal_spi.o(i.HAL_SPI_Receive_IT) refers to stm32f4xx_hal_spi.o(i.SPI_RxISR_16BIT) for SPI_RxISR_16BIT
    stm32f4xx_hal_spi.o(i.HAL_SPI_Receive_IT) refers to stm32f4xx_hal_spi.o(i.SPI_RxISR_8BIT) for SPI_RxISR_8BIT
    stm32f4xx_hal_spi.o(i.HAL_SPI_Transmit) refers to stm32f4xx_hal.o(i.HAL_GetTick) for HAL_GetTick
    stm32f4xx_hal_spi.o(i.HAL_SPI_Transmit) refers to stm32f4xx_hal_spi.o(i.SPI_WaitFlagStateUntilTimeout) for SPI_WaitFlagStateUntilTimeout
    stm32f4xx_hal_spi.o(i.HAL_SPI_Transmit) refers to stm32f4xx_hal_spi.o(i.SPI_CheckFlag_BSY) for SPI_CheckFlag_BSY
    stm32f4xx_hal_spi.o(i.HAL_SPI_TransmitReceive) refers to stm32f4xx_hal.o(i.HAL_GetTick) for HAL_GetTick
    stm32f4xx_hal_spi.o(i.HAL_SPI_TransmitReceive) refers to stm32f4xx_hal_spi.o(i.SPI_WaitFlagStateUntilTimeout) for SPI_WaitFlagStateUntilTimeout
    stm32f4xx_hal_spi.o(i.HAL_SPI_TransmitReceive) refers to stm32f4xx_hal_spi.o(i.SPI_CheckFlag_BSY) for SPI_CheckFlag_BSY
    stm32f4xx_hal_spi.o(i.HAL_SPI_TransmitReceive_DMA) refers to stm32f4xx_hal_dma.o(i.HAL_DMA_Start_IT) for HAL_DMA_Start_IT
    stm32f4xx_hal_spi.o(i.HAL_SPI_TransmitReceive_DMA) refers to stm32f4xx_hal_spi.o(i.SPI_DMAHalfTransmitReceiveCplt) for SPI_DMAHalfTransmitReceiveCplt
    stm32f4xx_hal_spi.o(i.HAL_SPI_TransmitReceive_DMA) refers to stm32f4xx_hal_spi.o(i.SPI_DMATransmitReceiveCplt) for SPI_DMATransmitReceiveCplt
    stm32f4xx_hal_spi.o(i.HAL_SPI_TransmitReceive_DMA) refers to stm32f4xx_hal_spi.o(i.SPI_DMAError) for SPI_DMAError
    stm32f4xx_hal_spi.o(i.HAL_SPI_TransmitReceive_DMA) refers to stm32f4xx_hal_spi.o(i.SPI_DMAHalfReceiveCplt) for SPI_DMAHalfReceiveCplt
    stm32f4xx_hal_spi.o(i.HAL_SPI_TransmitReceive_DMA) refers to stm32f4xx_hal_spi.o(i.SPI_DMAReceiveCplt) for SPI_DMAReceiveCplt
    stm32f4xx_hal_spi.o(i.HAL_SPI_TransmitReceive_IT) refers to stm32f4xx_hal_spi.o(i.SPI_2linesRxISR_16BIT) for SPI_2linesRxISR_16BIT
    stm32f4xx_hal_spi.o(i.HAL_SPI_TransmitReceive_IT) refers to stm32f4xx_hal_spi.o(i.SPI_2linesTxISR_16BIT) for SPI_2linesTxISR_16BIT
    stm32f4xx_hal_spi.o(i.HAL_SPI_TransmitReceive_IT) refers to stm32f4xx_hal_spi.o(i.SPI_2linesRxISR_8BIT) for SPI_2linesRxISR_8BIT
    stm32f4xx_hal_spi.o(i.HAL_SPI_TransmitReceive_IT) refers to stm32f4xx_hal_spi.o(i.SPI_2linesTxISR_8BIT) for SPI_2linesTxISR_8BIT
    stm32f4xx_hal_spi.o(i.HAL_SPI_Transmit_DMA) refers to stm32f4xx_hal_dma.o(i.HAL_DMA_Start_IT) for HAL_DMA_Start_IT
    stm32f4xx_hal_spi.o(i.HAL_SPI_Transmit_DMA) refers to stm32f4xx_hal_spi.o(i.SPI_DMAHalfTransmitCplt) for SPI_DMAHalfTransmitCplt
    stm32f4xx_hal_spi.o(i.HAL_SPI_Transmit_DMA) refers to stm32f4xx_hal_spi.o(i.SPI_DMATransmitCplt) for SPI_DMATransmitCplt
    stm32f4xx_hal_spi.o(i.HAL_SPI_Transmit_DMA) refers to stm32f4xx_hal_spi.o(i.SPI_DMAError) for SPI_DMAError
    stm32f4xx_hal_spi.o(i.HAL_SPI_Transmit_IT) refers to stm32f4xx_hal_spi.o(i.SPI_TxISR_16BIT) for SPI_TxISR_16BIT
    stm32f4xx_hal_spi.o(i.HAL_SPI_Transmit_IT) refers to stm32f4xx_hal_spi.o(i.SPI_TxISR_8BIT) for SPI_TxISR_8BIT
    stm32f4xx_hal_spi.o(i.SPI_2linesRxISR_16BIT) refers to stm32f4xx_hal_spi.o(i.SPI_CloseRxTx_ISR) for SPI_CloseRxTx_ISR
    stm32f4xx_hal_spi.o(i.SPI_2linesRxISR_8BIT) refers to stm32f4xx_hal_spi.o(i.SPI_CloseRxTx_ISR) for SPI_CloseRxTx_ISR
    stm32f4xx_hal_spi.o(i.SPI_2linesTxISR_16BIT) refers to stm32f4xx_hal_spi.o(i.SPI_CloseRxTx_ISR) for SPI_CloseRxTx_ISR
    stm32f4xx_hal_spi.o(i.SPI_2linesTxISR_8BIT) refers to stm32f4xx_hal_spi.o(i.SPI_CloseRxTx_ISR) for SPI_CloseRxTx_ISR
    stm32f4xx_hal_spi.o(i.SPI_CheckFlag_BSY) refers to stm32f4xx_hal_spi.o(i.SPI_WaitFlagStateUntilTimeout) for SPI_WaitFlagStateUntilTimeout
    stm32f4xx_hal_spi.o(i.SPI_CloseRxTx_ISR) refers to stm32f4xx_hal.o(i.HAL_GetTick) for HAL_GetTick
    stm32f4xx_hal_spi.o(i.SPI_CloseRxTx_ISR) refers to stm32f4xx_hal_spi.o(i.SPI_CheckFlag_BSY) for SPI_CheckFlag_BSY
    stm32f4xx_hal_spi.o(i.SPI_CloseRxTx_ISR) refers to stm32f4xx_hal_spi.o(i.HAL_SPI_ErrorCallback) for HAL_SPI_ErrorCallback
    stm32f4xx_hal_spi.o(i.SPI_CloseRxTx_ISR) refers to stm32f4xx_hal_spi.o(i.HAL_SPI_TxRxCpltCallback) for HAL_SPI_TxRxCpltCallback
    stm32f4xx_hal_spi.o(i.SPI_CloseRxTx_ISR) refers to stm32f4xx_hal_spi.o(i.HAL_SPI_RxCpltCallback) for HAL_SPI_RxCpltCallback
    stm32f4xx_hal_spi.o(i.SPI_CloseRxTx_ISR) refers to system_stm32f4xx.o(.data) for SystemCoreClock
    stm32f4xx_hal_spi.o(i.SPI_CloseRx_ISR) refers to stm32f4xx_hal_spi.o(i.HAL_SPI_ErrorCallback) for HAL_SPI_ErrorCallback
    stm32f4xx_hal_spi.o(i.SPI_CloseRx_ISR) refers to stm32f4xx_hal_spi.o(i.HAL_SPI_RxCpltCallback) for HAL_SPI_RxCpltCallback
    stm32f4xx_hal_spi.o(i.SPI_CloseTx_ISR) refers to stm32f4xx_hal.o(i.HAL_GetTick) for HAL_GetTick
    stm32f4xx_hal_spi.o(i.SPI_CloseTx_ISR) refers to stm32f4xx_hal_spi.o(i.SPI_CheckFlag_BSY) for SPI_CheckFlag_BSY
    stm32f4xx_hal_spi.o(i.SPI_CloseTx_ISR) refers to stm32f4xx_hal_spi.o(i.HAL_SPI_ErrorCallback) for HAL_SPI_ErrorCallback
    stm32f4xx_hal_spi.o(i.SPI_CloseTx_ISR) refers to stm32f4xx_hal_spi.o(i.HAL_SPI_TxCpltCallback) for HAL_SPI_TxCpltCallback
    stm32f4xx_hal_spi.o(i.SPI_CloseTx_ISR) refers to system_stm32f4xx.o(.data) for SystemCoreClock
    stm32f4xx_hal_spi.o(i.SPI_DMAAbortOnError) refers to stm32f4xx_hal_spi.o(i.HAL_SPI_ErrorCallback) for HAL_SPI_ErrorCallback
    stm32f4xx_hal_spi.o(i.SPI_DMAError) refers to stm32f4xx_hal_spi.o(i.HAL_SPI_ErrorCallback) for HAL_SPI_ErrorCallback
    stm32f4xx_hal_spi.o(i.SPI_DMAHalfReceiveCplt) refers to stm32f4xx_hal_spi.o(i.HAL_SPI_RxHalfCpltCallback) for HAL_SPI_RxHalfCpltCallback
    stm32f4xx_hal_spi.o(i.SPI_DMAHalfTransmitCplt) refers to stm32f4xx_hal_spi.o(i.HAL_SPI_TxHalfCpltCallback) for HAL_SPI_TxHalfCpltCallback
    stm32f4xx_hal_spi.o(i.SPI_DMAHalfTransmitReceiveCplt) refers to stm32f4xx_hal_spi.o(i.HAL_SPI_TxRxHalfCpltCallback) for HAL_SPI_TxRxHalfCpltCallback
    stm32f4xx_hal_spi.o(i.SPI_DMAReceiveCplt) refers to stm32f4xx_hal_spi.o(i.HAL_SPI_ErrorCallback) for HAL_SPI_ErrorCallback
    stm32f4xx_hal_spi.o(i.SPI_DMAReceiveCplt) refers to stm32f4xx_hal_spi.o(i.HAL_SPI_RxCpltCallback) for HAL_SPI_RxCpltCallback
    stm32f4xx_hal_spi.o(i.SPI_DMATransmitCplt) refers to stm32f4xx_hal.o(i.HAL_GetTick) for HAL_GetTick
    stm32f4xx_hal_spi.o(i.SPI_DMATransmitCplt) refers to stm32f4xx_hal_spi.o(i.SPI_CheckFlag_BSY) for SPI_CheckFlag_BSY
    stm32f4xx_hal_spi.o(i.SPI_DMATransmitCplt) refers to stm32f4xx_hal_spi.o(i.HAL_SPI_ErrorCallback) for HAL_SPI_ErrorCallback
    stm32f4xx_hal_spi.o(i.SPI_DMATransmitCplt) refers to stm32f4xx_hal_spi.o(i.HAL_SPI_TxCpltCallback) for HAL_SPI_TxCpltCallback
    stm32f4xx_hal_spi.o(i.SPI_DMATransmitReceiveCplt) refers to stm32f4xx_hal.o(i.HAL_GetTick) for HAL_GetTick
    stm32f4xx_hal_spi.o(i.SPI_DMATransmitReceiveCplt) refers to stm32f4xx_hal_spi.o(i.SPI_CheckFlag_BSY) for SPI_CheckFlag_BSY
    stm32f4xx_hal_spi.o(i.SPI_DMATransmitReceiveCplt) refers to stm32f4xx_hal_spi.o(i.HAL_SPI_ErrorCallback) for HAL_SPI_ErrorCallback
    stm32f4xx_hal_spi.o(i.SPI_DMATransmitReceiveCplt) refers to stm32f4xx_hal_spi.o(i.HAL_SPI_TxRxCpltCallback) for HAL_SPI_TxRxCpltCallback
    stm32f4xx_hal_spi.o(i.SPI_RxISR_16BIT) refers to stm32f4xx_hal_spi.o(i.SPI_CloseRx_ISR) for SPI_CloseRx_ISR
    stm32f4xx_hal_spi.o(i.SPI_RxISR_8BIT) refers to stm32f4xx_hal_spi.o(i.SPI_CloseRx_ISR) for SPI_CloseRx_ISR
    stm32f4xx_hal_spi.o(i.SPI_TxISR_16BIT) refers to stm32f4xx_hal_spi.o(i.SPI_CloseTx_ISR) for SPI_CloseTx_ISR
    stm32f4xx_hal_spi.o(i.SPI_TxISR_8BIT) refers to stm32f4xx_hal_spi.o(i.SPI_CloseTx_ISR) for SPI_CloseTx_ISR
    stm32f4xx_hal_spi.o(i.SPI_WaitFlagStateUntilTimeout) refers to stm32f4xx_hal.o(i.HAL_GetTick) for HAL_GetTick
    startup_stm32f429xx.o(RESET) refers to startup_stm32f429xx.o(STACK) for __initial_sp
    startup_stm32f429xx.o(RESET) refers to startup_stm32f429xx.o(.text) for Reset_Handler
    startup_stm32f429xx.o(RESET) refers to stm32f4xx_it.o(i.SysTick_Handler) for SysTick_Handler
    startup_stm32f429xx.o(.text) refers to system_stm32f4xx.o(i.SystemInit) for SystemInit
    startup_stm32f429xx.o(.text) refers to entry.o(.ARM.Collect$$$$00000000) for __main
    stm32f429i_discovery.o(i.BSP_LED_Init) refers to stm32f4xx_hal_gpio.o(i.HAL_GPIO_Init) for HAL_GPIO_Init
    stm32f429i_discovery.o(i.BSP_LED_Init) refers to stm32f4xx_hal_gpio.o(i.HAL_GPIO_WritePin) for HAL_GPIO_WritePin
    stm32f429i_discovery.o(i.BSP_LED_Init) refers to stm32f429i_discovery.o(.constdata) for .constdata
    stm32f429i_discovery.o(i.BSP_LED_Init) refers to stm32f429i_discovery.o(.data) for .data
    stm32f429i_discovery.o(i.BSP_LED_Off) refers to stm32f4xx_hal_gpio.o(i.HAL_GPIO_WritePin) for HAL_GPIO_WritePin
    stm32f429i_discovery.o(i.BSP_LED_Off) refers to stm32f429i_discovery.o(.constdata) for .constdata
    stm32f429i_discovery.o(i.BSP_LED_Off) refers to stm32f429i_discovery.o(.data) for .data
    stm32f429i_discovery.o(i.BSP_LED_On) refers to stm32f4xx_hal_gpio.o(i.HAL_GPIO_WritePin) for HAL_GPIO_WritePin
    stm32f429i_discovery.o(i.BSP_LED_On) refers to stm32f429i_discovery.o(.constdata) for .constdata
    stm32f429i_discovery.o(i.BSP_LED_On) refers to stm32f429i_discovery.o(.data) for .data
    stm32f429i_discovery.o(i.BSP_LED_Toggle) refers to stm32f4xx_hal_gpio.o(i.HAL_GPIO_TogglePin) for HAL_GPIO_TogglePin
    stm32f429i_discovery.o(i.BSP_LED_Toggle) refers to stm32f429i_discovery.o(.constdata) for .constdata
    stm32f429i_discovery.o(i.BSP_LED_Toggle) refers to stm32f429i_discovery.o(.data) for .data
    stm32f429i_discovery.o(i.BSP_PB_GetState) refers to stm32f4xx_hal_gpio.o(i.HAL_GPIO_ReadPin) for HAL_GPIO_ReadPin
    stm32f429i_discovery.o(i.BSP_PB_GetState) refers to stm32f429i_discovery.o(.constdata) for .constdata
    stm32f429i_discovery.o(i.BSP_PB_GetState) refers to stm32f429i_discovery.o(.data) for .data
    stm32f429i_discovery.o(i.BSP_PB_Init) refers to stm32f4xx_hal_gpio.o(i.HAL_GPIO_Init) for HAL_GPIO_Init
    stm32f429i_discovery.o(i.BSP_PB_Init) refers to stm32f4xx_hal_cortex.o(i.HAL_NVIC_SetPriority) for HAL_NVIC_SetPriority
    stm32f429i_discovery.o(i.BSP_PB_Init) refers to stm32f4xx_hal_cortex.o(i.HAL_NVIC_EnableIRQ) for HAL_NVIC_EnableIRQ
    stm32f429i_discovery.o(i.BSP_PB_Init) refers to stm32f429i_discovery.o(.constdata) for .constdata
    stm32f429i_discovery.o(i.BSP_PB_Init) refers to stm32f429i_discovery.o(.data) for .data
    stm32f429i_discovery.o(i.GYRO_IO_Init) refers to stm32f4xx_hal_gpio.o(i.HAL_GPIO_Init) for HAL_GPIO_Init
    stm32f429i_discovery.o(i.GYRO_IO_Init) refers to stm32f4xx_hal_gpio.o(i.HAL_GPIO_WritePin) for HAL_GPIO_WritePin
    stm32f429i_discovery.o(i.GYRO_IO_Init) refers to stm32f429i_discovery.o(i.SPIx_Init) for SPIx_Init
    stm32f429i_discovery.o(i.GYRO_IO_Read) refers to stm32f4xx_hal_gpio.o(i.HAL_GPIO_WritePin) for HAL_GPIO_WritePin
    stm32f429i_discovery.o(i.GYRO_IO_Read) refers to stm32f429i_discovery.o(i.SPIx_WriteRead) for SPIx_WriteRead
    stm32f429i_discovery.o(i.GYRO_IO_Write) refers to stm32f4xx_hal_gpio.o(i.HAL_GPIO_WritePin) for HAL_GPIO_WritePin
    stm32f429i_discovery.o(i.GYRO_IO_Write) refers to stm32f429i_discovery.o(i.SPIx_WriteRead) for SPIx_WriteRead
    stm32f429i_discovery.o(i.I2Cx_Error) refers to stm32f4xx_hal_i2c.o(i.HAL_I2C_DeInit) for HAL_I2C_DeInit
    stm32f429i_discovery.o(i.I2Cx_Error) refers to stm32f429i_discovery.o(i.I2Cx_Init) for I2Cx_Init
    stm32f429i_discovery.o(i.I2Cx_Error) refers to stm32f429i_discovery.o(.bss) for .bss
    stm32f429i_discovery.o(i.I2Cx_Init) refers to stm32f4xx_hal_i2c.o(i.HAL_I2C_GetState) for HAL_I2C_GetState
    stm32f429i_discovery.o(i.I2Cx_Init) refers to stm32f429i_discovery.o(i.I2Cx_MspInit) for I2Cx_MspInit
    stm32f429i_discovery.o(i.I2Cx_Init) refers to stm32f4xx_hal_i2c.o(i.HAL_I2C_Init) for HAL_I2C_Init
    stm32f429i_discovery.o(i.I2Cx_Init) refers to stm32f429i_discovery.o(.bss) for .bss
    stm32f429i_discovery.o(i.I2Cx_MspInit) refers to stm32f4xx_hal_gpio.o(i.HAL_GPIO_Init) for HAL_GPIO_Init
    stm32f429i_discovery.o(i.I2Cx_MspInit) refers to stm32f4xx_hal_cortex.o(i.HAL_NVIC_SetPriority) for HAL_NVIC_SetPriority
    stm32f429i_discovery.o(i.I2Cx_MspInit) refers to stm32f4xx_hal_cortex.o(i.HAL_NVIC_EnableIRQ) for HAL_NVIC_EnableIRQ
    stm32f429i_discovery.o(i.IOE_Delay) refers to stm32f4xx_hal.o(i.HAL_Delay) for HAL_Delay
    stm32f429i_discovery.o(i.IOE_ITConfig) refers to stm32f4xx_hal_gpio.o(i.HAL_GPIO_Init) for HAL_GPIO_Init
    stm32f429i_discovery.o(i.IOE_ITConfig) refers to stm32f4xx_hal_cortex.o(i.HAL_NVIC_SetPriority) for HAL_NVIC_SetPriority
    stm32f429i_discovery.o(i.IOE_ITConfig) refers to stm32f4xx_hal_cortex.o(i.HAL_NVIC_EnableIRQ) for HAL_NVIC_EnableIRQ
    stm32f429i_discovery.o(i.IOE_Init) refers to stm32f429i_discovery.o(i.I2Cx_Init) for I2Cx_Init
    stm32f429i_discovery.o(i.IOE_Read) refers to stm32f4xx_hal_i2c.o(i.HAL_I2C_Mem_Read) for HAL_I2C_Mem_Read
    stm32f429i_discovery.o(i.IOE_Read) refers to stm32f429i_discovery.o(i.I2Cx_Error) for I2Cx_Error
    stm32f429i_discovery.o(i.IOE_Read) refers to stm32f429i_discovery.o(.data) for .data
    stm32f429i_discovery.o(i.IOE_Read) refers to stm32f429i_discovery.o(.bss) for .bss
    stm32f429i_discovery.o(i.IOE_ReadMultiple) refers to stm32f4xx_hal_i2c.o(i.HAL_I2C_Mem_Read) for HAL_I2C_Mem_Read
    stm32f429i_discovery.o(i.IOE_ReadMultiple) refers to stm32f429i_discovery.o(i.I2Cx_Error) for I2Cx_Error
    stm32f429i_discovery.o(i.IOE_ReadMultiple) refers to stm32f429i_discovery.o(.data) for .data
    stm32f429i_discovery.o(i.IOE_ReadMultiple) refers to stm32f429i_discovery.o(.bss) for .bss
    stm32f429i_discovery.o(i.IOE_Write) refers to stm32f4xx_hal_i2c.o(i.HAL_I2C_Mem_Write) for HAL_I2C_Mem_Write
    stm32f429i_discovery.o(i.IOE_Write) refers to stm32f429i_discovery.o(i.I2Cx_Error) for I2Cx_Error
    stm32f429i_discovery.o(i.IOE_Write) refers to stm32f429i_discovery.o(.data) for .data
    stm32f429i_discovery.o(i.IOE_Write) refers to stm32f429i_discovery.o(.bss) for .bss
    stm32f429i_discovery.o(i.IOE_WriteMultiple) refers to stm32f4xx_hal_i2c.o(i.HAL_I2C_Mem_Write) for HAL_I2C_Mem_Write
    stm32f429i_discovery.o(i.IOE_WriteMultiple) refers to stm32f429i_discovery.o(i.I2Cx_Error) for I2Cx_Error
    stm32f429i_discovery.o(i.IOE_WriteMultiple) refers to stm32f429i_discovery.o(.data) for .data
    stm32f429i_discovery.o(i.IOE_WriteMultiple) refers to stm32f429i_discovery.o(.bss) for .bss
    stm32f429i_discovery.o(i.LCD_Delay) refers to stm32f4xx_hal.o(i.HAL_Delay) for HAL_Delay
    stm32f429i_discovery.o(i.LCD_IO_Init) refers to stm32f4xx_hal_gpio.o(i.HAL_GPIO_Init) for HAL_GPIO_Init
    stm32f429i_discovery.o(i.LCD_IO_Init) refers to stm32f4xx_hal_gpio.o(i.HAL_GPIO_WritePin) for HAL_GPIO_WritePin
    stm32f429i_discovery.o(i.LCD_IO_Init) refers to stm32f429i_discovery.o(i.SPIx_Init) for SPIx_Init
    stm32f429i_discovery.o(i.LCD_IO_Init) refers to stm32f429i_discovery.o(.data) for .data
    stm32f429i_discovery.o(i.LCD_IO_ReadData) refers to stm32f4xx_hal_gpio.o(i.HAL_GPIO_WritePin) for HAL_GPIO_WritePin
    stm32f429i_discovery.o(i.LCD_IO_ReadData) refers to stm32f429i_discovery.o(i.SPIx_Write) for SPIx_Write
    stm32f429i_discovery.o(i.LCD_IO_ReadData) refers to stm32f4xx_hal_spi.o(i.HAL_SPI_Receive) for HAL_SPI_Receive
    stm32f429i_discovery.o(i.LCD_IO_ReadData) refers to stm32f429i_discovery.o(i.SPIx_Error) for SPIx_Error
    stm32f429i_discovery.o(i.LCD_IO_ReadData) refers to stm32f429i_discovery.o(.data) for .data
    stm32f429i_discovery.o(i.LCD_IO_ReadData) refers to stm32f429i_discovery.o(.bss) for .bss
    stm32f429i_discovery.o(i.LCD_IO_WriteData) refers to stm32f4xx_hal_gpio.o(i.HAL_GPIO_WritePin) for HAL_GPIO_WritePin
    stm32f429i_discovery.o(i.LCD_IO_WriteData) refers to stm32f429i_discovery.o(i.SPIx_Write) for SPIx_Write
    stm32f429i_discovery.o(i.LCD_IO_WriteReg) refers to stm32f4xx_hal_gpio.o(i.HAL_GPIO_WritePin) for HAL_GPIO_WritePin
    stm32f429i_discovery.o(i.LCD_IO_WriteReg) refers to stm32f429i_discovery.o(i.SPIx_Write) for SPIx_Write
    stm32f429i_discovery.o(i.SPIx_Error) refers to stm32f4xx_hal_spi.o(i.HAL_SPI_DeInit) for HAL_SPI_DeInit
    stm32f429i_discovery.o(i.SPIx_Error) refers to stm32f429i_discovery.o(i.SPIx_Init) for SPIx_Init
    stm32f429i_discovery.o(i.SPIx_Error) refers to stm32f429i_discovery.o(.bss) for .bss
    stm32f429i_discovery.o(i.SPIx_Init) refers to stm32f4xx_hal_spi.o(i.HAL_SPI_GetState) for HAL_SPI_GetState
    stm32f429i_discovery.o(i.SPIx_Init) refers to stm32f4xx_hal_gpio.o(i.HAL_GPIO_Init) for HAL_GPIO_Init
    stm32f429i_discovery.o(i.SPIx_Init) refers to stm32f4xx_hal_spi.o(i.HAL_SPI_Init) for HAL_SPI_Init
    stm32f429i_discovery.o(i.SPIx_Init) refers to stm32f429i_discovery.o(.bss) for .bss
    stm32f429i_discovery.o(i.SPIx_Write) refers to stm32f4xx_hal_spi.o(i.HAL_SPI_Transmit) for HAL_SPI_Transmit
    stm32f429i_discovery.o(i.SPIx_Write) refers to stm32f429i_discovery.o(i.SPIx_Error) for SPIx_Error
    stm32f429i_discovery.o(i.SPIx_Write) refers to stm32f429i_discovery.o(.data) for .data
    stm32f429i_discovery.o(i.SPIx_Write) refers to stm32f429i_discovery.o(.bss) for .bss
    stm32f429i_discovery.o(i.SPIx_WriteRead) refers to stm32f4xx_hal_spi.o(i.HAL_SPI_TransmitReceive) for HAL_SPI_TransmitReceive
    stm32f429i_discovery.o(i.SPIx_WriteRead) refers to stm32f429i_discovery.o(i.SPIx_Error) for SPIx_Error
    stm32f429i_discovery.o(i.SPIx_WriteRead) refers to stm32f429i_discovery.o(.data) for .data
    stm32f429i_discovery.o(i.SPIx_WriteRead) refers to stm32f429i_discovery.o(.bss) for .bss
    entry.o(.ARM.Collect$$$$00000000) refers (Special) to entry10a.o(.ARM.Collect$$$$0000000D) for __rt_final_cpp
    entry.o(.ARM.Collect$$$$00000000) refers (Special) to entry11a.o(.ARM.Collect$$$$0000000F) for __rt_final_exit
    entry.o(.ARM.Collect$$$$00000000) refers (Special) to entry7b.o(.ARM.Collect$$$$00000008) for _main_clock
    entry.o(.ARM.Collect$$$$00000000) refers (Special) to entry8b.o(.ARM.Collect$$$$0000000A) for _main_cpp_init
    entry.o(.ARM.Collect$$$$00000000) refers (Special) to entry9a.o(.ARM.Collect$$$$0000000B) for _main_init
    entry.o(.ARM.Collect$$$$00000000) refers (Special) to entry5.o(.ARM.Collect$$$$00000004) for _main_scatterload
    entry.o(.ARM.Collect$$$$00000000) refers (Special) to entry2.o(.ARM.Collect$$$$00000001) for _main_stk
    entry2.o(.ARM.Collect$$$$00000001) refers to entry2.o(.ARM.Collect$$$$00002712) for __lit__00000000
    entry2.o(.ARM.Collect$$$$00002712) refers to startup_stm32f429xx.o(STACK) for __initial_sp
    entry2.o(__vectab_stack_and_reset_area) refers to startup_stm32f429xx.o(STACK) for __initial_sp
    entry2.o(__vectab_stack_and_reset_area) refers to entry.o(.ARM.Collect$$$$00000000) for __main
    entry5.o(.ARM.Collect$$$$00000004) refers to init.o(.text) for __scatterload
    entry9a.o(.ARM.Collect$$$$0000000B) refers to main.o(i.main) for main
    entry9b.o(.ARM.Collect$$$$0000000C) refers to main.o(i.main) for main
    init.o(.text) refers to entry5.o(.ARM.Collect$$$$00000004) for __main_after_scatterload


==============================================================================

Removing Unused input sections from the image.

    Removing stm32f4xx_it.o(.rev16_text), (4 bytes).
    Removing stm32f4xx_it.o(.revsh_text), (4 bytes).
    Removing stm32f4xx_it.o(.rrx_text), (6 bytes).
    Removing main.o(.rev16_text), (4 bytes).
    Removing main.o(.revsh_text), (4 bytes).
    Removing main.o(.rrx_text), (6 bytes).
    Removing main.o(i.Error_Handler), (2 bytes).
    Removing stm32f4xx_hal_msp.o(.rev16_text), (4 bytes).
    Removing stm32f4xx_hal_msp.o(.revsh_text), (4 bytes).
    Removing stm32f4xx_hal_msp.o(.rrx_text), (6 bytes).
    Removing system_stm32f4xx.o(.rev16_text), (4 bytes).
    Removing system_stm32f4xx.o(.revsh_text), (4 bytes).
    Removing system_stm32f4xx.o(.rrx_text), (6 bytes).
    Removing system_stm32f4xx.o(i.SystemCoreClockUpdate), (120 bytes).
    Removing system_stm32f4xx.o(.constdata), (16 bytes).
    Removing system_stm32f4xx.o(.constdata), (8 bytes).
    Removing stm32f4xx_hal_pwr.o(.rev16_text), (4 bytes).
    Removing stm32f4xx_hal_pwr.o(.revsh_text), (4 bytes).
    Removing stm32f4xx_hal_pwr.o(.rrx_text), (6 bytes).
    Removing stm32f4xx_hal_pwr.o(i.HAL_PWR_ConfigPVD), (124 bytes).
    Removing stm32f4xx_hal_pwr.o(i.HAL_PWR_DeInit), (24 bytes).
    Removing stm32f4xx_hal_pwr.o(i.HAL_PWR_DisableBkUpAccess), (28 bytes).
    Removing stm32f4xx_hal_pwr.o(i.HAL_PWR_DisablePVD), (24 bytes).
    Removing stm32f4xx_hal_pwr.o(i.HAL_PWR_DisableSEVOnPend), (16 bytes).
    Removing stm32f4xx_hal_pwr.o(i.HAL_PWR_DisableSleepOnExit), (16 bytes).
    Removing stm32f4xx_hal_pwr.o(i.HAL_PWR_DisableWakeUpPin), (16 bytes).
    Removing stm32f4xx_hal_pwr.o(i.HAL_PWR_EnableBkUpAccess), (24 bytes).
    Removing stm32f4xx_hal_pwr.o(i.HAL_PWR_EnablePVD), (24 bytes).
    Removing stm32f4xx_hal_pwr.o(i.HAL_PWR_EnableSEVOnPend), (16 bytes).
    Removing stm32f4xx_hal_pwr.o(i.HAL_PWR_EnableSleepOnExit), (16 bytes).
    Removing stm32f4xx_hal_pwr.o(i.HAL_PWR_EnableWakeUpPin), (16 bytes).
    Removing stm32f4xx_hal_pwr.o(i.HAL_PWR_EnterSLEEPMode), (32 bytes).
    Removing stm32f4xx_hal_pwr.o(i.HAL_PWR_EnterSTANDBYMode), (32 bytes).
    Removing stm32f4xx_hal_pwr.o(i.HAL_PWR_EnterSTOPMode), (56 bytes).
    Removing stm32f4xx_hal_pwr.o(i.HAL_PWR_PVDCallback), (2 bytes).
    Removing stm32f4xx_hal_pwr.o(i.HAL_PWR_PVD_IRQHandler), (28 bytes).
    Removing stm32f4xx_hal_cortex.o(.rev16_text), (4 bytes).
    Removing stm32f4xx_hal_cortex.o(.revsh_text), (4 bytes).
    Removing stm32f4xx_hal_cortex.o(.rrx_text), (6 bytes).
    Removing stm32f4xx_hal_cortex.o(i.HAL_MPU_ConfigRegion), (84 bytes).
    Removing stm32f4xx_hal_cortex.o(i.HAL_NVIC_ClearPendingIRQ), (22 bytes).
    Removing stm32f4xx_hal_cortex.o(i.HAL_NVIC_DisableIRQ), (22 bytes).
    Removing stm32f4xx_hal_cortex.o(i.HAL_NVIC_EnableIRQ), (22 bytes).
    Removing stm32f4xx_hal_cortex.o(i.HAL_NVIC_GetActive), (32 bytes).
    Removing stm32f4xx_hal_cortex.o(i.HAL_NVIC_GetPendingIRQ), (32 bytes).
    Removing stm32f4xx_hal_cortex.o(i.HAL_NVIC_GetPriority), (82 bytes).
    Removing stm32f4xx_hal_cortex.o(i.HAL_NVIC_GetPriorityGrouping), (16 bytes).
    Removing stm32f4xx_hal_cortex.o(i.HAL_NVIC_SetPendingIRQ), (22 bytes).
    Removing stm32f4xx_hal_cortex.o(i.HAL_NVIC_SystemReset), (36 bytes).
    Removing stm32f4xx_hal_rcc.o(.rev16_text), (4 bytes).
    Removing stm32f4xx_hal_rcc.o(.revsh_text), (4 bytes).
    Removing stm32f4xx_hal_rcc.o(.rrx_text), (6 bytes).
    Removing stm32f4xx_hal_rcc.o(i.HAL_RCC_CSSCallback), (2 bytes).
    Removing stm32f4xx_hal_rcc.o(i.HAL_RCC_DeInit), (2 bytes).
    Removing stm32f4xx_hal_rcc.o(i.HAL_RCC_DisableCSS), (12 bytes).
    Removing stm32f4xx_hal_rcc.o(i.HAL_RCC_EnableCSS), (12 bytes).
    Removing stm32f4xx_hal_rcc.o(i.HAL_RCC_GetClockConfig), (64 bytes).
    Removing stm32f4xx_hal_rcc.o(i.HAL_RCC_GetOscConfig), (232 bytes).
    Removing stm32f4xx_hal_rcc.o(i.HAL_RCC_GetPCLK1Freq), (48 bytes).
    Removing stm32f4xx_hal_rcc.o(i.HAL_RCC_GetPCLK2Freq), (48 bytes).
    Removing stm32f4xx_hal_rcc.o(i.HAL_RCC_MCOConfig), (140 bytes).
    Removing stm32f4xx_hal_rcc.o(i.HAL_RCC_NMI_IRQHandler), (28 bytes).
    Removing stm32f4xx_hal_tim.o(.rev16_text), (4 bytes).
    Removing stm32f4xx_hal_tim.o(.revsh_text), (4 bytes).
    Removing stm32f4xx_hal_tim.o(.rrx_text), (6 bytes).
    Removing stm32f4xx_hal_gpio.o(.rev16_text), (4 bytes).
    Removing stm32f4xx_hal_gpio.o(.revsh_text), (4 bytes).
    Removing stm32f4xx_hal_gpio.o(.rrx_text), (6 bytes).
    Removing stm32f4xx_hal_gpio.o(i.HAL_GPIO_DeInit), (368 bytes).
    Removing stm32f4xx_hal_gpio.o(i.HAL_GPIO_EXTI_Callback), (2 bytes).
    Removing stm32f4xx_hal_gpio.o(i.HAL_GPIO_EXTI_IRQHandler), (24 bytes).
    Removing stm32f4xx_hal_gpio.o(i.HAL_GPIO_LockPin), (34 bytes).
    Removing stm32f4xx_hal_gpio.o(i.HAL_GPIO_ReadPin), (10 bytes).
    Removing stm32f4xx_hal.o(.rev16_text), (4 bytes).
    Removing stm32f4xx_hal.o(.revsh_text), (4 bytes).
    Removing stm32f4xx_hal.o(.rrx_text), (6 bytes).
    Removing stm32f4xx_hal.o(i.HAL_DBGMCU_DisableDBGSleepMode), (16 bytes).
    Removing stm32f4xx_hal.o(i.HAL_DBGMCU_DisableDBGStandbyMode), (16 bytes).
    Removing stm32f4xx_hal.o(i.HAL_DBGMCU_DisableDBGStopMode), (16 bytes).
    Removing stm32f4xx_hal.o(i.HAL_DBGMCU_EnableDBGSleepMode), (16 bytes).
    Removing stm32f4xx_hal.o(i.HAL_DBGMCU_EnableDBGStandbyMode), (16 bytes).
    Removing stm32f4xx_hal.o(i.HAL_DBGMCU_EnableDBGStopMode), (16 bytes).
    Removing stm32f4xx_hal.o(i.HAL_DeInit), (52 bytes).
    Removing stm32f4xx_hal.o(i.HAL_DisableCompensationCell), (28 bytes).
    Removing stm32f4xx_hal.o(i.HAL_DisableMemorySwappingBank), (28 bytes).
    Removing stm32f4xx_hal.o(i.HAL_EnableCompensationCell), (28 bytes).
    Removing stm32f4xx_hal.o(i.HAL_EnableMemorySwappingBank), (24 bytes).
    Removing stm32f4xx_hal.o(i.HAL_GetDEVID), (16 bytes).
    Removing stm32f4xx_hal.o(i.HAL_GetHalVersion), (6 bytes).
    Removing stm32f4xx_hal.o(i.HAL_GetREVID), (12 bytes).
    Removing stm32f4xx_hal.o(i.HAL_MspDeInit), (2 bytes).
    Removing stm32f4xx_hal.o(i.HAL_MspInit), (2 bytes).
    Removing stm32f4xx_hal.o(i.HAL_ResumeTick), (14 bytes).
    Removing stm32f4xx_hal.o(i.HAL_SuspendTick), (14 bytes).
    Removing stm32f4xx_hal_pwr_ex.o(.rev16_text), (4 bytes).
    Removing stm32f4xx_hal_pwr_ex.o(.revsh_text), (4 bytes).
    Removing stm32f4xx_hal_pwr_ex.o(.rrx_text), (6 bytes).
    Removing stm32f4xx_hal_pwr_ex.o(i.HAL_PWREx_ControlVoltageScaling), (176 bytes).
    Removing stm32f4xx_hal_pwr_ex.o(i.HAL_PWREx_DisableBkUpReg), (76 bytes).
    Removing stm32f4xx_hal_pwr_ex.o(i.HAL_PWREx_DisableFlashPowerDown), (28 bytes).
    Removing stm32f4xx_hal_pwr_ex.o(i.HAL_PWREx_DisableOverDrive), (140 bytes).
    Removing stm32f4xx_hal_pwr_ex.o(i.HAL_PWREx_EnableBkUpReg), (76 bytes).
    Removing stm32f4xx_hal_pwr_ex.o(i.HAL_PWREx_EnableFlashPowerDown), (24 bytes).
    Removing stm32f4xx_hal_pwr_ex.o(i.HAL_PWREx_EnableOverDrive), (140 bytes).
    Removing stm32f4xx_hal_pwr_ex.o(i.HAL_PWREx_EnterUnderDriveSTOPMode), (140 bytes).
    Removing stm32f4xx_hal_pwr_ex.o(i.HAL_PWREx_GetVoltageRange), (16 bytes).
    Removing stm32f4xx_hal_dma_ex.o(.rev16_text), (4 bytes).
    Removing stm32f4xx_hal_dma_ex.o(.revsh_text), (4 bytes).
    Removing stm32f4xx_hal_dma_ex.o(.rrx_text), (6 bytes).
    Removing stm32f4xx_hal_dma_ex.o(i.DMA_MultiBufferSetConfig), (30 bytes).
    Removing stm32f4xx_hal_dma_ex.o(i.HAL_DMAEx_ChangeMemory), (14 bytes).
    Removing stm32f4xx_hal_dma_ex.o(i.HAL_DMAEx_MultiBufferStart), (100 bytes).
    Removing stm32f4xx_hal_dma_ex.o(i.HAL_DMAEx_MultiBufferStart_IT), (2452 bytes).
    Removing stm32f4xx_hal_rcc_ex.o(.rev16_text), (4 bytes).
    Removing stm32f4xx_hal_rcc_ex.o(.revsh_text), (4 bytes).
    Removing stm32f4xx_hal_rcc_ex.o(.rrx_text), (6 bytes).
    Removing stm32f4xx_hal_rcc_ex.o(i.HAL_RCCEx_GetPeriphCLKConfig), (228 bytes).
    Removing stm32f4xx_hal_rcc_ex.o(i.HAL_RCCEx_PeriphCLKConfig), (696 bytes).
    Removing stm32f4xx_hal_rcc_ex.o(i.HAL_RCC_DeInit), (100 bytes).
    Removing stm32f4xx_hal_tim_ex.o(.rev16_text), (4 bytes).
    Removing stm32f4xx_hal_tim_ex.o(.revsh_text), (4 bytes).
    Removing stm32f4xx_hal_tim_ex.o(.rrx_text), (6 bytes).
    Removing stm32f4xx_hal_dma.o(.rev16_text), (4 bytes).
    Removing stm32f4xx_hal_dma.o(.revsh_text), (4 bytes).
    Removing stm32f4xx_hal_dma.o(.rrx_text), (6 bytes).
    Removing stm32f4xx_hal_dma.o(i.DMA_CalcBaseAndBitshift), (40 bytes).
    Removing stm32f4xx_hal_dma.o(i.DMA_CheckFifoParam), (84 bytes).
    Removing stm32f4xx_hal_dma.o(i.DMA_SetConfig), (40 bytes).
    Removing stm32f4xx_hal_dma.o(i.HAL_DMA_Abort), (142 bytes).
    Removing stm32f4xx_hal_dma.o(i.HAL_DMA_Abort_IT), (36 bytes).
    Removing stm32f4xx_hal_dma.o(i.HAL_DMA_DeInit), (86 bytes).
    Removing stm32f4xx_hal_dma.o(i.HAL_DMA_GetError), (4 bytes).
    Removing stm32f4xx_hal_dma.o(i.HAL_DMA_GetState), (6 bytes).
    Removing stm32f4xx_hal_dma.o(i.HAL_DMA_IRQHandler), (424 bytes).
    Removing stm32f4xx_hal_dma.o(i.HAL_DMA_Init), (208 bytes).
    Removing stm32f4xx_hal_dma.o(i.HAL_DMA_PollForTransfer), (300 bytes).
    Removing stm32f4xx_hal_dma.o(i.HAL_DMA_RegisterCallback), (80 bytes).
    Removing stm32f4xx_hal_dma.o(i.HAL_DMA_Start), (70 bytes).
    Removing stm32f4xx_hal_dma.o(i.HAL_DMA_Start_IT), (120 bytes).
    Removing stm32f4xx_hal_dma.o(i.HAL_DMA_UnRegisterCallback), (96 bytes).
    Removing stm32f4xx_hal_dma.o(.constdata), (8 bytes).
    Removing stm32f4xx_hal_flash.o(.rev16_text), (4 bytes).
    Removing stm32f4xx_hal_flash.o(.revsh_text), (4 bytes).
    Removing stm32f4xx_hal_flash.o(.rrx_text), (6 bytes).
    Removing stm32f4xx_hal_flash.o(i.FLASH_Program_Byte), (32 bytes).
    Removing stm32f4xx_hal_flash.o(i.FLASH_Program_DoubleWord), (40 bytes).
    Removing stm32f4xx_hal_flash.o(i.FLASH_Program_HalfWord), (36 bytes).
    Removing stm32f4xx_hal_flash.o(i.FLASH_Program_Word), (36 bytes).
    Removing stm32f4xx_hal_flash.o(i.FLASH_SetErrorCode), (124 bytes).
    Removing stm32f4xx_hal_flash.o(i.FLASH_WaitForLastOperation), (80 bytes).
    Removing stm32f4xx_hal_flash.o(i.HAL_FLASH_EndOfOperationCallback), (2 bytes).
    Removing stm32f4xx_hal_flash.o(i.HAL_FLASH_GetError), (12 bytes).
    Removing stm32f4xx_hal_flash.o(i.HAL_FLASH_IRQHandler), (204 bytes).
    Removing stm32f4xx_hal_flash.o(i.HAL_FLASH_Lock), (20 bytes).
    Removing stm32f4xx_hal_flash.o(i.HAL_FLASH_OB_Launch), (24 bytes).
    Removing stm32f4xx_hal_flash.o(i.HAL_FLASH_OB_Lock), (20 bytes).
    Removing stm32f4xx_hal_flash.o(i.HAL_FLASH_OB_Unlock), (40 bytes).
    Removing stm32f4xx_hal_flash.o(i.HAL_FLASH_OperationErrorCallback), (2 bytes).
    Removing stm32f4xx_hal_flash.o(i.HAL_FLASH_Program), (124 bytes).
    Removing stm32f4xx_hal_flash.o(i.HAL_FLASH_Program_IT), (108 bytes).
    Removing stm32f4xx_hal_flash.o(i.HAL_FLASH_Unlock), (40 bytes).
    Removing stm32f4xx_hal_flash.o(.bss), (32 bytes).
    Removing stm32f4xx_hal_flash_ex.o(.rev16_text), (4 bytes).
    Removing stm32f4xx_hal_flash_ex.o(.revsh_text), (4 bytes).
    Removing stm32f4xx_hal_flash_ex.o(.rrx_text), (6 bytes).
    Removing stm32f4xx_hal_flash_ex.o(i.FLASH_Erase_Sector), (96 bytes).
    Removing stm32f4xx_hal_flash_ex.o(i.FLASH_FlushCaches), (84 bytes).
    Removing stm32f4xx_hal_flash_ex.o(i.FLASH_MassErase), (64 bytes).
    Removing stm32f4xx_hal_flash_ex.o(i.FLASH_OB_DisableWRP), (112 bytes).
    Removing stm32f4xx_hal_flash_ex.o(i.FLASH_OB_EnableWRP), (116 bytes).
    Removing stm32f4xx_hal_flash_ex.o(i.HAL_FLASHEx_AdvOBGetConfig), (28 bytes).
    Removing stm32f4xx_hal_flash_ex.o(i.HAL_FLASHEx_AdvOBProgram), (188 bytes).
    Removing stm32f4xx_hal_flash_ex.o(i.HAL_FLASHEx_Erase), (156 bytes).
    Removing stm32f4xx_hal_flash_ex.o(i.HAL_FLASHEx_Erase_IT), (104 bytes).
    Removing stm32f4xx_hal_flash_ex.o(i.HAL_FLASHEx_OBGetConfig), (64 bytes).
    Removing stm32f4xx_hal_flash_ex.o(i.HAL_FLASHEx_OBProgram), (184 bytes).
    Removing stm32f4xx_hal_flash_ex.o(i.HAL_FLASHEx_OB_DeSelectPCROP), (20 bytes).
    Removing stm32f4xx_hal_flash_ex.o(i.HAL_FLASHEx_OB_GetBank2WRP), (12 bytes).
    Removing stm32f4xx_hal_flash_ex.o(i.HAL_FLASHEx_OB_SelectPCROP), (24 bytes).
    Removing stm32f4xx_hal_flash_ramfunc.o(.rev16_text), (4 bytes).
    Removing stm32f4xx_hal_flash_ramfunc.o(.revsh_text), (4 bytes).
    Removing stm32f4xx_hal_flash_ramfunc.o(.rrx_text), (6 bytes).
    Removing stm32f4xx_hal_i2c.o(.rev16_text), (4 bytes).
    Removing stm32f4xx_hal_i2c.o(.revsh_text), (4 bytes).
    Removing stm32f4xx_hal_i2c.o(.rrx_text), (6 bytes).
    Removing stm32f4xx_hal_i2c.o(i.HAL_I2C_AbortCpltCallback), (2 bytes).
    Removing stm32f4xx_hal_i2c.o(i.HAL_I2C_AddrCallback), (2 bytes).
    Removing stm32f4xx_hal_i2c.o(i.HAL_I2C_DeInit), (50 bytes).
    Removing stm32f4xx_hal_i2c.o(i.HAL_I2C_DisableListen_IT), (68 bytes).
    Removing stm32f4xx_hal_i2c.o(i.HAL_I2C_ER_IRQHandler), (196 bytes).
    Removing stm32f4xx_hal_i2c.o(i.HAL_I2C_EV_IRQHandler), (496 bytes).
    Removing stm32f4xx_hal_i2c.o(i.HAL_I2C_EnableListen_IT), (58 bytes).
    Removing stm32f4xx_hal_i2c.o(i.HAL_I2C_ErrorCallback), (2 bytes).
    Removing stm32f4xx_hal_i2c.o(i.HAL_I2C_GetError), (4 bytes).
    Removing stm32f4xx_hal_i2c.o(i.HAL_I2C_GetMode), (6 bytes).
    Removing stm32f4xx_hal_i2c.o(i.HAL_I2C_GetState), (6 bytes).
    Removing stm32f4xx_hal_i2c.o(i.HAL_I2C_Init), (264 bytes).
    Removing stm32f4xx_hal_i2c.o(i.HAL_I2C_IsDeviceReady), (352 bytes).
    Removing stm32f4xx_hal_i2c.o(i.HAL_I2C_ListenCpltCallback), (2 bytes).
    Removing stm32f4xx_hal_i2c.o(i.HAL_I2C_MasterRxCpltCallback), (2 bytes).
    Removing stm32f4xx_hal_i2c.o(i.HAL_I2C_MasterTxCpltCallback), (2 bytes).
    Removing stm32f4xx_hal_i2c.o(i.HAL_I2C_Master_Abort_IT), (86 bytes).
    Removing stm32f4xx_hal_i2c.o(i.HAL_I2C_Master_Receive), (488 bytes).
    Removing stm32f4xx_hal_i2c.o(i.HAL_I2C_Master_Receive_DMA), (296 bytes).
    Removing stm32f4xx_hal_i2c.o(i.HAL_I2C_Master_Receive_IT), (188 bytes).
    Removing stm32f4xx_hal_i2c.o(i.HAL_I2C_Master_Sequential_Receive_IT), (224 bytes).
    Removing stm32f4xx_hal_i2c.o(i.HAL_I2C_Master_Sequential_Transmit_IT), (204 bytes).
    Removing stm32f4xx_hal_i2c.o(i.HAL_I2C_Master_Transmit), (312 bytes).
    Removing stm32f4xx_hal_i2c.o(i.HAL_I2C_Master_Transmit_DMA), (296 bytes).
    Removing stm32f4xx_hal_i2c.o(i.HAL_I2C_Master_Transmit_IT), (180 bytes).
    Removing stm32f4xx_hal_i2c.o(i.HAL_I2C_MemRxCpltCallback), (2 bytes).
    Removing stm32f4xx_hal_i2c.o(i.HAL_I2C_MemTxCpltCallback), (2 bytes).
    Removing stm32f4xx_hal_i2c.o(i.HAL_I2C_Mem_Read), (508 bytes).
    Removing stm32f4xx_hal_i2c.o(i.HAL_I2C_Mem_Read_DMA), (376 bytes).
    Removing stm32f4xx_hal_i2c.o(i.HAL_I2C_Mem_Read_IT), (216 bytes).
    Removing stm32f4xx_hal_i2c.o(i.HAL_I2C_Mem_Write), (316 bytes).
    Removing stm32f4xx_hal_i2c.o(i.HAL_I2C_Mem_Write_DMA), (292 bytes).
    Removing stm32f4xx_hal_i2c.o(i.HAL_I2C_Mem_Write_IT), (204 bytes).
    Removing stm32f4xx_hal_i2c.o(i.HAL_I2C_MspDeInit), (2 bytes).
    Removing stm32f4xx_hal_i2c.o(i.HAL_I2C_MspInit), (2 bytes).
    Removing stm32f4xx_hal_i2c.o(i.HAL_I2C_SlaveRxCpltCallback), (2 bytes).
    Removing stm32f4xx_hal_i2c.o(i.HAL_I2C_SlaveTxCpltCallback), (2 bytes).
    Removing stm32f4xx_hal_i2c.o(i.HAL_I2C_Slave_Receive), (380 bytes).
    Removing stm32f4xx_hal_i2c.o(i.HAL_I2C_Slave_Receive_DMA), (244 bytes).
    Removing stm32f4xx_hal_i2c.o(i.HAL_I2C_Slave_Receive_IT), (180 bytes).
    Removing stm32f4xx_hal_i2c.o(i.HAL_I2C_Slave_Sequential_Receive_IT), (114 bytes).
    Removing stm32f4xx_hal_i2c.o(i.HAL_I2C_Slave_Sequential_Transmit_IT), (114 bytes).
    Removing stm32f4xx_hal_i2c.o(i.HAL_I2C_Slave_Transmit), (356 bytes).
    Removing stm32f4xx_hal_i2c.o(i.HAL_I2C_Slave_Transmit_DMA), (244 bytes).
    Removing stm32f4xx_hal_i2c.o(i.HAL_I2C_Slave_Transmit_IT), (184 bytes).
    Removing stm32f4xx_hal_i2c.o(i.I2C_DMAAbort), (78 bytes).
    Removing stm32f4xx_hal_i2c.o(i.I2C_DMAError), (52 bytes).
    Removing stm32f4xx_hal_i2c.o(i.I2C_DMAXferCplt), (134 bytes).
    Removing stm32f4xx_hal_i2c.o(i.I2C_ITError), (292 bytes).
    Removing stm32f4xx_hal_i2c.o(i.I2C_IsAcknowledgeFailed), (40 bytes).
    Removing stm32f4xx_hal_i2c.o(i.I2C_MasterReceive_BTF), (196 bytes).
    Removing stm32f4xx_hal_i2c.o(i.I2C_MasterReceive_RXNE), (182 bytes).
    Removing stm32f4xx_hal_i2c.o(i.I2C_MasterRequestRead), (222 bytes).
    Removing stm32f4xx_hal_i2c.o(i.I2C_MasterRequestWrite), (148 bytes).
    Removing stm32f4xx_hal_i2c.o(i.I2C_MasterTransmit_BTF), (128 bytes).
    Removing stm32f4xx_hal_i2c.o(i.I2C_MasterTransmit_TXE), (264 bytes).
    Removing stm32f4xx_hal_i2c.o(i.I2C_Master_ADDR), (244 bytes).
    Removing stm32f4xx_hal_i2c.o(i.I2C_Master_SB), (90 bytes).
    Removing stm32f4xx_hal_i2c.o(i.I2C_RequestMemoryRead), (240 bytes).
    Removing stm32f4xx_hal_i2c.o(i.I2C_RequestMemoryWrite), (160 bytes).
    Removing stm32f4xx_hal_i2c.o(i.I2C_Slave_AF), (132 bytes).
    Removing stm32f4xx_hal_i2c.o(i.I2C_Slave_STOPF), (220 bytes).
    Removing stm32f4xx_hal_i2c.o(i.I2C_WaitOnBTFFlagUntilTimeout), (78 bytes).
    Removing stm32f4xx_hal_i2c.o(i.I2C_WaitOnFlagUntilTimeout), (96 bytes).
    Removing stm32f4xx_hal_i2c.o(i.I2C_WaitOnMasterAddressFlagUntilTimeout), (136 bytes).
    Removing stm32f4xx_hal_i2c.o(i.I2C_WaitOnRXNEFlagUntilTimeout), (98 bytes).
    Removing stm32f4xx_hal_i2c.o(i.I2C_WaitOnTXEFlagUntilTimeout), (78 bytes).
    Removing stm32f4xx_hal_i2c_ex.o(.rev16_text), (4 bytes).
    Removing stm32f4xx_hal_i2c_ex.o(.revsh_text), (4 bytes).
    Removing stm32f4xx_hal_i2c_ex.o(.rrx_text), (6 bytes).
    Removing stm32f4xx_hal_i2c_ex.o(i.HAL_I2CEx_ConfigAnalogFilter), (66 bytes).
    Removing stm32f4xx_hal_i2c_ex.o(i.HAL_I2CEx_ConfigDigitalFilter), (62 bytes).
    Removing stm32f4xx_hal_spi.o(.rev16_text), (4 bytes).
    Removing stm32f4xx_hal_spi.o(.revsh_text), (4 bytes).
    Removing stm32f4xx_hal_spi.o(.rrx_text), (6 bytes).
    Removing stm32f4xx_hal_spi.o(i.HAL_SPI_DMAPause), (38 bytes).
    Removing stm32f4xx_hal_spi.o(i.HAL_SPI_DMAResume), (38 bytes).
    Removing stm32f4xx_hal_spi.o(i.HAL_SPI_DMAStop), (40 bytes).
    Removing stm32f4xx_hal_spi.o(i.HAL_SPI_DeInit), (46 bytes).
    Removing stm32f4xx_hal_spi.o(i.HAL_SPI_ErrorCallback), (2 bytes).
    Removing stm32f4xx_hal_spi.o(i.HAL_SPI_GetError), (4 bytes).
    Removing stm32f4xx_hal_spi.o(i.HAL_SPI_GetState), (6 bytes).
    Removing stm32f4xx_hal_spi.o(i.HAL_SPI_IRQHandler), (212 bytes).
    Removing stm32f4xx_hal_spi.o(i.HAL_SPI_Init), (128 bytes).
    Removing stm32f4xx_hal_spi.o(i.HAL_SPI_MspDeInit), (2 bytes).
    Removing stm32f4xx_hal_spi.o(i.HAL_SPI_MspInit), (2 bytes).
    Removing stm32f4xx_hal_spi.o(i.HAL_SPI_Receive), (336 bytes).
    Removing stm32f4xx_hal_spi.o(i.HAL_SPI_Receive_DMA), (212 bytes).
    Removing stm32f4xx_hal_spi.o(i.HAL_SPI_Receive_IT), (164 bytes).
    Removing stm32f4xx_hal_spi.o(i.HAL_SPI_RxCpltCallback), (2 bytes).
    Removing stm32f4xx_hal_spi.o(i.HAL_SPI_RxHalfCpltCallback), (2 bytes).
    Removing stm32f4xx_hal_spi.o(i.HAL_SPI_Transmit), (360 bytes).
    Removing stm32f4xx_hal_spi.o(i.HAL_SPI_TransmitReceive), (472 bytes).
    Removing stm32f4xx_hal_spi.o(i.HAL_SPI_TransmitReceive_DMA), (264 bytes).
    Removing stm32f4xx_hal_spi.o(i.HAL_SPI_TransmitReceive_IT), (164 bytes).
    Removing stm32f4xx_hal_spi.o(i.HAL_SPI_Transmit_DMA), (184 bytes).
    Removing stm32f4xx_hal_spi.o(i.HAL_SPI_Transmit_IT), (152 bytes).
    Removing stm32f4xx_hal_spi.o(i.HAL_SPI_TxCpltCallback), (2 bytes).
    Removing stm32f4xx_hal_spi.o(i.HAL_SPI_TxHalfCpltCallback), (2 bytes).
    Removing stm32f4xx_hal_spi.o(i.HAL_SPI_TxRxCpltCallback), (2 bytes).
    Removing stm32f4xx_hal_spi.o(i.HAL_SPI_TxRxHalfCpltCallback), (2 bytes).
    Removing stm32f4xx_hal_spi.o(i.SPI_2linesRxISR_16BIT), (48 bytes).
    Removing stm32f4xx_hal_spi.o(i.SPI_2linesRxISR_8BIT), (46 bytes).
    Removing stm32f4xx_hal_spi.o(i.SPI_2linesTxISR_16BIT), (48 bytes).
    Removing stm32f4xx_hal_spi.o(i.SPI_2linesTxISR_8BIT), (46 bytes).
    Removing stm32f4xx_hal_spi.o(i.SPI_CheckFlag_BSY), (32 bytes).
    Removing stm32f4xx_hal_spi.o(i.SPI_CloseRxTx_ISR), (144 bytes).
    Removing stm32f4xx_hal_spi.o(i.SPI_CloseRx_ISR), (78 bytes).
    Removing stm32f4xx_hal_spi.o(i.SPI_CloseTx_ISR), (124 bytes).
    Removing stm32f4xx_hal_spi.o(i.SPI_DMAAbortOnError), (16 bytes).
    Removing stm32f4xx_hal_spi.o(i.SPI_DMAError), (34 bytes).
    Removing stm32f4xx_hal_spi.o(i.SPI_DMAHalfReceiveCplt), (10 bytes).
    Removing stm32f4xx_hal_spi.o(i.SPI_DMAHalfTransmitCplt), (10 bytes).
    Removing stm32f4xx_hal_spi.o(i.SPI_DMAHalfTransmitReceiveCplt), (10 bytes).
    Removing stm32f4xx_hal_spi.o(i.SPI_DMAReceiveCplt), (82 bytes).
    Removing stm32f4xx_hal_spi.o(i.SPI_DMATransmitCplt), (90 bytes).
    Removing stm32f4xx_hal_spi.o(i.SPI_DMATransmitReceiveCplt), (80 bytes).
    Removing stm32f4xx_hal_spi.o(i.SPI_RxISR_16BIT), (32 bytes).
    Removing stm32f4xx_hal_spi.o(i.SPI_RxISR_8BIT), (30 bytes).
    Removing stm32f4xx_hal_spi.o(i.SPI_TxISR_16BIT), (32 bytes).
    Removing stm32f4xx_hal_spi.o(i.SPI_TxISR_8BIT), (30 bytes).
    Removing stm32f4xx_hal_spi.o(i.SPI_WaitFlagStateUntilTimeout), (150 bytes).
    Removing startup_stm32f429xx.o(HEAP), (512 bytes).
    Removing stm32f429i_discovery.o(.rev16_text), (4 bytes).
    Removing stm32f429i_discovery.o(.revsh_text), (4 bytes).
    Removing stm32f429i_discovery.o(.rrx_text), (6 bytes).
    Removing stm32f429i_discovery.o(i.BSP_GetVersion), (8 bytes).
    Removing stm32f429i_discovery.o(i.BSP_LED_Off), (28 bytes).
    Removing stm32f429i_discovery.o(i.BSP_PB_GetState), (24 bytes).
    Removing stm32f429i_discovery.o(i.BSP_PB_Init), (128 bytes).
    Removing stm32f429i_discovery.o(i.GYRO_IO_Init), (112 bytes).
    Removing stm32f429i_discovery.o(i.GYRO_IO_Read), (80 bytes).
    Removing stm32f429i_discovery.o(i.GYRO_IO_Write), (72 bytes).
    Removing stm32f429i_discovery.o(i.I2Cx_Error), (20 bytes).
    Removing stm32f429i_discovery.o(i.I2Cx_Init), (72 bytes).
    Removing stm32f429i_discovery.o(i.I2Cx_MspInit), (184 bytes).
    Removing stm32f429i_discovery.o(i.IOE_Delay), (4 bytes).
    Removing stm32f429i_discovery.o(i.IOE_ITConfig), (80 bytes).
    Removing stm32f429i_discovery.o(i.IOE_Init), (4 bytes).
    Removing stm32f429i_discovery.o(i.IOE_Read), (52 bytes).
    Removing stm32f429i_discovery.o(i.IOE_ReadMultiple), (48 bytes).
    Removing stm32f429i_discovery.o(i.IOE_Write), (48 bytes).
    Removing stm32f429i_discovery.o(i.IOE_WriteMultiple), (48 bytes).
    Removing stm32f429i_discovery.o(i.LCD_Delay), (4 bytes).
    Removing stm32f429i_discovery.o(i.LCD_IO_Init), (168 bytes).
    Removing stm32f429i_discovery.o(i.LCD_IO_ReadData), (108 bytes).
    Removing stm32f429i_discovery.o(i.LCD_IO_WriteData), (56 bytes).
    Removing stm32f429i_discovery.o(i.LCD_IO_WriteReg), (56 bytes).
    Removing stm32f429i_discovery.o(i.SPIx_Error), (20 bytes).
    Removing stm32f429i_discovery.o(i.SPIx_Init), (156 bytes).
    Removing stm32f429i_discovery.o(i.SPIx_Write), (36 bytes).
    Removing stm32f429i_discovery.o(i.SPIx_WriteRead), (48 bytes).
    Removing stm32f429i_discovery.o(.bss), (172 bytes).

338 unused section(s) (total 28394 bytes) removed from the image.

==============================================================================

Image Symbol Table

    Local Symbols

    Symbol Name                              Value     Ov Type        Size  Object(Section)

    ../Drivers/STM32F4xx_HAL_Driver/Src/stm32f4xx_hal.c 0x00000000   Number         0  stm32f4xx_hal.o ABSOLUTE
    ../Drivers/STM32F4xx_HAL_Driver/Src/stm32f4xx_hal_cortex.c 0x00000000   Number         0  stm32f4xx_hal_cortex.o ABSOLUTE
    ../Drivers/STM32F4xx_HAL_Driver/Src/stm32f4xx_hal_dma.c 0x00000000   Number         0  stm32f4xx_hal_dma.o ABSOLUTE
    ../Drivers/STM32F4xx_HAL_Driver/Src/stm32f4xx_hal_dma_ex.c 0x00000000   Number         0  stm32f4xx_hal_dma_ex.o ABSOLUTE
    ../Drivers/STM32F4xx_HAL_Driver/Src/stm32f4xx_hal_flash.c 0x00000000   Number         0  stm32f4xx_hal_flash.o ABSOLUTE
    ../Drivers/STM32F4xx_HAL_Driver/Src/stm32f4xx_hal_flash_ex.c 0x00000000   Number         0  stm32f4xx_hal_flash_ex.o ABSOLUTE
    ../Drivers/STM32F4xx_HAL_Driver/Src/stm32f4xx_hal_flash_ramfunc.c 0x00000000   Number         0  stm32f4xx_hal_flash_ramfunc.o ABSOLUTE
    ../Drivers/STM32F4xx_HAL_Driver/Src/stm32f4xx_hal_gpio.c 0x00000000   Number         0  stm32f4xx_hal_gpio.o ABSOLUTE
    ../Drivers/STM32F4xx_HAL_Driver/Src/stm32f4xx_hal_pwr.c 0x00000000   Number         0  stm32f4xx_hal_pwr.o ABSOLUTE
    ../Drivers/STM32F4xx_HAL_Driver/Src/stm32f4xx_hal_pwr_ex.c 0x00000000   Number         0  stm32f4xx_hal_pwr_ex.o ABSOLUTE
    ../Drivers/STM32F4xx_HAL_Driver/Src/stm32f4xx_hal_rcc.c 0x00000000   Number         0  stm32f4xx_hal_rcc.o ABSOLUTE
    ../Drivers/STM32F4xx_HAL_Driver/Src/stm32f4xx_hal_rcc_ex.c 0x00000000   Number         0  stm32f4xx_hal_rcc_ex.o ABSOLUTE
    ../Drivers/STM32F4xx_HAL_Driver/Src/stm32f4xx_hal_tim.c 0x00000000   Number         0  stm32f4xx_hal_tim.o ABSOLUTE
    ../Drivers/STM32F4xx_HAL_Driver/Src/stm32f4xx_hal_tim_ex.c 0x00000000   Number         0  stm32f4xx_hal_tim_ex.o ABSOLUTE
    ../Src/main.c                            0x00000000   Number         0  main.o ABSOLUTE
    ../Src/stm32f4xx_hal_msp.c               0x00000000   Number         0  stm32f4xx_hal_msp.o ABSOLUTE
    ../Src/stm32f4xx_it.c                    0x00000000   Number         0  stm32f4xx_it.o ABSOLUTE
    ../Src/system_stm32f4xx.c                0x00000000   Number         0  system_stm32f4xx.o ABSOLUTE
    ../clib/microlib/init/entry.s            0x00000000   Number         0  entry7b.o ABSOLUTE
    ../clib/microlib/init/entry.s            0x00000000   Number         0  entry11a.o ABSOLUTE
    ../clib/microlib/init/entry.s            0x00000000   Number         0  entry10b.o ABSOLUTE
    ../clib/microlib/init/entry.s            0x00000000   Number         0  entry10a.o ABSOLUTE
    ../clib/microlib/init/entry.s            0x00000000   Number         0  entry9b.o ABSOLUTE
    ../clib/microlib/init/entry.s            0x00000000   Number         0  entry8b.o ABSOLUTE
    ../clib/microlib/init/entry.s            0x00000000   Number         0  entry8a.o ABSOLUTE
    ../clib/microlib/init/entry.s            0x00000000   Number         0  entry11b.o ABSOLUTE
    ../clib/microlib/init/entry.s            0x00000000   Number         0  entry7a.o ABSOLUTE
    ../clib/microlib/init/entry.s            0x00000000   Number         0  entry5.o ABSOLUTE
    ../clib/microlib/init/entry.s            0x00000000   Number         0  entry2.o ABSOLUTE
    ../clib/microlib/init/entry.s            0x00000000   Number         0  entry9a.o ABSOLUTE
    ../clib/microlib/init/entry.s            0x00000000   Number         0  entry.o ABSOLUTE
    ..\Drivers\BSP\STM32F429I-Discovery\stm32f429i_discovery.c 0x00000000   Number         0  stm32f429i_discovery.o ABSOLUTE
    ..\Drivers\STM32F4xx_HAL_Driver\Src\stm32f4xx_hal.c 0x00000000   Number         0  stm32f4xx_hal.o ABSOLUTE
    ..\Drivers\STM32F4xx_HAL_Driver\Src\stm32f4xx_hal_cortex.c 0x00000000   Number         0  stm32f4xx_hal_cortex.o ABSOLUTE
    ..\Drivers\STM32F4xx_HAL_Driver\Src\stm32f4xx_hal_dma.c 0x00000000   Number         0  stm32f4xx_hal_dma.o ABSOLUTE
    ..\Drivers\STM32F4xx_HAL_Driver\Src\stm32f4xx_hal_dma_ex.c 0x00000000   Number         0  stm32f4xx_hal_dma_ex.o ABSOLUTE
    ..\Drivers\STM32F4xx_HAL_Driver\Src\stm32f4xx_hal_flash.c 0x00000000   Number         0  stm32f4xx_hal_flash.o ABSOLUTE
    ..\Drivers\STM32F4xx_HAL_Driver\Src\stm32f4xx_hal_flash_ex.c 0x00000000   Number         0  stm32f4xx_hal_flash_ex.o ABSOLUTE
    ..\Drivers\STM32F4xx_HAL_Driver\Src\stm32f4xx_hal_flash_ramfunc.c 0x00000000   Number         0  stm32f4xx_hal_flash_ramfunc.o ABSOLUTE
    ..\Drivers\STM32F4xx_HAL_Driver\Src\stm32f4xx_hal_gpio.c 0x00000000   Number         0  stm32f4xx_hal_gpio.o ABSOLUTE
    ..\Drivers\STM32F4xx_HAL_Driver\Src\stm32f4xx_hal_i2c.c 0x00000000   Number         0  stm32f4xx_hal_i2c.o ABSOLUTE
    ..\Drivers\STM32F4xx_HAL_Driver\Src\stm32f4xx_hal_i2c_ex.c 0x00000000   Number         0  stm32f4xx_hal_i2c_ex.o ABSOLUTE
    ..\Drivers\STM32F4xx_HAL_Driver\Src\stm32f4xx_hal_pwr.c 0x00000000   Number         0  stm32f4xx_hal_pwr.o ABSOLUTE
    ..\Drivers\STM32F4xx_HAL_Driver\Src\stm32f4xx_hal_pwr_ex.c 0x00000000   Number         0  stm32f4xx_hal_pwr_ex.o ABSOLUTE
    ..\Drivers\STM32F4xx_HAL_Driver\Src\stm32f4xx_hal_rcc.c 0x00000000   Number         0  stm32f4xx_hal_rcc.o ABSOLUTE
    ..\Drivers\STM32F4xx_HAL_Driver\Src\stm32f4xx_hal_rcc_ex.c 0x00000000   Number         0  stm32f4xx_hal_rcc_ex.o ABSOLUTE
    ..\Drivers\STM32F4xx_HAL_Driver\Src\stm32f4xx_hal_spi.c 0x00000000   Number         0  stm32f4xx_hal_spi.o ABSOLUTE
    ..\Drivers\STM32F4xx_HAL_Driver\Src\stm32f4xx_hal_tim.c 0x00000000   Number         0  stm32f4xx_hal_tim.o ABSOLUTE
    ..\Drivers\STM32F4xx_HAL_Driver\Src\stm32f4xx_hal_tim_ex.c 0x00000000   Number         0  stm32f4xx_hal_tim_ex.o ABSOLUTE
    ..\Src\main.c                            0x00000000   Number         0  main.o ABSOLUTE
    ..\Src\stm32f4xx_hal_msp.c               0x00000000   Number         0  stm32f4xx_hal_msp.o ABSOLUTE
    ..\Src\stm32f4xx_it.c                    0x00000000   Number         0  stm32f4xx_it.o ABSOLUTE
    ..\Src\system_stm32f4xx.c                0x00000000   Number         0  system_stm32f4xx.o ABSOLUTE
    ..\\Drivers\\BSP\\STM32F429I-Discovery\\stm32f429i_discovery.c 0x00000000   Number         0  stm32f429i_discovery.o ABSOLUTE
    ..\\Drivers\\STM32F4xx_HAL_Driver\\Src\\stm32f4xx_hal_i2c.c 0x00000000   Number         0  stm32f4xx_hal_i2c.o ABSOLUTE
    ..\\Drivers\\STM32F4xx_HAL_Driver\\Src\\stm32f4xx_hal_i2c_ex.c 0x00000000   Number         0  stm32f4xx_hal_i2c_ex.o ABSOLUTE
    ..\\Drivers\\STM32F4xx_HAL_Driver\\Src\\stm32f4xx_hal_spi.c 0x00000000   Number         0  stm32f4xx_hal_spi.o ABSOLUTE
    dc.s                                     0x00000000   Number         0  dc.o ABSOLUTE
    handlers.s                               0x00000000   Number         0  handlers.o ABSOLUTE
    init.s                                   0x00000000   Number         0  init.o ABSOLUTE
    startup_stm32f429xx.s                    0x00000000   Number         0  startup_stm32f429xx.o ABSOLUTE
    RESET                                    0x08000000   Section      428  startup_stm32f429xx.o(RESET)
    .ARM.Collect$$$$00000000                 0x080001ac   Section        0  entry.o(.ARM.Collect$$$$00000000)
    .ARM.Collect$$$$00000001                 0x080001ac   Section        4  entry2.o(.ARM.Collect$$$$00000001)
    .ARM.Collect$$$$00000004                 0x080001b0   Section        4  entry5.o(.ARM.Collect$$$$00000004)
    .ARM.Collect$$$$00000008                 0x080001b4   Section        0  entry7b.o(.ARM.Collect$$$$00000008)
    .ARM.Collect$$$$0000000A                 0x080001b4   Section        0  entry8b.o(.ARM.Collect$$$$0000000A)
    .ARM.Collect$$$$0000000B                 0x080001b4   Section        8  entry9a.o(.ARM.Collect$$$$0000000B)
    .ARM.Collect$$$$0000000D                 0x080001bc   Section        0  entry10a.o(.ARM.Collect$$$$0000000D)
    .ARM.Collect$$$$0000000F                 0x080001bc   Section        0  entry11a.o(.ARM.Collect$$$$0000000F)
    .ARM.Collect$$$$00002712                 0x080001bc   Section        4  entry2.o(.ARM.Collect$$$$00002712)
    __lit__00000000                          0x080001bc   Data           4  entry2.o(.ARM.Collect$$$$00002712)
    .text                                    0x080001c0   Section       36  startup_stm32f429xx.o(.text)
    $v0                                      0x080001c0   Number         0  startup_stm32f429xx.o(.text)
    .text                                    0x080001e4   Section       36  init.o(.text)
    i.BSP_LED_Init                           0x08000208   Section        0  stm32f429i_discovery.o(i.BSP_LED_Init)
    i.BSP_LED_On                             0x08000264   Section        0  stm32f429i_discovery.o(i.BSP_LED_On)
    i.BSP_LED_Toggle                         0x08000280   Section        0  stm32f429i_discovery.o(i.BSP_LED_Toggle)
    i.HAL_Delay                              0x08000298   Section        0  stm32f4xx_hal.o(i.HAL_Delay)
    i.HAL_GPIO_Init                          0x080002b0   Section        0  stm32f4xx_hal_gpio.o(i.HAL_GPIO_Init)
    i.HAL_GPIO_TogglePin                     0x0800047c   Section        0  stm32f4xx_hal_gpio.o(i.HAL_GPIO_TogglePin)
    i.HAL_GPIO_WritePin                      0x08000484   Section        0  stm32f4xx_hal_gpio.o(i.HAL_GPIO_WritePin)
    i.HAL_GetTick                            0x08000490   Section        0  stm32f4xx_hal.o(i.HAL_GetTick)
    i.HAL_IncTick                            0x0800049c   Section        0  stm32f4xx_hal.o(i.HAL_IncTick)
    i.HAL_Init                               0x080004ac   Section        0  stm32f4xx_hal.o(i.HAL_Init)
    i.HAL_InitTick                           0x080004e0   Section        0  stm32f4xx_hal.o(i.HAL_InitTick)
    i.HAL_MspInit                            0x08000508   Section        0  stm32f4xx_hal_msp.o(i.HAL_MspInit)
    i.HAL_NVIC_SetPriority                   0x08000560   Section        0  stm32f4xx_hal_cortex.o(i.HAL_NVIC_SetPriority)
    i.HAL_NVIC_SetPriorityGrouping           0x080005a0   Section        0  stm32f4xx_hal_cortex.o(i.HAL_NVIC_SetPriorityGrouping)
    i.HAL_RCC_ClockConfig                    0x080005c4   Section        0  stm32f4xx_hal_rcc.o(i.HAL_RCC_ClockConfig)
    i.HAL_RCC_GetHCLKFreq                    0x08000740   Section        0  stm32f4xx_hal_rcc.o(i.HAL_RCC_GetHCLKFreq)
    i.HAL_RCC_GetSysClockFreq                0x0800074c   Section        0  stm32f4xx_hal_rcc.o(i.HAL_RCC_GetSysClockFreq)
    i.HAL_RCC_OscConfig                      0x080007bc   Section        0  stm32f4xx_hal_rcc.o(i.HAL_RCC_OscConfig)
    i.HAL_SYSTICK_CLKSourceConfig            0x08000ad0   Section        0  stm32f4xx_hal_cortex.o(i.HAL_SYSTICK_CLKSourceConfig)
    i.HAL_SYSTICK_Callback                   0x08000ae8   Section        0  stm32f4xx_hal_cortex.o(i.HAL_SYSTICK_Callback)
    i.HAL_SYSTICK_Config                     0x08000aea   Section        0  stm32f4xx_hal_cortex.o(i.HAL_SYSTICK_Config)
    i.HAL_SYSTICK_IRQHandler                 0x08000b12   Section        0  stm32f4xx_hal_cortex.o(i.HAL_SYSTICK_IRQHandler)
    i.MX_GPIO_Init                           0x08000b1c   Section        0  main.o(i.MX_GPIO_Init)
    MX_GPIO_Init                             0x08000b1d   Thumb Code   770  main.o(i.MX_GPIO_Init)
    i.NVIC_SetPriority                       0x08000e44   Section        0  stm32f4xx_hal_cortex.o(i.NVIC_SetPriority)
    NVIC_SetPriority                         0x08000e45   Thumb Code    32  stm32f4xx_hal_cortex.o(i.NVIC_SetPriority)
    i.SysTick_Handler                        0x08000e64   Section        0  stm32f4xx_it.o(i.SysTick_Handler)
    i.SystemClock_Config                     0x08000e74   Section        0  main.o(i.SystemClock_Config)
    i.SystemInit                             0x08000f18   Section        0  system_stm32f4xx.o(i.SystemInit)
    i.__scatterload_copy                     0x08000f6c   Section       14  handlers.o(i.__scatterload_copy)
    i.__scatterload_null                     0x08000f7a   Section        2  handlers.o(i.__scatterload_null)
    i.__scatterload_zeroinit                 0x08000f7c   Section       14  handlers.o(i.__scatterload_zeroinit)
    i.main                                   0x08000f8a   Section        0  main.o(i.main)
    .constdata                               0x08000fb4   Section       16  stm32f4xx_hal_rcc.o(.constdata)
    .constdata                               0x08000fc4   Section        8  stm32f429i_discovery.o(.constdata)
    .data                                    0x20000000   Section        4  system_stm32f4xx.o(.data)
    .data                                    0x20000004   Section        4  stm32f4xx_hal.o(.data)
    .data                                    0x20000008   Section       24  stm32f429i_discovery.o(.data)
    Is_LCD_IO_Initialized                    0x20000008   Data           1  stm32f429i_discovery.o(.data)
    STACK                                    0x20000020   Section     1024  startup_stm32f429xx.o(STACK)

    Global Symbols

    Symbol Name                              Value     Ov Type        Size  Object(Section)

    BuildAttributes$$THM_ISAv4$E$P$D$K$B$S$7EM$VFPi3$EXTD16$VFPS$VFMA$PE$A:L22UL41UL21$X:L11$S22US41US21$IEEE1$IW$USESV6$~STKCKD$USESV7$~SHL$OSPACE$EBA8$MICROLIB$REQ8$PRES8$EABIv2 0x00000000   Number         0  anon$$obj.o ABSOLUTE
    __ARM_use_no_argv                        0x00000000   Number         0  main.o ABSOLUTE
    __cpp_initialize__aeabi_                  - Undefined Weak Reference
    __cxa_finalize                            - Undefined Weak Reference
    __decompress                              - Undefined Weak Reference
    _clock_init                               - Undefined Weak Reference
    _microlib_exit                            - Undefined Weak Reference
    __Vectors_Size                           0x000001ac   Number         0  startup_stm32f429xx.o ABSOLUTE
    __Vectors                                0x08000000   Data           4  startup_stm32f429xx.o(RESET)
    __Vectors_End                            0x080001ac   Data           0  startup_stm32f429xx.o(RESET)
    __main                                   0x080001ad   Thumb Code     0  entry.o(.ARM.Collect$$$$00000000)
    _main_stk                                0x080001ad   Thumb Code     0  entry2.o(.ARM.Collect$$$$00000001)
    _main_scatterload                        0x080001b1   Thumb Code     0  entry5.o(.ARM.Collect$$$$00000004)
    __main_after_scatterload                 0x080001b5   Thumb Code     0  entry5.o(.ARM.Collect$$$$00000004)
    _main_clock                              0x080001b5   Thumb Code     0  entry7b.o(.ARM.Collect$$$$00000008)
    _main_cpp_init                           0x080001b5   Thumb Code     0  entry8b.o(.ARM.Collect$$$$0000000A)
    _main_init                               0x080001b5   Thumb Code     0  entry9a.o(.ARM.Collect$$$$0000000B)
    __rt_final_cpp                           0x080001bd   Thumb Code     0  entry10a.o(.ARM.Collect$$$$0000000D)
    __rt_final_exit                          0x080001bd   Thumb Code     0  entry11a.o(.ARM.Collect$$$$0000000F)
    Reset_Handler                            0x080001c1   Thumb Code     8  startup_stm32f429xx.o(.text)
    NMI_Handler                              0x080001c9   Thumb Code     2  startup_stm32f429xx.o(.text)
    HardFault_Handler                        0x080001cb   Thumb Code     2  startup_stm32f429xx.o(.text)
    MemManage_Handler                        0x080001cd   Thumb Code     2  startup_stm32f429xx.o(.text)
    BusFault_Handler                         0x080001cf   Thumb Code     2  startup_stm32f429xx.o(.text)
    UsageFault_Handler                       0x080001d1   Thumb Code     2  startup_stm32f429xx.o(.text)
    SVC_Handler                              0x080001d3   Thumb Code     2  startup_stm32f429xx.o(.text)
    DebugMon_Handler                         0x080001d5   Thumb Code     2  startup_stm32f429xx.o(.text)
    PendSV_Handler                           0x080001d7   Thumb Code     2  startup_stm32f429xx.o(.text)
    ADC_IRQHandler                           0x080001db   Thumb Code     0  startup_stm32f429xx.o(.text)
    CAN1_RX0_IRQHandler                      0x080001db   Thumb Code     0  startup_stm32f429xx.o(.text)
    CAN1_RX1_IRQHandler                      0x080001db   Thumb Code     0  startup_stm32f429xx.o(.text)
    CAN1_SCE_IRQHandler                      0x080001db   Thumb Code     0  startup_stm32f429xx.o(.text)
    CAN1_TX_IRQHandler                       0x080001db   Thumb Code     0  startup_stm32f429xx.o(.text)
    CAN2_RX0_IRQHandler                      0x080001db   Thumb Code     0  startup_stm32f429xx.o(.text)
    CAN2_RX1_IRQHandler                      0x080001db   Thumb Code     0  startup_stm32f429xx.o(.text)
    CAN2_SCE_IRQHandler                      0x080001db   Thumb Code     0  startup_stm32f429xx.o(.text)
    CAN2_TX_IRQHandler                       0x080001db   Thumb Code     0  startup_stm32f429xx.o(.text)
    DCMI_IRQHandler                          0x080001db   Thumb Code     0  startup_stm32f429xx.o(.text)
    DMA1_Stream0_IRQHandler                  0x080001db   Thumb Code     0  startup_stm32f429xx.o(.text)
    DMA1_Stream1_IRQHandler                  0x080001db   Thumb Code     0  startup_stm32f429xx.o(.text)
    DMA1_Stream2_IRQHandler                  0x080001db   Thumb Code     0  startup_stm32f429xx.o(.text)
    DMA1_Stream3_IRQHandler                  0x080001db   Thumb Code     0  startup_stm32f429xx.o(.text)
    DMA1_Stream4_IRQHandler                  0x080001db   Thumb Code     0  startup_stm32f429xx.o(.text)
    DMA1_Stream5_IRQHandler                  0x080001db   Thumb Code     0  startup_stm32f429xx.o(.text)
    DMA1_Stream6_IRQHandler                  0x080001db   Thumb Code     0  startup_stm32f429xx.o(.text)
    DMA1_Stream7_IRQHandler                  0x080001db   Thumb Code     0  startup_stm32f429xx.o(.text)
    DMA2D_IRQHandler                         0x080001db   Thumb Code     0  startup_stm32f429xx.o(.text)
    DMA2_Stream0_IRQHandler                  0x080001db   Thumb Code     0  startup_stm32f429xx.o(.text)
    DMA2_Stream1_IRQHandler                  0x080001db   Thumb Code     0  startup_stm32f429xx.o(.text)
    DMA2_Stream2_IRQHandler                  0x080001db   Thumb Code     0  startup_stm32f429xx.o(.text)
    DMA2_Stream3_IRQHandler                  0x080001db   Thumb Code     0  startup_stm32f429xx.o(.text)
    DMA2_Stream4_IRQHandler                  0x080001db   Thumb Code     0  startup_stm32f429xx.o(.text)
    DMA2_Stream5_IRQHandler                  0x080001db   Thumb Code     0  startup_stm32f429xx.o(.text)
    DMA2_Stream6_IRQHandler                  0x080001db   Thumb Code     0  startup_stm32f429xx.o(.text)
    DMA2_Stream7_IRQHandler                  0x080001db   Thumb Code     0  startup_stm32f429xx.o(.text)
    ETH_IRQHandler                           0x080001db   Thumb Code     0  startup_stm32f429xx.o(.text)
    ETH_WKUP_IRQHandler                      0x080001db   Thumb Code     0  startup_stm32f429xx.o(.text)
    EXTI0_IRQHandler                         0x080001db   Thumb Code     0  startup_stm32f429xx.o(.text)
    EXTI15_10_IRQHandler                     0x080001db   Thumb Code     0  startup_stm32f429xx.o(.text)
    EXTI1_IRQHandler                         0x080001db   Thumb Code     0  startup_stm32f429xx.o(.text)
    EXTI2_IRQHandler                         0x080001db   Thumb Code     0  startup_stm32f429xx.o(.text)
    EXTI3_IRQHandler                         0x080001db   Thumb Code     0  startup_stm32f429xx.o(.text)
    EXTI4_IRQHandler                         0x080001db   Thumb Code     0  startup_stm32f429xx.o(.text)
    EXTI9_5_IRQHandler                       0x080001db   Thumb Code     0  startup_stm32f429xx.o(.text)
    FLASH_IRQHandler                         0x080001db   Thumb Code     0  startup_stm32f429xx.o(.text)
    FMC_IRQHandler                           0x080001db   Thumb Code     0  startup_stm32f429xx.o(.text)
    FPU_IRQHandler                           0x080001db   Thumb Code     0  startup_stm32f429xx.o(.text)
    HASH_RNG_IRQHandler                      0x080001db   Thumb Code     0  startup_stm32f429xx.o(.text)
    I2C1_ER_IRQHandler                       0x080001db   Thumb Code     0  startup_stm32f429xx.o(.text)
    I2C1_EV_IRQHandler                       0x080001db   Thumb Code     0  startup_stm32f429xx.o(.text)
    I2C2_ER_IRQHandler                       0x080001db   Thumb Code     0  startup_stm32f429xx.o(.text)
    I2C2_EV_IRQHandler                       0x080001db   Thumb Code     0  startup_stm32f429xx.o(.text)
    I2C3_ER_IRQHandler                       0x080001db   Thumb Code     0  startup_stm32f429xx.o(.text)
    I2C3_EV_IRQHandler                       0x080001db   Thumb Code     0  startup_stm32f429xx.o(.text)
    LTDC_ER_IRQHandler                       0x080001db   Thumb Code     0  startup_stm32f429xx.o(.text)
    LTDC_IRQHandler                          0x080001db   Thumb Code     0  startup_stm32f429xx.o(.text)
    OTG_FS_IRQHandler                        0x080001db   Thumb Code     0  startup_stm32f429xx.o(.text)
    OTG_FS_WKUP_IRQHandler                   0x080001db   Thumb Code     0  startup_stm32f429xx.o(.text)
    OTG_HS_EP1_IN_IRQHandler                 0x080001db   Thumb Code     0  startup_stm32f429xx.o(.text)
    OTG_HS_EP1_OUT_IRQHandler                0x080001db   Thumb Code     0  startup_stm32f429xx.o(.text)
    OTG_HS_IRQHandler                        0x080001db   Thumb Code     0  startup_stm32f429xx.o(.text)
    OTG_HS_WKUP_IRQHandler                   0x080001db   Thumb Code     0  startup_stm32f429xx.o(.text)
    PVD_IRQHandler                           0x080001db   Thumb Code     0  startup_stm32f429xx.o(.text)
    RCC_IRQHandler                           0x080001db   Thumb Code     0  startup_stm32f429xx.o(.text)
    RTC_Alarm_IRQHandler                     0x080001db   Thumb Code     0  startup_stm32f429xx.o(.text)
    RTC_WKUP_IRQHandler                      0x080001db   Thumb Code     0  startup_stm32f429xx.o(.text)
    SAI1_IRQHandler                          0x080001db   Thumb Code     0  startup_stm32f429xx.o(.text)
    SDIO_IRQHandler                          0x080001db   Thumb Code     0  startup_stm32f429xx.o(.text)
    SPI1_IRQHandler                          0x080001db   Thumb Code     0  startup_stm32f429xx.o(.text)
    SPI2_IRQHandler                          0x080001db   Thumb Code     0  startup_stm32f429xx.o(.text)
    SPI3_IRQHandler                          0x080001db   Thumb Code     0  startup_stm32f429xx.o(.text)
    SPI4_IRQHandler                          0x080001db   Thumb Code     0  startup_stm32f429xx.o(.text)
    SPI5_IRQHandler                          0x080001db   Thumb Code     0  startup_stm32f429xx.o(.text)
    SPI6_IRQHandler                          0x080001db   Thumb Code     0  startup_stm32f429xx.o(.text)
    TAMP_STAMP_IRQHandler                    0x080001db   Thumb Code     0  startup_stm32f429xx.o(.text)
    TIM1_BRK_TIM9_IRQHandler                 0x080001db   Thumb Code     0  startup_stm32f429xx.o(.text)
    TIM1_CC_IRQHandler                       0x080001db   Thumb Code     0  startup_stm32f429xx.o(.text)
    TIM1_TRG_COM_TIM11_IRQHandler            0x080001db   Thumb Code     0  startup_stm32f429xx.o(.text)
    TIM1_UP_TIM10_IRQHandler                 0x080001db   Thumb Code     0  startup_stm32f429xx.o(.text)
    TIM2_IRQHandler                          0x080001db   Thumb Code     0  startup_stm32f429xx.o(.text)
    TIM3_IRQHandler                          0x080001db   Thumb Code     0  startup_stm32f429xx.o(.text)
    TIM4_IRQHandler                          0x080001db   Thumb Code     0  startup_stm32f429xx.o(.text)
    TIM5_IRQHandler                          0x080001db   Thumb Code     0  startup_stm32f429xx.o(.text)
    TIM6_DAC_IRQHandler                      0x080001db   Thumb Code     0  startup_stm32f429xx.o(.text)
    TIM7_IRQHandler                          0x080001db   Thumb Code     0  startup_stm32f429xx.o(.text)
    TIM8_BRK_TIM12_IRQHandler                0x080001db   Thumb Code     0  startup_stm32f429xx.o(.text)
    TIM8_CC_IRQHandler                       0x080001db   Thumb Code     0  startup_stm32f429xx.o(.text)
    TIM8_TRG_COM_TIM14_IRQHandler            0x080001db   Thumb Code     0  startup_stm32f429xx.o(.text)
    TIM8_UP_TIM13_IRQHandler                 0x080001db   Thumb Code     0  startup_stm32f429xx.o(.text)
    UART4_IRQHandler                         0x080001db   Thumb Code     0  startup_stm32f429xx.o(.text)
    UART5_IRQHandler                         0x080001db   Thumb Code     0  startup_stm32f429xx.o(.text)
    UART7_IRQHandler                         0x080001db   Thumb Code     0  startup_stm32f429xx.o(.text)
    UART8_IRQHandler                         0x080001db   Thumb Code     0  startup_stm32f429xx.o(.text)
    USART1_IRQHandler                        0x080001db   Thumb Code     0  startup_stm32f429xx.o(.text)
    USART2_IRQHandler                        0x080001db   Thumb Code     0  startup_stm32f429xx.o(.text)
    USART3_IRQHandler                        0x080001db   Thumb Code     0  startup_stm32f429xx.o(.text)
    USART6_IRQHandler                        0x080001db   Thumb Code     0  startup_stm32f429xx.o(.text)
    WWDG_IRQHandler                          0x080001db   Thumb Code     0  startup_stm32f429xx.o(.text)
    __scatterload                            0x080001e5   Thumb Code    28  init.o(.text)
    __scatterload_rt2                        0x080001e5   Thumb Code     0  init.o(.text)
    BSP_LED_Init                             0x08000209   Thumb Code    78  stm32f429i_discovery.o(i.BSP_LED_Init)
    BSP_LED_On                               0x08000265   Thumb Code    18  stm32f429i_discovery.o(i.BSP_LED_On)
    BSP_LED_Toggle                           0x08000281   Thumb Code    16  stm32f429i_discovery.o(i.BSP_LED_Toggle)
    HAL_Delay                                0x08000299   Thumb Code    22  stm32f4xx_hal.o(i.HAL_Delay)
    HAL_GPIO_Init                            0x080002b1   Thumb Code   408  stm32f4xx_hal_gpio.o(i.HAL_GPIO_Init)
    HAL_GPIO_TogglePin                       0x0800047d   Thumb Code     8  stm32f4xx_hal_gpio.o(i.HAL_GPIO_TogglePin)
    HAL_GPIO_WritePin                        0x08000485   Thumb Code    10  stm32f4xx_hal_gpio.o(i.HAL_GPIO_WritePin)
    HAL_GetTick                              0x08000491   Thumb Code     6  stm32f4xx_hal.o(i.HAL_GetTick)
    HAL_IncTick                              0x0800049d   Thumb Code    10  stm32f4xx_hal.o(i.HAL_IncTick)
    HAL_Init                                 0x080004ad   Thumb Code    48  stm32f4xx_hal.o(i.HAL_Init)
    HAL_InitTick                             0x080004e1   Thumb Code    34  stm32f4xx_hal.o(i.HAL_InitTick)
    HAL_MspInit                              0x08000509   Thumb Code    88  stm32f4xx_hal_msp.o(i.HAL_MspInit)
    HAL_NVIC_SetPriority                     0x08000561   Thumb Code    60  stm32f4xx_hal_cortex.o(i.HAL_NVIC_SetPriority)
    HAL_NVIC_SetPriorityGrouping             0x080005a1   Thumb Code    26  stm32f4xx_hal_cortex.o(i.HAL_NVIC_SetPriorityGrouping)
    HAL_RCC_ClockConfig                      0x080005c5   Thumb Code   364  stm32f4xx_hal_rcc.o(i.HAL_RCC_ClockConfig)
    HAL_RCC_GetHCLKFreq                      0x08000741   Thumb Code     6  stm32f4xx_hal_rcc.o(i.HAL_RCC_GetHCLKFreq)
    HAL_RCC_GetSysClockFreq                  0x0800074d   Thumb Code   104  stm32f4xx_hal_rcc.o(i.HAL_RCC_GetSysClockFreq)
    HAL_RCC_OscConfig                        0x080007bd   Thumb Code   770  stm32f4xx_hal_rcc.o(i.HAL_RCC_OscConfig)
    HAL_SYSTICK_CLKSourceConfig              0x08000ad1   Thumb Code    24  stm32f4xx_hal_cortex.o(i.HAL_SYSTICK_CLKSourceConfig)
    HAL_SYSTICK_Callback                     0x08000ae9   Thumb Code     2  stm32f4xx_hal_cortex.o(i.HAL_SYSTICK_Callback)
    HAL_SYSTICK_Config                       0x08000aeb   Thumb Code    40  stm32f4xx_hal_cortex.o(i.HAL_SYSTICK_Config)
    HAL_SYSTICK_IRQHandler                   0x08000b13   Thumb Code     8  stm32f4xx_hal_cortex.o(i.HAL_SYSTICK_IRQHandler)
    SysTick_Handler                          0x08000e65   Thumb Code    14  stm32f4xx_it.o(i.SysTick_Handler)
    SystemClock_Config                       0x08000e75   Thumb Code   154  main.o(i.SystemClock_Config)
    SystemInit                               0x08000f19   Thumb Code    66  system_stm32f4xx.o(i.SystemInit)
    __scatterload_copy                       0x08000f6d   Thumb Code    14  handlers.o(i.__scatterload_copy)
    __scatterload_null                       0x08000f7b   Thumb Code     2  handlers.o(i.__scatterload_null)
    __scatterload_zeroinit                   0x08000f7d   Thumb Code    14  handlers.o(i.__scatterload_zeroinit)
    main                                     0x08000f8b   Thumb Code    42  main.o(i.main)
    APBAHBPrescTable                         0x08000fb4   Data          16  stm32f4xx_hal_rcc.o(.constdata)
    BUTTON_IRQn                              0x08000fc4   Data           1  stm32f429i_discovery.o(.constdata)
    BUTTON_PIN                               0x08000fc6   Data           2  stm32f429i_discovery.o(.constdata)
    GPIO_PIN                                 0x08000fc8   Data           4  stm32f429i_discovery.o(.constdata)
    Region$$Table$$Base                      0x08000fcc   Number         0  anon$$obj.o(Region$$Table)
    Region$$Table$$Limit                     0x08000fec   Number         0  anon$$obj.o(Region$$Table)
    SystemCoreClock                          0x20000000   Data           4  system_stm32f4xx.o(.data)
    uwTick                                   0x20000004   Data           4  stm32f4xx_hal.o(.data)
    BUTTON_PORT                              0x2000000c   Data           4  stm32f429i_discovery.o(.data)
    I2cxTimeout                              0x20000010   Data           4  stm32f429i_discovery.o(.data)
    SpixTimeout                              0x20000014   Data           4  stm32f429i_discovery.o(.data)
    GPIO_PORT                                0x20000018   Data           8  stm32f429i_discovery.o(.data)
    __initial_sp                             0x20000420   Data           0  startup_stm32f429xx.o(STACK)



==============================================================================

Memory Map of the image

  Image Entry point : 0x080001ad

  Load Region LR_IROM1 (Base: 0x08000000, Size: 0x0000100c, Max: 0x00200000, ABSOLUTE)

    Execution Region ER_IROM1 (Base: 0x08000000, Size: 0x00000fec, Max: 0x00200000, ABSOLUTE)

    Base Addr    Size         Type   Attr      Idx    E Section Name        Object

    0x08000000   0x000001ac   Data   RO         2039    RESET               startup_stm32f429xx.o
    0x080001ac   0x00000000   Code   RO         2237  * .ARM.Collect$$$$00000000  mc_w.l(entry.o)
    0x080001ac   0x00000004   Code   RO         2240    .ARM.Collect$$$$00000001  mc_w.l(entry2.o)
    0x080001b0   0x00000004   Code   RO         2243    .ARM.Collect$$$$00000004  mc_w.l(entry5.o)
    0x080001b4   0x00000000   Code   RO         2245    .ARM.Collect$$$$00000008  mc_w.l(entry7b.o)
    0x080001b4   0x00000000   Code   RO         2247    .ARM.Collect$$$$0000000A  mc_w.l(entry8b.o)
    0x080001b4   0x00000008   Code   RO         2248    .ARM.Collect$$$$0000000B  mc_w.l(entry9a.o)
    0x080001bc   0x00000000   Code   RO         2250    .ARM.Collect$$$$0000000D  mc_w.l(entry10a.o)
    0x080001bc   0x00000000   Code   RO         2252    .ARM.Collect$$$$0000000F  mc_w.l(entry11a.o)
    0x080001bc   0x00000004   Code   RO         2241    .ARM.Collect$$$$00002712  mc_w.l(entry2.o)
    0x080001c0   0x00000024   Code   RO         2040    .text               startup_stm32f429xx.o
    0x080001e4   0x00000024   Code   RO         2254    .text               mc_w.l(init.o)
    0x08000208   0x0000005c   Code   RO         2048    i.BSP_LED_Init      stm32f429i_discovery.o
    0x08000264   0x0000001c   Code   RO         2050    i.BSP_LED_On        stm32f429i_discovery.o
    0x08000280   0x00000018   Code   RO         2051    i.BSP_LED_Toggle    stm32f429i_discovery.o
    0x08000298   0x00000016   Code   RO          672    i.HAL_Delay         stm32f4xx_hal.o
    0x080002ae   0x00000002   PAD
    0x080002b0   0x000001cc   Code   RO          602    i.HAL_GPIO_Init     stm32f4xx_hal_gpio.o
    0x0800047c   0x00000008   Code   RO          605    i.HAL_GPIO_TogglePin  stm32f4xx_hal_gpio.o
    0x08000484   0x0000000a   Code   RO          606    i.HAL_GPIO_WritePin  stm32f4xx_hal_gpio.o
    0x0800048e   0x00000002   PAD
    0x08000490   0x0000000c   Code   RO          680    i.HAL_GetTick       stm32f4xx_hal.o
    0x0800049c   0x00000010   Code   RO          681    i.HAL_IncTick       stm32f4xx_hal.o
    0x080004ac   0x00000034   Code   RO          682    i.HAL_Init          stm32f4xx_hal.o
    0x080004e0   0x00000028   Code   RO          683    i.HAL_InitTick      stm32f4xx_hal.o
    0x08000508   0x00000058   Code   RO          171    i.HAL_MspInit       stm32f4xx_hal_msp.o
    0x08000560   0x00000040   Code   RO          362    i.HAL_NVIC_SetPriority  stm32f4xx_hal_cortex.o
    0x080005a0   0x00000024   Code   RO          363    i.HAL_NVIC_SetPriorityGrouping  stm32f4xx_hal_cortex.o
    0x080005c4   0x0000017c   Code   RO          477    i.HAL_RCC_ClockConfig  stm32f4xx_hal_rcc.o
    0x08000740   0x0000000c   Code   RO          482    i.HAL_RCC_GetHCLKFreq  stm32f4xx_hal_rcc.o
    0x0800074c   0x00000070   Code   RO          486    i.HAL_RCC_GetSysClockFreq  stm32f4xx_hal_rcc.o
    0x080007bc   0x00000314   Code   RO          489    i.HAL_RCC_OscConfig  stm32f4xx_hal_rcc.o
    0x08000ad0   0x00000018   Code   RO          365    i.HAL_SYSTICK_CLKSourceConfig  stm32f4xx_hal_cortex.o
    0x08000ae8   0x00000002   Code   RO          366    i.HAL_SYSTICK_Callback  stm32f4xx_hal_cortex.o
    0x08000aea   0x00000028   Code   RO          367    i.HAL_SYSTICK_Config  stm32f4xx_hal_cortex.o
    0x08000b12   0x00000008   Code   RO          368    i.HAL_SYSTICK_IRQHandler  stm32f4xx_hal_cortex.o
    0x08000b1a   0x00000002   PAD
    0x08000b1c   0x00000328   Code   RO          128    i.MX_GPIO_Init      main.o
    0x08000e44   0x00000020   Code   RO          369    i.NVIC_SetPriority  stm32f4xx_hal_cortex.o
    0x08000e64   0x0000000e   Code   RO            4    i.SysTick_Handler   stm32f4xx_it.o
    0x08000e72   0x00000002   PAD
    0x08000e74   0x000000a4   Code   RO          129    i.SystemClock_Config  main.o
    0x08000f18   0x00000054   Code   RO          196    i.SystemInit        system_stm32f4xx.o
    0x08000f6c   0x0000000e   Code   RO         2258    i.__scatterload_copy  mc_w.l(handlers.o)
    0x08000f7a   0x00000002   Code   RO         2259    i.__scatterload_null  mc_w.l(handlers.o)
    0x08000f7c   0x0000000e   Code   RO         2260    i.__scatterload_zeroinit  mc_w.l(handlers.o)
    0x08000f8a   0x0000002a   Code   RO          130    i.main              main.o
    0x08000fb4   0x00000010   Data   RO          490    .constdata          stm32f4xx_hal_rcc.o
    0x08000fc4   0x00000008   Data   RO         2077    .constdata          stm32f429i_discovery.o
    0x08000fcc   0x00000020   Data   RO         2256    Region$$Table       anon$$obj.o


    Execution Region RW_IRAM1 (Base: 0x20000000, Size: 0x00000420, Max: 0x00030000, ABSOLUTE)

    Base Addr    Size         Type   Attr      Idx    E Section Name        Object

    0x20000000   0x00000004   Data   RW          199    .data               system_stm32f4xx.o
    0x20000004   0x00000004   Data   RW          688    .data               stm32f4xx_hal.o
    0x20000008   0x00000018   Data   RW         2078    .data               stm32f429i_discovery.o
    0x20000020   0x00000400   Zero   RW         2037    STACK               startup_stm32f429xx.o


==============================================================================

Image component sizes


      Code (inc. data)   RO Data    RW Data    ZI Data      Debug   Object Name

      1014         48          0          0          0       2836   main.o
        36          8        428          0       1024        812   startup_stm32f429xx.o
       144         32          8         24          0       8819   stm32f429i_discovery.o
       142         22          0          4          0       4463   stm32f4xx_hal.o
       206         14          0          0          0      31544   stm32f4xx_hal_cortex.o
       478         52          0          0          0       3181   stm32f4xx_hal_gpio.o
        88          0          0          0          0        530   stm32f4xx_hal_msp.o
      1292         48         16          0          0       4809   stm32f4xx_hal_rcc.o
        14          0          0          0          0     711798   stm32f4xx_it.o
        84         18          0          4          0       1183   system_stm32f4xx.o

    ----------------------------------------------------------------------
      3506        242        484         32       1024     769975   Object Totals
         0          0         32          0          0          0   (incl. Generated)
         8          0          0          0          0          0   (incl. Padding)

    ----------------------------------------------------------------------

      Code (inc. data)   RO Data    RW Data    ZI Data      Debug   Library Member Name

         0          0          0          0          0          0   entry.o
         0          0          0          0          0          0   entry10a.o
         0          0          0          0          0          0   entry11a.o
         8          4          0          0          0          0   entry2.o
         4          0          0          0          0          0   entry5.o
         0          0          0          0          0          0   entry7b.o
         0          0          0          0          0          0   entry8b.o
         8          4          0          0          0          0   entry9a.o
        30          0          0          0          0          0   handlers.o
        36          8          0          0          0         68   init.o

    ----------------------------------------------------------------------
        86         16          0          0          0         68   Library Totals
         0          0          0          0          0          0   (incl. Padding)

    ----------------------------------------------------------------------

      Code (inc. data)   RO Data    RW Data    ZI Data      Debug   Library Name

        86         16          0          0          0         68   mc_w.l

    ----------------------------------------------------------------------
        86         16          0          0          0         68   Library Totals

    ----------------------------------------------------------------------

==============================================================================


      Code (inc. data)   RO Data    RW Data    ZI Data      Debug   

      3592        258        484         32       1024     768047   Grand Totals
      3592        258        484         32       1024     768047   ELF Image Totals
      3592        258        484         32          0          0   ROM Totals

==============================================================================

    Total RO  Size (Code + RO Data)                 4076 (   3.98kB)
    Total RW  Size (RW Data + ZI Data)              1056 (   1.03kB)
    Total ROM Size (Code + RO Data + RW Data)       4108 (   4.01kB)

==============================================================================

